Archive member included to satisfy reference by file (symbol)

/MOS/Development/gg/bin/../lib/gcc-lib/ppc-morphos/9.4.0/../../../libcodesets.a(CodesetsListDelete.o)
                              .obj_mos/Kitty.o (CodesetsListDelete)
/MOS/Development/gg/bin/../lib/gcc-lib/ppc-morphos/9.4.0/../../../libcodesets.a(CodesetsUTF8ToStr.o)
                              .obj_mos/Locale.o (CodesetsUTF8ToStr)
/MOS/Development/gg/bin/../lib/gcc-lib/ppc-morphos/9.4.0/../../../../ppc-morphos/lib/libnix/libc.a(__nocommandline.o)
                              /MOS/Development/gg/bin/../lib/gcc-lib/ppc-morphos/9.4.0/../../../../ppc-morphos/lib/libnix/crt0i.o (__nocommandline)
/MOS/Development/gg/bin/../lib/gcc-lib/ppc-morphos/9.4.0/../../../../ppc-morphos/lib/libnix/libc.a(vfprintf.o)
                              .obj_mos/Debug.o (vfprintf)
/MOS/Development/gg/bin/../lib/gcc-lib/ppc-morphos/9.4.0/../../../../ppc-morphos/lib/libnix/libc.a(vprintf.o)
                              .obj_mos/Debug.o (vprintf)
/MOS/Development/gg/bin/../lib/gcc-lib/ppc-morphos/9.4.0/../../../../ppc-morphos/lib/libnix/libc.a(__stdio.o)
                              .obj_mos/Debug.o (__sF)
/MOS/Development/gg/bin/../lib/gcc-lib/ppc-morphos/9.4.0/../../../../ppc-morphos/lib/libnix/libc.a(fopen.o)
                              .obj_mos/Debug.o (fopen)
/MOS/Development/gg/bin/../lib/gcc-lib/ppc-morphos/9.4.0/../../../../ppc-morphos/lib/libnix/libc.a(calloc.o)
                              .obj_mos/Kitty.o (calloc)
/MOS/Development/gg/bin/../lib/gcc-lib/ppc-morphos/9.4.0/../../../../ppc-morphos/lib/libnix/libc.a(malloc.o)
                              .obj_mos/Debug.o (malloc)
/MOS/Development/gg/bin/../lib/gcc-lib/ppc-morphos/9.4.0/../../../../ppc-morphos/lib/libnix/libc.a(freopen.o)
                              /MOS/Development/gg/bin/../lib/gcc-lib/ppc-morphos/9.4.0/../../../../ppc-morphos/lib/libnix/libc.a(fopen.o) (freopen)
/MOS/Development/gg/bin/../lib/gcc-lib/ppc-morphos/9.4.0/../../../../ppc-morphos/lib/libnix/libc.a(free.o)
                              .obj_mos/Kitty.o (free)
/MOS/Development/gg/bin/../lib/gcc-lib/ppc-morphos/9.4.0/../../../../ppc-morphos/lib/libnix/libc.a(errno.o)
                              /MOS/Development/gg/bin/../lib/gcc-lib/ppc-morphos/9.4.0/../../../../ppc-morphos/lib/libnix/libc.a(fopen.o) (__errno_location)
/MOS/Development/gg/bin/../lib/gcc-lib/ppc-morphos/9.4.0/../../../../ppc-morphos/lib/libnix/libc.a(__fflush.o)
                              /MOS/Development/gg/bin/../lib/gcc-lib/ppc-morphos/9.4.0/../../../../ppc-morphos/lib/libnix/libc.a(freopen.o) (__fflush)
/MOS/Development/gg/bin/../lib/gcc-lib/ppc-morphos/9.4.0/../../../../ppc-morphos/lib/libnix/libc.a(open.o)
                              /MOS/Development/gg/bin/../lib/gcc-lib/ppc-morphos/9.4.0/../../../../ppc-morphos/lib/libnix/libc.a(freopen.o) (open)
/MOS/Development/gg/bin/../lib/gcc-lib/ppc-morphos/9.4.0/../../../../ppc-morphos/lib/libnix/libc.a(__isatty.o)
                              /MOS/Development/gg/bin/../lib/gcc-lib/ppc-morphos/9.4.0/../../../../ppc-morphos/lib/libnix/libc.a(freopen.o) (isatty)
/MOS/Development/gg/bin/../lib/gcc-lib/ppc-morphos/9.4.0/../../../../ppc-morphos/lib/libnix/libc.a(__seterrno.o)
                              /MOS/Development/gg/bin/../lib/gcc-lib/ppc-morphos/9.4.0/../../../../ppc-morphos/lib/libnix/libc.a(freopen.o) (__seterrno)
/MOS/Development/gg/bin/../lib/gcc-lib/ppc-morphos/9.4.0/../../../../ppc-morphos/lib/libnix/libc.a(_ctype_.o)
                              .obj_mos/Utilities.o (_ctype_)
/MOS/Development/gg/bin/../lib/gcc-lib/ppc-morphos/9.4.0/../../../../ppc-morphos/lib/libnix/libc.a(fputc.o)
                              /MOS/Development/gg/bin/../lib/gcc-lib/ppc-morphos/9.4.0/../../../../ppc-morphos/lib/libnix/libc.a(vfprintf.o) (fputc)
/MOS/Development/gg/bin/../lib/gcc-lib/ppc-morphos/9.4.0/../../../../ppc-morphos/lib/libnix/libc.a(__swbuf.o)
                              /MOS/Development/gg/bin/../lib/gcc-lib/ppc-morphos/9.4.0/../../../../ppc-morphos/lib/libnix/libc.a(fputc.o) (__swbuf)
/MOS/Development/gg/bin/../lib/gcc-lib/ppc-morphos/9.4.0/../../../../ppc-morphos/lib/libnix/libc.a(realloc.o)
                              .obj_mos/extrasrc/getdelim.o (realloc)
/MOS/Development/gg/bin/../lib/gcc-lib/ppc-morphos/9.4.0/../../../../ppc-morphos/lib/libnix/libc.a(__signalfunc.o)
                              /MOS/Development/gg/bin/../lib/gcc-lib/ppc-morphos/9.4.0/../../../../ppc-morphos/lib/libnix/crt0i.o (__signalmask)
/MOS/Development/gg/bin/../lib/gcc-lib/ppc-morphos/9.4.0/../../../../ppc-morphos/lib/libnix/libc.a(__srget.o)
                              .obj_mos/extrasrc/getdelim.o (__srget)
/MOS/Development/gg/bin/../lib/gcc-lib/ppc-morphos/9.4.0/../../../../ppc-morphos/lib/libnix/libc.a(memset.o)
                              .obj_mos/Kitty.o (memset)
/MOS/Development/gg/bin/../lib/gcc-lib/ppc-morphos/9.4.0/../../../../ppc-morphos/lib/libnix/libc.a(fread.o)
[...]
Memory Configuration

Name             Origin             Length             Attributes
*default*        0x00000000         0xffffffff

Linker script and memory map

                0x00000001                __abox__ = 0x1
LOAD /MOS/Development/gg/bin/../lib/gcc-lib/ppc-morphos/9.4.0/../../../../ppc-morphos/lib/libnix/crt0i.o
LOAD /MOS/Development/gg/bin/../lib/gcc-lib/ppc-morphos/9.4.0/libnix/ecrti.o
LOAD /MOS/Development/gg/bin/../lib/gcc-lib/ppc-morphos/9.4.0/libnix/crtbegin.o
LOAD .obj_mos/Global.o
LOAD .obj_mos/Kitty.o
LOAD .obj_mos/Locale.o
LOAD .obj_mos/Debug.o
LOAD .obj_mos/MUIObjects.o
LOAD .obj_mos/Utilities.o
LOAD .obj_mos/Timer.o
LOAD .obj_mos/MethodStack.o
LOAD .obj_mos/Threads.o
LOAD .obj_mos/Busy.o
LOAD .obj_mos/HashTable.o
LOAD .obj_mos/ImageCache.o
LOAD .obj_mos/FileInfo.o
LOAD .obj_mos/Requesters.o
LOAD .obj_mos/Themes.o
LOAD .obj_mos/ServerList.o
LOAD .obj_mos/ServerMet.o
LOAD .obj_mos/mui/Classes.o
LOAD .obj_mos/mui/SplashWindow.o
LOAD .obj_mos/mui/KittyApplication.o
LOAD .obj_mos/mui/ImageArea.o
LOAD .obj_mos/mui/Toolbar.o
LOAD .obj_mos/mui/DashBoardWindow.o
LOAD .obj_mos/mui/AboutWindow.o
LOAD .obj_mos/mui/ShutdownWindow.o
LOAD .obj_mos/mui/ServerListtree.o
LOAD .obj_mos/mui/GenericRequestWindow.o
LOAD .obj_mos/mui/Server.o
LOAD .obj_mos/extrasrc/AllocSysObject.o
LOAD .obj_mos/extrasrc/ExamineDir.o
LOAD .obj_mos/extrasrc/GetHead.o
LOAD .obj_mos/extrasrc/GetPred.o
LOAD .obj_mos/extrasrc/GetSucc.o
LOAD .obj_mos/extrasrc/GetTail.o
LOAD .obj_mos/extrasrc/ItemPoolAlloc.o
LOAD .obj_mos/extrasrc/ItemPoolFree.o
LOAD .obj_mos/extrasrc/MoveList.o
LOAD .obj_mos/extrasrc/NewReadArgs.o
LOAD .obj_mos/extrasrc/SetProcWindow.o
LOAD .obj_mos/extrasrc/asprintf.o
LOAD .obj_mos/extrasrc/getdelim.o
LOAD .obj_mos/extrasrc/memdup.o
LOAD .obj_mos/extrasrc/vasprintf.o
LOAD /MOS/Development/gg/bin/../lib/gcc-lib/ppc-morphos/9.4.0/../../../../ppc-morphos/lib/libm.a
LOAD /MOS/Development/gg/bin/../lib/gcc-lib/ppc-morphos/9.4.0/../../../libcodesets.a
LOAD /MOS/Development/gg/bin/../lib/gcc-lib/ppc-morphos/9.4.0/libnix/libgcc.a
START GROUP
LOAD /MOS/Development/gg/bin/../lib/gcc-lib/ppc-morphos/9.4.0/../../../../ppc-morphos/lib/libnix/libc.a
LOAD /MOS/Development/gg/bin/../lib/gcc-lib/ppc-morphos/9.4.0/../../../../ppc-morphos/lib/libabox.a
LOAD /MOS/Development/gg/bin/../lib/gcc-lib/ppc-morphos/9.4.0/../../../../ppc-morphos/lib/libaboxstubs.a
LOAD /MOS/Development/gg/bin/../lib/gcc-lib/ppc-morphos/9.4.0/../../../../ppc-morphos/lib/libsavl.a
LOAD /MOS/Development/gg/bin/../lib/gcc-lib/ppc-morphos/9.4.0/libnix/libatomic.a
LOAD /MOS/Development/gg/bin/../lib/gcc-lib/ppc-morphos/9.4.0/../../../../ppc-morphos/lib/libnix/libauto.a
END GROUP
LOAD /MOS/Development/gg/bin/../lib/gcc-lib/ppc-morphos/9.4.0/libnix/libgcc.a
LOAD /MOS/Development/gg/bin/../lib/gcc-lib/ppc-morphos/9.4.0/libnix/crtend.o
LOAD /MOS/Development/gg/bin/../lib/gcc-lib/ppc-morphos/9.4.0/libnix/ecrtn.o
                [!provide]                PROVIDE (__stack = 0x0)
                [!provide]                PROVIDE (__machtype = 0x1)
                [!provide]                PROVIDE (__executable_start = SEGMENT_START ("text-segment", 0x0))
                0x00000034                . = (SEGMENT_START ("text-segment", 0x0) + SIZEOF_HEADERS)

.interp
 *(.interp)

.note.gnu.build-id
 *(.note.gnu.build-id)

.hash
 *(.hash)

.gnu.hash
 *(.gnu.hash)

.dynsym
 *(.dynsym)

.dynstr
 *(.dynstr)

.gnu.version
 *(.gnu.version)

.gnu.version_d
 *(.gnu.version_d)

.gnu.version_r
 *(.gnu.version_r)

.rel.text
 *(.rel.text .rel.text.* .rel.gnu.linkonce.t.*)

.rela.text      0x00000074        0x0
 *(.rela.text .rela.text.* .rela.gnu.linkonce.t.*)
 .rela.text     0x00000074        0x0 /MOS/Development/gg/bin/../lib/gcc-lib/ppc-morphos/9.4.0/../../../../ppc-morphos/lib/libnix/crt0i.o
 .rela.text.startup
                0x00000074        0x0 /MOS/Development/gg/bin/../lib/gcc-lib/ppc-morphos/9.4.0/../../../../ppc-morphos/lib/libnix/crt0i.o

.rel.init
 *(.rel.init)

.rela.init
 *(.rela.init)

.rel.fini
 *(.rel.fini)

.rela.fini
 *(.rela.fini)

.rel.rodata
 *(.rel.rodata .rel.rodata.* .rel.gnu.linkonce.r.*)

.rela.rodata
 *(.rela.rodata .rela.rodata.* .rela.gnu.linkonce.r.*)

.rel.data.rel.ro
 *(.rel.data.rel.ro .rel.data.rel.ro.* .rel.gnu.linkonce.d.rel.ro.*)

.rela.data.rel.ro
 *(.rela.data.rel.ro .rela.data.rel.ro.* .rela.gnu.linkonce.d.rel.ro.*)

.rel.data
 *(.rel.data .rel.data.* .rel.gnu.linkonce.d.*)

.rela.data
 *(.rela.data .rela.data.* .rela.gnu.linkonce.d.*)

.rel.tdata
 *(.rel.tdata .rel.tdata.* .rel.gnu.linkonce.td.*)

.rela.tdata
 *(.rela.tdata .rela.tdata.* .rela.gnu.linkonce.td.*)

.rel.tbss
 *(.rel.tbss .rel.tbss.* .rel.gnu.linkonce.tb.*)

.rela.tbss
 *(.rela.tbss .rela.tbss.* .rela.gnu.linkonce.tb.*)

.rel.ctors
 *(.rel.ctors)

.rela.ctors
 *(.rela.ctors)

.rel.dtors
 *(.rel.dtors)

.rela.dtors
 *(.rela.dtors)

.rel.got
 *(.rel.got)

.rela.got
 *(.rela.got)

.rel.sdata
 *(.rel.sdata .rel.sdata.* .rel.gnu.linkonce.s.*)

.rela.sdata
 *(.rela.sdata .rela.sdata.* .rela.gnu.linkonce.s.*)

.rel.sbss
 *(.rel.sbss .rel.sbss.* .rel.gnu.linkonce.sb.*)

.rela.sbss
 *(.rela.sbss .rela.sbss.* .rela.gnu.linkonce.sb.*)

.rel.sdata2
 *(.rel.sdata2 .rel.sdata2.* .rel.gnu.linkonce.s2.*)

.rela.sdata2
 *(.rela.sdata2 .rela.sdata2.* .rela.gnu.linkonce.s2.*)

.rel.sbss2
 *(.rel.sbss2 .rel.sbss2.* .rel.gnu.linkonce.sb2.*)

.rela.sbss2
 *(.rela.sbss2 .rela.sbss2.* .rela.gnu.linkonce.sb2.*)

.rel.bss
 *(.rel.bss .rel.bss.* .rel.gnu.linkonce.b.*)

.rela.bss
 *(.rela.bss .rela.bss.* .rela.gnu.linkonce.b.*)

.rel.iplt       0x00000074        0x0
                [!provide]                PROVIDE (__rel_iplt_start = .)
 *(.rel.iplt)
                [!provide]                PROVIDE (__rel_iplt_end = .)

.rela.iplt      0x00000074        0x0
                [!provide]                PROVIDE (__rela_iplt_start = .)
 *(.rela.iplt)
 .rela.iplt     0x00000074        0x0 /MOS/Development/gg/bin/../lib/gcc-lib/ppc-morphos/9.4.0/../../../../ppc-morphos/lib/libnix/crt0i.o
                [!provide]                PROVIDE (__rela_iplt_end = .)

.rel.plt
 *(.rel.plt)

.rela.plt
 *(.rela.plt)

.plt
 *(.plt)

.iplt           0x00000080        0x0
 *(.iplt)
 .iplt          0x00000080        0x0 /MOS/Development/gg/bin/../lib/gcc-lib/ppc-morphos/9.4.0/../../../../ppc-morphos/lib/libnix/crt0i.o

.text           0x00000000    0x38aa0
                [!provide]                PROVIDE (__text_start = .)
 *(.text)
 .text          0x00000000      0x7a0 /MOS/Development/gg/bin/../lib/gcc-lib/ppc-morphos/9.4.0/../../../../ppc-morphos/lib/libnix/crt0i.o
                0x00000000                __start
                0x00000600                exit
 .text          0x000007a0        0x0 /MOS/Development/gg/bin/../lib/gcc-lib/ppc-morphos/9.4.0/libnix/ecrti.o
 .text          0x000007a0       0xd8 /MOS/Development/gg/bin/../lib/gcc-lib/ppc-morphos/9.4.0/libnix/crtbegin.o
 .text          0x00000878        0x0 .obj_mos/Global.o
 .text          0x00000878     0x3184 .obj_mos/Kitty.o
                0x0000348c                PopUp
                0x0000352c                StayInProg
                0x00003648                MiniMainLoop
                0x00003844                MicroMainLoop
 .text          0x000039fc      0x710 .obj_mos/Locale.o
                0x000039fc                InitCatalogue
                0x00003a94                GetStr
                0x00003b08                OpenCatalogue
                0x00003fc4                CloseCatalogue
 .text          0x0000410c     0x53d0 .obj_mos/Debug.o
                0x00004bec                _ENTER
                0x00005264                _LEAVE
                0x000058dc                SetupDebug
                0x00006090                _RETURN
                0x00006724                _CHECKINDENT
                0x00006a04                _SHOWVALUE
                0x00006f24                _SHOWPOINTER
                0x000073d0                _SHOWSTRING
                0x0000781c                _SHOWMSG
                0x00007c4c                _SHOWTAGS
                0x0000825c                _DPRINTF
                0x0000889c                CleanupDebug
                0x00008acc                _STARTCLOCK
                0x00008c74                _STOPCLOCK
                0x00008e90                _MEMTRACK
                0x00009080                _UNMEMTRACK
                0x00009248                _FLUSH
                0x00009344                DumpDbgMalloc
 .text          0x000094dc     0x10fc .obj_mos/MUIObjects.o
                0x000098bc                MakeCycle
                0x000099f0                MakeButton
                0x00009a58                MakeAddressField
                0x00009aec                MakeNumeric
                0x00009b7c                MakeCloseButton
                0x00009d44                ShortCut
                0x00009e64                MakeCheck
                0x00009f10                MakeString
                0x00009fac                MakePassString
                0x0000a048                MakeInteger
                0x0000a10c                MakeCheckGroup
                0x0000a24c                GetMUIString
                0x0000a380                GetMUIText
                0x0000a4b4                CreateScreenTitle
 .text          0x0000a5d8     0x4e0c .obj_mos/Utilities.o
                0x0000a874                TrimStart
                0x0000a93c                TrimEnd
                0x0000aa38                Trim
                0x0000abf0                AddPath
                0x0000ad20                GetDateStamp
                0x0000ae18                DateStampUTC
                0x0000af50                GetSysTimeUTC
                0x0000b034                TimeValTZConvert
                0x0000b0b0                DateStampTZConvert
                0x0000b1a8                TimeVal2DateStamp
                0x0000b38c                DateStamp2TimeVal
                0x0000b4e8                DateStamp2String
                0x0000ba78                TimeVal2String
                0x0000bc34                DateStamp2RFCString
                0x0000bfd0                DateStamp2Long
                0x0000c2d4                String2DateStamp
                0x0000c744                String2TimeVal
                0x0000c8e4                TZtoMinutes
                0x0000cb38                FormatSize
                0x0000cea0                SafeOpenWindow
                0x0000d1e0                DisposeModule
                0x0000d25c                MyBltMaskBitMapRastPort
                0x0000d5b0                GetRealPath
                0x0000d708                LaunchCommand
                0x0000da04                GotoURLPossible
                0x0000db14                GotoURL
                0x0000dbd0                strippedCharsetName
                0x0000dd6c                GetPubScreenName
                0x0000dee8                TimeHasElapsed
                0x0000e018                AllocReqText
                0x0000e148                ToLowerCase
                0x0000e254                WriteUInt32
                0x0000e298                ReadUInt32
                0x0000e2c4                DuplicateNode
                0x0000e3dc                CountNodes
                0x0000e494                CompareLists
                0x0000e5c8                SortExecList
                0x0000e838                GetNthNode
                0x0000e92c                SplitString
                0x0000ebb0                FreeStrArray
                0x0000ec90                BirthdayToString
                0x0000ed94                StringToBirthday
                0x0000ee1c                IsUTF8String
                0x0000f1bc                FileToBuffer
 .text          0x0000f3e4     0x15c4 .obj_mos/Timer.o
                0x0000f578                PrepareTimer
                0x0000f6c4                StartTimer
                0x0000f920                StopTimer
                0x0000fab0                PauseTimer
                0x0000fd48                ResumeTimer
                0x0000ff2c                RestartTimer
                0x00010050                CreateTRequest
                0x000101e0                DeleteTRequest
                0x000102a0                InitTimers
                0x00010448                CleanupTimers
                0x0001070c                ProcessTimerEvent
 .text          0x000109a8      0x7d8 .obj_mos/MethodStack.o
                0x000109a8                InitMethodStack
                0x00010a84                CleanupMethodStack
                0x00010bc4                PushMethodOnStackA
                0x00010d48                CheckMethodStack
                0x00010f14                PushMethodOnStackWaitA
 .text          0x00011180     0x3028 .obj_mos/Threads.o
                0x00011b04                AbortThread
                0x00011cf4                WakeupThread
                0x00011e30                AbortWorkingThreads
                0x00011ee0                CleanupThreads
                0x00011fa0                HandleThreads
                0x00012740                InitThreads
                0x00012890                PurgeIdleThreads
                0x000129d4                DoActionA
                0x00012f20                IsMainThread
                0x00012ff0                CurrentThread
                0x0001314c                SleepThread
                0x00013538                CurrentThreadName
                0x00013690                ThreadAbortSignal
                0x00013768                ThreadWakeupSignal
                0x0001383c                ThreadTimerSignal
                0x000139b0                ThreadWasAborted
                0x00013ac8                ThreadName
                0x00013bf4                InitThreadTimer
                0x00013e34                StartThreadTimer
                0x00013f3c                StopThreadTimer
                0x00014090                CleanupThreadTimer
 .text          0x000141a8      0x844 .obj_mos/Busy.o
                0x000141a8                BusyBegin
                0x00014364                BusyText
                0x000144d8                BusyProgress
                0x000146ec                BusyEnd
                0x000148c0                BusyCleanup
 .text          0x000149ec     0x1b50 .obj_mos/HashTable.o
                0x000149ec                DefaultHashAllocTable
                0x00014ab4                DefaultHashGetKey
                0x00014b4c                DefaultHashHashKey
                0x00014be0                DefaultHashMatchEntry
                0x00015020                StringHashDestroyEntry
                0x00015070                DefaultHashFreeTable
                0x00015110                DefaultHashFinalize
                0x0001518c                DefaultHashMoveEntry
                0x0001523c                DefaultHashClearEntry
                0x00015264                StringHashClearEntry
                0x000152d0                StringHashHashKey
                0x000153c4                StringHashMatchEntry
                0x00015710                HashTableInit
                0x000158b8                HashTableNew
                0x000159f4                HashTableSetAlphaBounds
                0x00015be4                HashTableCleanup
                0x00015d1c                HashTableDestroy
                0x00015dcc                HashTableOperate
                0x000160b8                HashTableRawRemove
                0x00016174                HashTableGetDefaultOps
                0x00016208                HashTableGetDefaultStringOps
                0x0001629c                HashTableEnumerate
 .text          0x0001653c     0x1818 .obj_mos/ImageCache.o
                0x00016988                ImageCacheSetup
                0x00016aac                ImageCacheCleanup
                0x00016b60                ObtainImage
                0x000175f0                ReleaseImage
                0x0001792c                IsImageInCache
                0x00017a4c                DumpImageCache
                0x00017b08                ToolbarCacheInit
                0x00017b90                ToolbarCacheCleanup
                0x00017c0c                ObtainToolbarImages
                0x00017ccc                IsToolbarInCache
 .text          0x00017d54      0x538 .obj_mos/FileInfo.o
                0x00017d54                ObtainFileInfo
                0x000180d4                FileExists
 .text          0x0001828c      0x5f0 .obj_mos/Requesters.o
                0x0001828c                KITTYMUIRequestA
                0x000186d8                KITTYMUIRequest
 .text          0x0001887c     0x1518 .obj_mos/Themes.o
                0x0001887c                AllocTheme
                0x00018a14                ParseThemeFile
                0x000190f8                FreeTheme
                0x000192ac                LoadTheme
                0x00019cd8                UnloadTheme
 .text          0x00019d94     0x16f8 .obj_mos/ServerList.o
                0x00019d94                LoadTree
                0x0001a0a0                InitServerList
                0x0001a138                CreateServerList
                0x0001a2a0                AddNewServerNode
                0x0001a3f0                AddServerNode
                0x0001a4c4                RemoveServerNode
                0x0001a584                RemoveServer
                0x0001a708                DeleteServerNode
                0x0001a7ac                MoveServerNode
                0x0001a8c0                TakeServerNode
                0x0001a9a4                AllocServer
                0x0001aa60                InitServer
                0x0001aaf8                FreeServer
                0x0001ab98                ClearServer
                0x0001ac6c                MoveServerContents
                0x0001ace8                LockServerList
                0x0001ae18                LockServerListShared
                0x0001af48                UnlockServerList
                0x0001b038                DeleteServerList
                0x0001b178                IsUniqueServerID
                0x0001b274                FindServerByID
                0x0001b380                FindServerNode
 .text          0x0001b48c     0x1948 .obj_mos/ServerMet.o
                0x0001b48c                AllocServerMet
                0x0001b574                ParseServerMetFile
                0x0001c174                FreeServerMet
                0x0001c21c                LoadServerMet
                0x0001c404                ParseEDKTags
 .text          0x0001cdd4     0x1088 .obj_mos/mui/Classes.o
                0x0001d714                Kitty_NewObject
                0x0001da9c                Kitty_CleanupClasses
                0x0001dbe0                Kitty_SetupClasses
 .text          0x0001de5c      0xbcc .obj_mos/mui/SplashWindow.o
                0x0001de5c                SplashWindowGetSize
                0x0001de7c                m_SplashWindow_OM_NEW
                0x0001e440                m_SplashWindow_OM_DISPOSE
                0x0001e510                m_SplashWindow_StatusChange
                0x0001e60c                m_SplashWindow_ProgressChange
                0x0001e9a0                m_SplashWindow_SelectUser
 .text          0x0001ea28      0xdc4 .obj_mos/mui/KittyApplication.o
                0x0001ea28                KittyApplicationGetSize
                0x0001ea48                m_KittyApplication_OM_NEW
                0x0001ed5c                m_KittyApplication_OM_DISPOSE
                0x0001edb4                m_KittyApplication_OM_GET
                0x0001ee48                m_KittyApplication_OM_SET
                0x0001f098                m_KittyApplication_MUIM_Application_PushMethod
                0x0001f1a8                m_KittyApplication_BusyBegin
                0x0001f1cc                m_KittyApplication_BusyText
                0x0001f274                m_KittyApplication_BusyProgress
                0x0001f2a4                m_KittyApplication_BusyEnd
                0x0001f344                m_KittyApplication_DisposeWindow
                0x0001f440                m_KittyApplication_GotoURL
                0x0001f4c8                m_KittyApplication_PopUp
                0x0001f550                m_KittyApplication_OpenAboutWindow
                0x0001f674                m_KittyApplication_CloseAboutWindow
                0x0001f734                m_KittyApplication_MUIRequestA
 .text          0x0001f7ec     0x26f8 .obj_mos/mui/ImageArea.o
                0x00020110                ImageAreaGetSize
                0x00020130                m_ImageArea_OM_NEW
                0x000204c4                m_ImageArea_OM_DISPOSE
                0x00020620                m_ImageArea_OM_GET
                0x00020840                m_ImageArea_OM_SET
                0x00020cc0                m_ImageArea_MUIM_Setup
                0x00020de0                m_ImageArea_MUIM_Cleanup
                0x00021034                m_ImageArea_MUIM_AskMinMax
                0x00021414                m_ImageArea_MUIM_Draw
 .text          0x00021ee4      0x248 .obj_mos/mui/Toolbar.o
                0x00021ee4                m_Toolbar_OM_NEW
 .text          0x0002212c      0xc54 .obj_mos/mui/DashBoardWindow.o
                0x0002212c                DashBoardWindowGetSize
                0x0002214c                m_DashBoardWindow_OM_NEW
                0x00022b88                m_DashBoardWindow_OM_GET
                0x00022c68                m_DashBoardWindow_ChangePage
 .text          0x00022d80      0xac4 .obj_mos/mui/AboutWindow.o
                0x00022d80                AboutWindowGetSize
                0x00022da0                m_AboutWindow_OM_NEW
                0x00023760                m_AboutWindow_OM_DISPOSE
 .text          0x00023844      0x374 .obj_mos/mui/ShutdownWindow.o
                0x00023844                m_ShutdownWindow_OM_NEW
 .text          0x00023bb8      0xbfc .obj_mos/mui/ServerListtree.o
                0x00023bb8                ServerListtreeGetSize
                0x00023bd8                m_ServerListtree_OM_NEW
                0x00023df0                m_ServerListtree_OM_DISPOSE
                0x00023f2c                m_ServerListtree_OM_GET
                0x00023fbc                m_ServerListtree_MUIM_CheckShortHelp
                0x000240a0                m_ServerListtree_MUIM_CreateShortHelp
                0x00024224                m_ServerListtree_MUIM_DeleteShortHelp
                0x000242d0                m_ServerListtree_MUIM_NListtree_Display
                0x00024624                m_ServerListtree_MakeFormat
 .text          0x000247b4     0x123c .obj_mos/mui/GenericRequestWindow.o
                0x000247b4                GenericRequestWindowGetSize
                0x000247d4                m_GenericRequestWindow_OM_NEW
                0x00025760                m_GenericRequestWindow_OM_DISPOSE
                0x00025890                m_GenericRequestWindow_OM_GET
                0x00025920                m_GenericRequestWindow_FinishInput
 .text          0x000259f0      0xc9c .obj_mos/mui/Server.o
                0x000259f0                ServerGetSize
                0x00025a10                m_Server_OM_NEW
 .text          0x0002668c     0x15e8 .obj_mos/extrasrc/AllocSysObject.o
                0x0002668c                AllocSysObject
                0x00027964                FreeSysObject
 .text          0x00027c74      0x720 .obj_mos/extrasrc/ExamineDir.o
                0x00027c74                ReleaseDirContext
                0x00027e28                ObtainDirContext
                0x000280e4                ExamineDir
 .text          0x00028394       0x48 .obj_mos/extrasrc/GetHead.o
                0x00028394                GetHead
 .text          0x000283dc       0x54 .obj_mos/extrasrc/GetPred.o
                0x000283dc                GetPred
 .text          0x00028430       0x54 .obj_mos/extrasrc/GetSucc.o
                0x00028430                GetSucc
 .text          0x00028484       0x4c .obj_mos/extrasrc/GetTail.o
                0x00028484                GetTail
 .text          0x000284d0       0x48 .obj_mos/extrasrc/ItemPoolAlloc.o
                0x000284d0                ItemPoolAlloc
 .text          0x00028518       0x6c .obj_mos/extrasrc/ItemPoolFree.o
                0x00028518                ItemPoolFree
 .text          0x00028584       0x68 .obj_mos/extrasrc/MoveList.o
                0x00028584                MoveList
 .text          0x000285ec     0x12b8 .obj_mos/extrasrc/NewReadArgs.o
                0x000285ec                NewFreeArgs
                0x00028900                NewReadArgs
 .text          0x000298a4       0xbc .obj_mos/extrasrc/SetProcWindow.o
                0x000298a4                SetProcWindow
 .text          0x00029960       0x94 .obj_mos/extrasrc/asprintf.o
                0x00029960                asprintf
 .text          0x000299f4      0x2d4 .obj_mos/extrasrc/getdelim.o
                0x000299f4                getdelim
 .text          0x00029cc8       0x84 .obj_mos/extrasrc/memdup.o
                0x00029cc8                memdup
 .text          0x00029d4c       0xe0 .obj_mos/extrasrc/vasprintf.o
                0x00029d4c                vasprintf
 .text          0x00029e2c       0x6c /MOS/Development/gg/bin/../lib/gcc-lib/ppc-morphos/9.4.0/../../../libcodesets.a(CodesetsListDelete.o)
                0x00029e2c                CodesetsListDelete
 .text          0x00029e98       0x6c /MOS/Development/gg/bin/../lib/gcc-lib/ppc-morphos/9.4.0/../../../libcodesets.a(CodesetsUTF8ToStr.o)
                0x00029e98                CodesetsUTF8ToStr
 .text          0x00029f04      0x510 /MOS/Development/gg/bin/../lib/gcc-lib/ppc-morphos/9.4.0/../../../../ppc-morphos/lib/libnix/libc.a(__nocommandline.o)
                0x00029f04                __nocommandline
                0x0002a3a8                __DSTP___exitcommandline
 .text          0x0002a414       0x6c /MOS/Development/gg/bin/../lib/gcc-lib/ppc-morphos/9.4.0/../../../../ppc-morphos/lib/libnix/libc.a(vfprintf.o)
                0x0002a444                vfprintf
 .text          0x0002a480       0x34 /MOS/Development/gg/bin/../lib/gcc-lib/ppc-morphos/9.4.0/../../../../ppc-morphos/lib/libnix/libc.a(vprintf.o)
                0x0002a480                vprintf
 .text          0x0002a4b4       0x90 /MOS/Development/gg/bin/../lib/gcc-lib/ppc-morphos/9.4.0/../../../../ppc-morphos/lib/libnix/libc.a(__stdio.o)
                0x0002a4b4                __CSTP___initstdfio
 .text          0x0002a544      0x294 /MOS/Development/gg/bin/../lib/gcc-lib/ppc-morphos/9.4.0/../../../../ppc-morphos/lib/libnix/libc.a(fopen.o)
                0x0002a544                fopen
                0x0002a67c                fclose
                0x0002a764                __DSTP___exitstdfio
 .text          0x0002a7d8       0x58 /MOS/Development/gg/bin/../lib/gcc-lib/ppc-morphos/9.4.0/../../../../ppc-morphos/lib/libnix/libc.a(calloc.o)
                0x0002a7d8                calloc
 .text          0x0002a830      0x1d0 /MOS/Development/gg/bin/../lib/gcc-lib/ppc-morphos/9.4.0/../../../../ppc-morphos/lib/libnix/libc.a(malloc.o)
                0x0002a830                libnix_outofmem
                0x0002a838                malloc
                0x0002a92c                __DSTP___exitmalloc
 .text          0x0002aa00      0x2cc /MOS/Development/gg/bin/../lib/gcc-lib/ppc-morphos/9.4.0/../../../../ppc-morphos/lib/libnix/libc.a(freopen.o)
                0x0002aa00                freopen
 .text          0x0002accc       0x70 /MOS/Development/gg/bin/../lib/gcc-lib/ppc-morphos/9.4.0/../../../../ppc-morphos/lib/libnix/libc.a(free.o)
                0x0002accc                free
 .text          0x0002ad3c      0x38c /MOS/Development/gg/bin/../lib/gcc-lib/ppc-morphos/9.4.0/../../../../ppc-morphos/lib/libnix/libc.a(errno.o)
                0x0002af94                __CSTP___tls_libnix
                0x0002afc8                __DSTP___tls_libnix
                0x0002b084                __errno_location
                0x0002b0a4                __OSERR_location
 .text          0x0002b0c8       0xc8 /MOS/Development/gg/bin/../lib/gcc-lib/ppc-morphos/9.4.0/../../../../ppc-morphos/lib/libnix/libc.a(__fflush.o)
                0x0002b0c8                __fflush
 .text          0x0002b190     0x1894 /MOS/Development/gg/bin/../lib/gcc-lib/ppc-morphos/9.4.0/../../../../ppc-morphos/lib/libnix/libc.a(open.o)
                0x0002b190                __get_handle
                0x0002b24c                __set_handle
                0x0002b318                __get_fd_position
                0x0002b3e8                __set_fd_position
                0x0002b4d8                __modify_fd_position
                0x0002b7fc                __CSTP___initstdio
                0x0002bb40                __DSTP___exitstdio
                0x0002be5c                __open
                0x0002be5c                open
                0x0002c174                __dup
                0x0002c174                dup
                0x0002c324                __dup2
                0x0002c324                dup2
                0x0002c500                fcntl
                0x0002c900                __close
                0x0002c900                close
 .text          0x0002ca24       0x50 /MOS/Development/gg/bin/../lib/gcc-lib/ppc-morphos/9.4.0/../../../../ppc-morphos/lib/libnix/libc.a(__isatty.o)
                0x0002ca24                isatty
 .text          0x0002ca74       0xac /MOS/Development/gg/bin/../lib/gcc-lib/ppc-morphos/9.4.0/../../../../ppc-morphos/lib/libnix/libc.a(__seterrno.o)
                0x0002ca74                __seterrno
 .text          0x0002cb20        0x0 /MOS/Development/gg/bin/../lib/gcc-lib/ppc-morphos/9.4.0/../../../../ppc-morphos/lib/libnix/libc.a(_ctype_.o)
 .text          0x0002cb20       0x6c /MOS/Development/gg/bin/../lib/gcc-lib/ppc-morphos/9.4.0/../../../../ppc-morphos/lib/libnix/libc.a(fputc.o)
                0x0002cb20                putc
                0x0002cb20                fputc
 .text          0x0002cb8c      0x1c8 /MOS/Development/gg/bin/../lib/gcc-lib/ppc-morphos/9.4.0/../../../../ppc-morphos/lib/libnix/libc.a(__swbuf.o)
                0x0002cb8c                __swbuf
 .text          0x0002cd54       0xe4 /MOS/Development/gg/bin/../lib/gcc-lib/ppc-morphos/9.4.0/../../../../ppc-morphos/lib/libnix/libc.a(realloc.o)
                0x0002cd54                realloc
 .text          0x0002ce38        0x0 /MOS/Development/gg/bin/../lib/gcc-lib/ppc-morphos/9.4.0/../../../../ppc-morphos/lib/libnix/libc.a(__signalfunc.o)
 .text          0x0002ce38      0x1dc /MOS/Development/gg/bin/../lib/gcc-lib/ppc-morphos/9.4.0/../../../../ppc-morphos/lib/libnix/libc.a(__srget.o)
                0x0002ce38                __srget
 .text          0x0002d014       0xcc /MOS/Development/gg/bin/../lib/gcc-lib/ppc-morphos/9.4.0/../../../../ppc-morphos/lib/libnix/libc.a(memset.o)
                0x0002d014                memset
 .text          0x0002d0e0      0x170 /MOS/Development/gg/bin/../lib/gcc-lib/ppc-morphos/9.4.0/../../../../ppc-morphos/lib/libnix/libc.a(fread.o)
                0x0002d0e0                fread
 .text          0x0002d250      0x148 /MOS/Development/gg/bin/../lib/gcc-lib/ppc-morphos/9.4.0/../../../../ppc-morphos/lib/libnix/libc.a(fwrite.o)
                0x0002d250                fwrite
 .text          0x0002d398       0x50 /MOS/Development/gg/bin/../lib/gcc-lib/ppc-morphos/9.4.0/../../../../ppc-morphos/lib/libnix/libc.a(abort.o)
                0x0002d398                abort
 .text          0x0002d3e8      0x284 /MOS/Development/gg/bin/../lib/gcc-lib/ppc-morphos/9.4.0/../../../../ppc-morphos/lib/libnix/libc.a(atexit.o)
                0x0002d3e8                atexit
                0x0002d4a8                at_quick_exit
                0x0002d568                quick_exit
                0x0002d5b8                _Exit
                0x0002d5b8                _exit
                0x0002d600                __DSTP___exitatexit
 .text          0x0002d66c       0x2c /MOS/Development/gg/bin/../lib/gcc-lib/ppc-morphos/9.4.0/../../../../ppc-morphos/lib/libnix/libc.a(atoi.o)
                0x0002d66c                atoi
 .text          0x0002d698      0x20c /MOS/Development/gg/bin/../lib/gcc-lib/ppc-morphos/9.4.0/../../../../ppc-morphos/lib/libnix/libc.a(qsort.o)
                0x0002d698                qsort
 .text          0x0002d8a4       0x74 /MOS/Development/gg/bin/../lib/gcc-lib/ppc-morphos/9.4.0/../../../../ppc-morphos/lib/libnix/libc.a(rand.o)
                0x0002d8a4                rand_r
                0x0002d8e4                rand
                0x0002d90c                srand
 .text          0x0002d918       0xf4 /MOS/Development/gg/bin/../lib/gcc-lib/ppc-morphos/9.4.0/../../../../ppc-morphos/lib/libnix/libc.a(strtol_impl.o)
                0x0002d918                __strtol_impl
 .text          0x0002da0c      0x2fc /MOS/Development/gg/bin/../lib/gcc-lib/ppc-morphos/9.4.0/../../../../ppc-morphos/lib/libnix/libc.a(strtoul_impl.o)
                0x0002da0c                __strtoul_impl
 .text          0x0002dd08       0x28 /MOS/Development/gg/bin/../lib/gcc-lib/ppc-morphos/9.4.0/../../../../ppc-morphos/lib/libnix/libc.a(ldiv.o)
                0x0002dd08                ldiv
 .text          0x0002dd30       0xd0 /MOS/Development/gg/bin/../lib/gcc-lib/ppc-morphos/9.4.0/../../../../ppc-morphos/lib/libnix/libc.a(fflush.o)
                0x0002dd30                fflush
 .text          0x0002de00       0x84 /MOS/Development/gg/bin/../lib/gcc-lib/ppc-morphos/9.4.0/../../../../ppc-morphos/lib/libnix/libc.a(fputs.o)
                0x0002de00                fputs
 .text          0x0002de84       0x48 /MOS/Development/gg/bin/../lib/gcc-lib/ppc-morphos/9.4.0/../../../../ppc-morphos/lib/libnix/libc.a(memmove.o)
                0x0002de84                memmove
 .text          0x0002decc      0x1f0 /MOS/Development/gg/bin/../lib/gcc-lib/ppc-morphos/9.4.0/../../../../ppc-morphos/lib/libnix/libc.a(bcopy.o)
                0x0002decc                bcopy
 .text          0x0002e0bc       0x88 /MOS/Development/gg/bin/../lib/gcc-lib/ppc-morphos/9.4.0/../../../../ppc-morphos/lib/libnix/libc.a(puts.o)
                0x0002e0bc                puts
 .text          0x0002e144      0x1e4 /MOS/Development/gg/bin/../lib/gcc-lib/ppc-morphos/9.4.0/../../../../ppc-morphos/lib/libnix/libc.a(setvbuf.o)
                0x0002e144                setvbuf
 .text          0x0002e328       0x94 /MOS/Development/gg/bin/../lib/gcc-lib/ppc-morphos/9.4.0/../../../../ppc-morphos/lib/libnix/libc.a(sprintf.o)
                0x0002e328                sprintf
 .text          0x0002e3bc       0x24 /MOS/Development/gg/bin/../lib/gcc-lib/ppc-morphos/9.4.0/../../../../ppc-morphos/lib/libnix/libc.a(strchr.o)
                0x0002e3bc                index
                0x0002e3bc                stpchr
                0x0002e3bc                strchr
 .text          0x0002e3e0       0x28 /MOS/Development/gg/bin/../lib/gcc-lib/ppc-morphos/9.4.0/../../../../ppc-morphos/lib/libnix/libc.a(strcmp.o)
                0x0002e3e0                strcmp
 .text          0x0002e408       0x20 /MOS/Development/gg/bin/../lib/gcc-lib/ppc-morphos/9.4.0/../../../../ppc-morphos/lib/libnix/libc.a(strlen.o)
                0x0002e408                strlen
 .text          0x0002e428       0x9c /MOS/Development/gg/bin/../lib/gcc-lib/ppc-morphos/9.4.0/../../../../ppc-morphos/lib/libnix/libc.a(strlcat.o)
                0x0002e428                strlcat
 .text          0x0002e4c4       0x74 /MOS/Development/gg/bin/../lib/gcc-lib/ppc-morphos/9.4.0/../../../../ppc-morphos/lib/libnix/libc.a(strlcpy.o)
                0x0002e4c4                strlcpy
 .text          0x0002e538       0x4c /MOS/Development/gg/bin/../lib/gcc-lib/ppc-morphos/9.4.0/../../../../ppc-morphos/lib/libnix/libc.a(strpbrk.o)
                0x0002e538                strpbrk
 .text          0x0002e584       0x38 /MOS/Development/gg/bin/../lib/gcc-lib/ppc-morphos/9.4.0/../../../../ppc-morphos/lib/libnix/libc.a(strrchr.o)
                0x0002e584                stpchrn
                0x0002e584                strrchr
                0x0002e584                rindex
 .text          0x0002e5bc       0x6c /MOS/Development/gg/bin/../lib/gcc-lib/ppc-morphos/9.4.0/../../../../ppc-morphos/lib/libnix/libc.a(memcpy.o)
                0x0002e5bc                memcpy
 .text          0x0002e628       0x60 /MOS/Development/gg/bin/../lib/gcc-lib/ppc-morphos/9.4.0/../../../../ppc-morphos/lib/libnix/libc.a(vsprintf.o)
                0x0002e644                vsprintf
 .text          0x0002e688       0x9c /MOS/Development/gg/bin/../lib/gcc-lib/ppc-morphos/9.4.0/../../../../ppc-morphos/lib/libnix/libc.a(stricmp.o)
                0x0002e688                stricmp
                0x0002e688                strcasecmp
 .text          0x0002e724       0xc0 /MOS/Development/gg/bin/../lib/gcc-lib/ppc-morphos/9.4.0/../../../../ppc-morphos/lib/libnix/libc.a(strcasestr.o)
                0x0002e724                strcasestr
 .text          0x0002e7e4       0xbc /MOS/Development/gg/bin/../lib/gcc-lib/ppc-morphos/9.4.0/../../../../ppc-morphos/lib/libnix/libc.a(bzero.o)
                0x0002e7e4                bzero
 .text          0x0002e8a0       0x70 /MOS/Development/gg/bin/../lib/gcc-lib/ppc-morphos/9.4.0/../../../../ppc-morphos/lib/libnix/libc.a(strdup.o)
                0x0002e8a0                strdup
 .text          0x0002e910       0xb0 /MOS/Development/gg/bin/../lib/gcc-lib/ppc-morphos/9.4.0/../../../../ppc-morphos/lib/libnix/libc.a(strnicmp.o)
                0x0002e910                strncasecmp
                0x0002e910                strnicmp
 .text          0x0002e9c0       0x90 /MOS/Development/gg/bin/../lib/gcc-lib/ppc-morphos/9.4.0/../../../../ppc-morphos/lib/libnix/libc.a(snprintf.o)
                0x0002e9c0                snprintf
 .text          0x0002ea50       0xb4 /MOS/Development/gg/bin/../lib/gcc-lib/ppc-morphos/9.4.0/../../../../ppc-morphos/lib/libnix/libc.a(vsnprintf.o)
                0x0002ea9c                vsnprintf
 .text          0x0002eb04        0x0 /MOS/Development/gg/bin/../lib/gcc-lib/ppc-morphos/9.4.0/../../../../ppc-morphos/lib/libnix/libc.a(__stdv37.o)
 .text          0x0002eb04        0x0 /MOS/Development/gg/bin/../lib/gcc-lib/ppc-morphos/9.4.0/../../../../ppc-morphos/lib/libnix/libc.a(__stdwin.o)
 .text          0x0002eb04        0x0 /MOS/Development/gg/bin/../lib/gcc-lib/ppc-morphos/9.4.0/../../../../ppc-morphos/lib/libnix/libc.a(semaphore.o)
 .text          0x0002eb04      0x188 /MOS/Development/gg/bin/../lib/gcc-lib/ppc-morphos/9.4.0/../../../../ppc-morphos/lib/libnix/libc.a(write.o)
                0x0002eb04                __write
                0x0002eb04                write
 .text          0x0002ec8c       0xe4 /MOS/Development/gg/bin/../lib/gcc-lib/ppc-morphos/9.4.0/../../../../ppc-morphos/lib/libnix/libc.a(read.o)
                0x0002ec8c                __read
                0x0002ec8c                read
 .text          0x0002ed70      0x2e0 /MOS/Development/gg/bin/../lib/gcc-lib/ppc-morphos/9.4.0/../../../../ppc-morphos/lib/libnix/libc.a(lseek64.o)
                0x0002ed70                lseek64
 .text          0x0002f050     0x1de4 /MOS/Development/gg/bin/../lib/gcc-lib/ppc-morphos/9.4.0/../../../../ppc-morphos/lib/libnix/libc.a(printfshared.o)
                0x0002f190                _printfshared
 .text          0x00030e34       0x64 /MOS/Development/gg/bin/../lib/gcc-lib/ppc-morphos/9.4.0/../../../../ppc-morphos/lib/libnix/libc.a(__chkabort.o)
                0x00030e34                chkabort
                0x00030e34                Chk_Abort
                0x00030e34                __chkabort
 .text          0x00030e98      0x154 /MOS/Development/gg/bin/../lib/gcc-lib/ppc-morphos/9.4.0/../../../../ppc-morphos/lib/libnix/libc.a(raise.o)
                0x00030e98                raise
 .text          0x00030fec       0x58 /MOS/Development/gg/bin/../lib/gcc-lib/ppc-morphos/9.4.0/../../../../ppc-morphos/lib/libnix/libc.a(isinf.o)
                0x00030fec                isinf
 .text          0x00031044       0x44 /MOS/Development/gg/bin/../lib/gcc-lib/ppc-morphos/9.4.0/../../../../ppc-morphos/lib/libnix/libc.a(isnan.o)
                0x00031044                isnan
 .text          0x00031088        0x0 /MOS/Development/gg/bin/../lib/gcc-lib/ppc-morphos/9.4.0/../../../../ppc-morphos/lib/libnix/libc.a(__decimalpoint.o)
 .text          0x00031088       0x34 /MOS/Development/gg/bin/../lib/gcc-lib/ppc-morphos/9.4.0/../../../../ppc-morphos/lib/libnix/libc.a(wcrtomb.o)
                0x00031088                wcrtomb_errno
 .text          0x000310bc       0x18 /MOS/Development/gg/bin/../lib/gcc-lib/ppc-morphos/9.4.0/../../../../ppc-morphos/lib/libabox.a(newlist.oPPC)
                0x000310bc                NewList
 .text          0x000310d4       0x38 /MOS/Development/gg/bin/../lib/gcc-lib/ppc-morphos/9.4.0/../../../../ppc-morphos/lib/libabox.a(hookentry.oPPC)
                0x000310d4                HookEntryFunc
 .text          0x0003110c       0x70 /MOS/Development/gg/bin/../lib/gcc-lib/ppc-morphos/9.4.0/../../../../ppc-morphos/lib/libabox.a(domethod.oPPC)
                0x0003110c                DoMethod
 .text          0x0003117c       0x94 /MOS/Development/gg/bin/../lib/gcc-lib/ppc-morphos/9.4.0/../../../../ppc-morphos/lib/libabox.a(dosupernew.oPPC)
                0x0003117c                DoSuperNew
 .text          0x00031210       0x6c /MOS/Development/gg/bin/../lib/gcc-lib/ppc-morphos/9.4.0/../../../../ppc-morphos/lib/libaboxstubs.a(CreateNewProcTags.o)
                0x00031210                CreateNewProcTags
 .text          0x0003127c       0x6c /MOS/Development/gg/bin/../lib/gcc-lib/ppc-morphos/9.4.0/../../../../ppc-morphos/lib/libaboxstubs.a(GetDTAttrs.o)
                0x0003127c                GetDTAttrs
 .text          0x000312e8       0x6c /MOS/Development/gg/bin/../lib/gcc-lib/ppc-morphos/9.4.0/../../../../ppc-morphos/lib/libaboxstubs.a(GetIconTags.o)
                0x000312e8                GetIconTags
 .text          0x00031354       0x6c /MOS/Development/gg/bin/../lib/gcc-lib/ppc-morphos/9.4.0/../../../../ppc-morphos/lib/libaboxstubs.a(MUI_MakeObject.o)
                0x00031354                MUI_MakeObject
 .text          0x000313c0       0x6c /MOS/Development/gg/bin/../lib/gcc-lib/ppc-morphos/9.4.0/../../../../ppc-morphos/lib/libaboxstubs.a(MUI_NewObject.o)
                0x000313c0                MUI_NewObject
 .text          0x0003142c       0x6c /MOS/Development/gg/bin/../lib/gcc-lib/ppc-morphos/9.4.0/../../../../ppc-morphos/lib/libaboxstubs.a(MUI_Request.o)
                0x0003142c                MUI_Request
 .text          0x00031498       0x6c /MOS/Development/gg/bin/../lib/gcc-lib/ppc-morphos/9.4.0/../../../../ppc-morphos/lib/libaboxstubs.a(NewDTObject.o)
                0x00031498                NewDTObject
 .text          0x00031504       0x6c /MOS/Development/gg/bin/../lib/gcc-lib/ppc-morphos/9.4.0/../../../../ppc-morphos/lib/libaboxstubs.a(OpenCatalog.o)
                0x00031504                OpenCatalog
 .text          0x00031570       0x6c /MOS/Development/gg/bin/../lib/gcc-lib/ppc-morphos/9.4.0/../../../../ppc-morphos/lib/libaboxstubs.a(SetAttrs.o)
                0x00031570                SetAttrs
 .text          0x000315dc       0x6c /MOS/Development/gg/bin/../lib/gcc-lib/ppc-morphos/9.4.0/../../../../ppc-morphos/lib/libaboxstubs.a(SetDTAttrs.o)
                0x000315dc                SetDTAttrs
 .text          0x00031648       0x20 /MOS/Development/gg/bin/../lib/gcc-lib/ppc-morphos/9.4.0/../../../../ppc-morphos/lib/libaboxstubs.a(Wait.o)
                0x00031648                Wait
 .text          0x00031668       0x78 /MOS/Development/gg/bin/../lib/gcc-lib/ppc-morphos/9.4.0/libnix/crtend.o
 .text          0x000316e0        0x0 /MOS/Development/gg/bin/../lib/gcc-lib/ppc-morphos/9.4.0/libnix/ecrtn.o
 *(.text.*)
 .text.startup  0x000316e0      0xa4c .obj_mos/Kitty.o
                0x000316e0                main
 *(.eh_frame*)
 .eh_frame      0x0003212c        0x0 /MOS/Development/gg/bin/../lib/gcc-lib/ppc-morphos/9.4.0/../../../../ppc-morphos/lib/libnix/crt0i.o
 .eh_frame      0x0003212c        0x0 /MOS/Development/gg/bin/../lib/gcc-lib/ppc-morphos/9.4.0/libnix/ecrti.o
                0x0003212c                __EH_FRAME_BEGIN__
 .eh_frame      0x0003212c      0x438 .obj_mos/Kitty.o
 .eh_frame      0x00032564      0x14c .obj_mos/Locale.o
 .eh_frame      0x000326b0      0x990 .obj_mos/Debug.o
 .eh_frame      0x00033040      0x40c .obj_mos/MUIObjects.o
 .eh_frame      0x0003344c      0xe60 .obj_mos/Utilities.o
 .eh_frame      0x000342ac      0x40c .obj_mos/Timer.o
 .eh_frame      0x000346b8      0x168 .obj_mos/MethodStack.o
 .eh_frame      0x00034820      0x80c .obj_mos/Threads.o
 .eh_frame      0x0003502c      0x19c .obj_mos/Busy.o
 .eh_frame      0x000351c8      0x6b8 .obj_mos/HashTable.o
 .eh_frame      0x00035880      0x3e4 .obj_mos/ImageCache.o
 .eh_frame      0x00035c64       0xc4 .obj_mos/FileInfo.o
 .eh_frame      0x00035d28       0xd0 .obj_mos/Requesters.o
 .eh_frame      0x00035df8      0x1f4 .obj_mos/Themes.o
 .eh_frame      0x00035fec      0x5b4 .obj_mos/ServerList.o
 .eh_frame      0x000365a0      0x27c .obj_mos/ServerMet.o
 .eh_frame      0x0003681c      0x4ec .obj_mos/mui/Classes.o
 .eh_frame      0x00036d08      0x1e8 .obj_mos/mui/SplashWindow.o
 .eh_frame      0x00036ef0      0x3bc .obj_mos/mui/KittyApplication.o
 .eh_frame      0x000372ac      0x4a4 .obj_mos/mui/ImageArea.o
 .eh_frame      0x00037750       0x60 .obj_mos/mui/Toolbar.o
 .eh_frame      0x000377b0      0x134 .obj_mos/mui/DashBoardWindow.o
 .eh_frame      0x000378e4       0xe8 .obj_mos/mui/AboutWindow.o
 .eh_frame      0x000379cc       0x6c .obj_mos/mui/ShutdownWindow.o
 .eh_frame      0x00037a38      0x288 .obj_mos/mui/ServerListtree.o
 .eh_frame      0x00037cc0      0x168 .obj_mos/mui/GenericRequestWindow.o
 .eh_frame      0x00037e28       0xa8 .obj_mos/mui/Server.o
 .eh_frame      0x00037ed0      0x464 .obj_mos/extrasrc/AllocSysObject.o
 .eh_frame      0x00038334      0x124 .obj_mos/extrasrc/ExamineDir.o
 .eh_frame      0x00038458       0x44 .obj_mos/extrasrc/GetHead.o
 .eh_frame      0x0003849c       0x44 .obj_mos/extrasrc/GetPred.o
 .eh_frame      0x000384e0       0x44 .obj_mos/extrasrc/GetSucc.o
 .eh_frame      0x00038524       0x44 .obj_mos/extrasrc/GetTail.o
 .eh_frame      0x00038568       0x38 .obj_mos/extrasrc/ItemPoolAlloc.o
 .eh_frame      0x000385a0       0x44 .obj_mos/extrasrc/ItemPoolFree.o
 .eh_frame      0x000385e4       0x44 .obj_mos/extrasrc/MoveList.o
 .eh_frame      0x00038628      0x28c .obj_mos/extrasrc/NewReadArgs.o
 .eh_frame      0x000388b4       0x4c .obj_mos/extrasrc/SetProcWindow.o
 .eh_frame      0x00038900       0x44 .obj_mos/extrasrc/asprintf.o
 .eh_frame      0x00038944       0x98 .obj_mos/extrasrc/getdelim.o
 .eh_frame      0x000389dc       0x5c .obj_mos/extrasrc/memdup.o
 .eh_frame      0x00038a38       0x64 .obj_mos/extrasrc/vasprintf.o
 .eh_frame      0x00038a9c        0x4 /MOS/Development/gg/bin/../lib/gcc-lib/ppc-morphos/9.4.0/libnix/ecrtn.o
                0x00038a9c                __EH_FRAME_END__
 *(.text .stub .text.* .gnu.linkonce.t.*)
 *(.gnu.warning)
                [!provide]                PROVIDE (__text_end = .)
                [!provide]                PROVIDE (__text_size = SIZEOF (.text))

.glink          0x00038b20        0x0
 .glink         0x00038b20        0x0 /MOS/Development/gg/bin/../lib/gcc-lib/ppc-morphos/9.4.0/../../../../ppc-morphos/lib/libnix/crt0i.o

.init           0x00000000       0x3c
 *(SORT_NONE(.init))
 .init          0x00000000        0xc /MOS/Development/gg/bin/../lib/gcc-lib/ppc-morphos/9.4.0/libnix/ecrti.o
                0x00000000                __init
 .init          0x0000000c       0x10 /MOS/Development/gg/bin/../lib/gcc-lib/ppc-morphos/9.4.0/libnix/crtbegin.o
 .init          0x0000001c       0x10 /MOS/Development/gg/bin/../lib/gcc-lib/ppc-morphos/9.4.0/libnix/crtend.o
 .init          0x0000002c       0x10 /MOS/Development/gg/bin/../lib/gcc-lib/ppc-morphos/9.4.0/libnix/ecrtn.o

.fini           0x00000000       0x2c
 *(SORT_NONE(.fini))
 .fini          0x00000000        0xc /MOS/Development/gg/bin/../lib/gcc-lib/ppc-morphos/9.4.0/libnix/ecrti.o
                0x00000000                __fini
 .fini          0x0000000c       0x10 /MOS/Development/gg/bin/../lib/gcc-lib/ppc-morphos/9.4.0/libnix/crtbegin.o
 .fini          0x0000001c       0x10 /MOS/Development/gg/bin/../lib/gcc-lib/ppc-morphos/9.4.0/libnix/ecrtn.o
                [!provide]                PROVIDE (__etext = .)
                [!provide]                PROVIDE (_etext = .)
                [!provide]                PROVIDE (etext = .)

.rodata         0x00000000     0x6b8e
 *(.rodata .rodata.* .gnu.linkonce.r.*)
 .rodata        0x00000000       0x10 /MOS/Development/gg/bin/../lib/gcc-lib/ppc-morphos/9.4.0/../../../../ppc-morphos/lib/libnix/crt0i.o
 .rodata.str1.4
                0x00000010      0x1d8 .obj_mos/Global.o
                                0x1d9 (size before relaxing)
 .rodata        0x000001e8       0x6e .obj_mos/Global.o
                0x000001e8                SecCodes
                0x000001fc                months
                0x0000022c                wdays
 *fill*         0x00000256        0x2 
 .rodata.str1.4
                0x00000258      0xb7f .obj_mos/Kitty.o
                                0xb87 (size before relaxing)
 *fill*         0x00000dd7        0x1 
 .rodata        0x00000dd8      0x14a .obj_mos/Kitty.o
 *fill*         0x00000f22        0x2 
 .rodata.str1.4
                0x00000f24      0x8c8 .obj_mos/Locale.o
 .rodata        0x000017ec       0x39 .obj_mos/Locale.o
 *fill*         0x00001825        0x3 
 .rodata.str1.4
                0x00001828      0xb05 .obj_mos/Debug.o
                                0xb41 (size before relaxing)
 *fill*         0x0000232d        0x3 
 .rodata        0x00002330      0x112 .obj_mos/Debug.o
 *fill*         0x00002442        0x2 
 .rodata.str1.4
                0x00002444       0xe1 .obj_mos/MUIObjects.o
                                 0xf9 (size before relaxing)
 *fill*         0x00002525        0x3 
 .rodata        0x00002528       0x8e .obj_mos/MUIObjects.o
 *fill*         0x000025b6        0x2 
 .rodata.str1.4
                0x000025b8      0x5b5 .obj_mos/Utilities.o
                                0x5e9 (size before relaxing)
 *fill*         0x00002b6d        0x3 
 .rodata        0x00002b70      0x645 .obj_mos/Utilities.o
 *fill*         0x000031b5        0x3 
 .rodata.str1.4
                0x000031b8      0x1fc .obj_mos/Timer.o
                                0x20c (size before relaxing)
 .rodata        0x000033b4       0xe0 .obj_mos/Timer.o
 .rodata.str1.4
                0x00003494       0x17 .obj_mos/MethodStack.o
                                 0x27 (size before relaxing)
 *fill*         0x000034ab        0x1 
 .rodata        0x000034ac       0x6f .obj_mos/MethodStack.o
 *fill*         0x0000351b        0x1 
 .rodata.str1.4
                0x0000351c      0x471 .obj_mos/Threads.o
                                0x499 (size before relaxing)
 *fill*         0x0000398d        0x3 
 .rodata        0x00003990      0x1e3 .obj_mos/Threads.o
 *fill*         0x00003b73        0x1 
 .rodata.str1.4
                0x00003b74       0xa0 .obj_mos/Busy.o
                                 0xb0 (size before relaxing)
 .rodata        0x00003c14       0x5c .obj_mos/Busy.o
 .rodata.str1.4
                0x00003c70       0x60 .obj_mos/HashTable.o
                                 0x6f (size before relaxing)
 .rodata.cst4   0x00003cd0       0x14 .obj_mos/HashTable.o
 .rodata        0x00003ce4      0x1ef .obj_mos/HashTable.o
 *fill*         0x00003ed3        0x1 
 .rodata.str1.4
                0x00003ed4      0x622 .obj_mos/ImageCache.o
                                0x636 (size before relaxing)
 *fill*         0x000044f6        0x2 
 .rodata        0x000044f8      0x115 .obj_mos/ImageCache.o
 *fill*         0x0000460d        0x3 
 .rodata.str1.4
                0x00004610       0xa0 .obj_mos/FileInfo.o
                                 0xa8 (size before relaxing)
 .rodata        0x000046b0       0x1b .obj_mos/FileInfo.o
 *fill*         0x000046cb        0x1 
 .rodata.str1.4
                0x000046cc       0x36 .obj_mos/Requesters.o
                                 0x3e (size before relaxing)
 *fill*         0x00004702        0x2 
 .rodata        0x00004704       0x24 .obj_mos/Requesters.o
 .rodata.str1.4
                0x00004728      0x2f5 .obj_mos/Themes.o
                                0x33d (size before relaxing)
 *fill*         0x00004a1d        0x3 
 .rodata        0x00004a20       0x82 .obj_mos/Themes.o
 *fill*         0x00004aa2        0x2 
 .rodata.str1.4
                0x00004aa4       0xf3 .obj_mos/ServerList.o
                                0x10b (size before relaxing)
 *fill*         0x00004b97        0x1 
 .rodata        0x00004b98      0x19b .obj_mos/ServerList.o
 *fill*         0x00004d33        0x1 
 .rodata.str1.4
                0x00004d34      0x672 .obj_mos/ServerMet.o
                                0x6a6 (size before relaxing)
 *fill*         0x000053a6        0x2 
 .rodata        0x000053a8       0x42 .obj_mos/ServerMet.o
 *fill*         0x000053ea        0x2 
 .rodata.str1.4
                0x000053ec      0x220 .obj_mos/mui/Classes.o
                                0x2c3 (size before relaxing)
 .rodata        0x0000560c      0x154 .obj_mos/mui/Classes.o
                0x00005634                MCCInfo
 .rodata.str1.4
                0x00005760      0x148 .obj_mos/mui/SplashWindow.o
                                0x17c (size before relaxing)
 .rodata        0x000058a8       0x56 .obj_mos/mui/SplashWindow.o
 *fill*         0x000058fe        0x2 
 .rodata.str1.4
                0x00005900       0xc4 .obj_mos/mui/KittyApplication.o
                                0x138 (size before relaxing)
 .rodata        0x000059c4      0x14f .obj_mos/mui/KittyApplication.o
 *fill*         0x00005b13        0x1 
 .rodata.str1.4
                0x00005b14      0x3f1 .obj_mos/mui/ImageArea.o
                                0x409 (size before relaxing)
 *fill*         0x00005f05        0x3 
 .rodata.cst4   0x00005f08        0x8 .obj_mos/mui/ImageArea.o
 .rodata        0x00005f10       0xce .obj_mos/mui/ImageArea.o
 *fill*         0x00005fde        0x2 
 .rodata.str1.4
                0x00005fe0       0x64 .obj_mos/mui/Toolbar.o
                                 0x70 (size before relaxing)
 .rodata        0x00006044       0x11 .obj_mos/mui/Toolbar.o
 *fill*         0x00006055        0x3 
 .rodata.str1.4
                0x00006058       0x7a .obj_mos/mui/DashBoardWindow.o
                                 0xd2 (size before relaxing)
 *fill*         0x000060d2        0x2 
 .rodata        0x000060d4       0x39 .obj_mos/mui/DashBoardWindow.o
 *fill*         0x0000610d        0x3 
 .rodata.str1.4
                0x00006110      0x131 .obj_mos/mui/AboutWindow.o
                                0x1ce (size before relaxing)
 *fill*         0x00006241        0x3 
 .rodata        0x00006244       0x31 .obj_mos/mui/AboutWindow.o
 *fill*         0x00006275        0x3 
 .rodata.str1.4
                0x00006278       0x15 .obj_mos/mui/ShutdownWindow.o
                                 0x4a (size before relaxing)
 *fill*         0x0000628d        0x3 
 .rodata        0x00006290       0x18 .obj_mos/mui/ShutdownWindow.o
 .rodata.str1.4
                0x000062a8       0xa7 .obj_mos/mui/ServerListtree.o
                                 0xeb (size before relaxing)
 *fill*         0x0000634f        0x1 
 .rodata        0x00006350      0x104 .obj_mos/mui/ServerListtree.o
 .rodata.str1.4
                0x00006454       0x4e .obj_mos/mui/GenericRequestWindow.o
                                 0x9e (size before relaxing)
 *fill*         0x000064a2        0x2 
 .rodata        0x000064a4       0x67 .obj_mos/mui/GenericRequestWindow.o
 *fill*         0x0000650b        0x1 
 .rodata.str1.4
                0x0000650c      0x151 .obj_mos/mui/Server.o
                                0x225 (size before relaxing)
 *fill*         0x0000665d        0x3 
 .rodata        0x00006660       0x10 .obj_mos/mui/Server.o
 .rodata.str1.4
                0x00006670       0x65 .obj_mos/extrasrc/AllocSysObject.o
 *fill*         0x000066d5        0x3 
 .rodata.str1.4
                0x000066d8       0x16 .obj_mos/extrasrc/ExamineDir.o
 *fill*         0x000066ee        0x2 
 .rodata        0x000066f0       0x33 .obj_mos/extrasrc/ExamineDir.o
 *fill*         0x00006723        0x1 
 .rodata.str1.4
                0x00006724      0x119 .obj_mos/extrasrc/NewReadArgs.o
                                0x149 (size before relaxing)
 *fill*         0x0000683d        0x3 
 .rodata        0x00006840       0x28 .obj_mos/extrasrc/NewReadArgs.o
 .rodata.str1.4
                0x00006868       0x19 .obj_mos/extrasrc/SetProcWindow.o
 *fill*         0x00006881        0x3 
 .rodata        0x00006884        0xe .obj_mos/extrasrc/SetProcWindow.o
 *fill*         0x00006892        0x2 
 .rodata.str1.4
                0x00006894       0x35 .obj_mos/extrasrc/getdelim.o
 *fill*         0x000068c9        0x3 
 .rodata        0x000068cc        0x9 .obj_mos/extrasrc/getdelim.o
 *fill*         0x000068d5        0x3 
 .rodata        0x000068d8       0x12 /MOS/Development/gg/bin/../lib/gcc-lib/ppc-morphos/9.4.0/../../../../ppc-morphos/lib/libnix/libc.a(open.o)
 *fill*         0x000068ea        0x2 
 .rodata        0x000068ec      0x104 /MOS/Development/gg/bin/../lib/gcc-lib/ppc-morphos/9.4.0/../../../../ppc-morphos/lib/libnix/libc.a(_ctype_.o)
                0x000068ec                __ctype
 .rodata        0x000069f0       0x11 /MOS/Development/gg/bin/../lib/gcc-lib/ppc-morphos/9.4.0/../../../../ppc-morphos/lib/libnix/libc.a(abort.o)
 *fill*         0x00006a01        0x7 
 .rodata        0x00006a08      0x178 /MOS/Development/gg/bin/../lib/gcc-lib/ppc-morphos/9.4.0/../../../../ppc-morphos/lib/libnix/libc.a(printfshared.o)
 .rodata        0x00006b80        0xa /MOS/Development/gg/bin/../lib/gcc-lib/ppc-morphos/9.4.0/../../../../ppc-morphos/lib/libnix/libc.a(raise.o)
 *fill*         0x00006b8a        0x2 
 .rodata        0x00006b8c        0x2 /MOS/Development/gg/bin/../lib/gcc-lib/ppc-morphos/9.4.0/../../../../ppc-morphos/lib/libnix/libc.a(__decimalpoint.o)

.rodata1
 *(.rodata1)

.sdata2         0x0003f70e        0x0
 *(.sdata2 .sdata2.* .gnu.linkonce.s2.*)
 .sdata2        0x0003f70e        0x0 /MOS/Development/gg/bin/../lib/gcc-lib/ppc-morphos/9.4.0/../../../../ppc-morphos/lib/libnix/crt0i.o
 .sdata2        0x0003f70e        0x0 /MOS/Development/gg/bin/../lib/gcc-lib/ppc-morphos/9.4.0/libnix/ecrti.o
 .sdata2        0x0003f70e        0x0 /MOS/Development/gg/bin/../lib/gcc-lib/ppc-morphos/9.4.0/libnix/ecrtn.o

.sbss2          0x0003f70e        0x0
 *(.sbss2 .sbss2.* .gnu.linkonce.sb2.*)
 .sbss2         0x0003f70e        0x0 /MOS/Development/gg/bin/../lib/gcc-lib/ppc-morphos/9.4.0/libnix/ecrti.o
 .sbss2         0x0003f70e        0x0 /MOS/Development/gg/bin/../lib/gcc-lib/ppc-morphos/9.4.0/libnix/ecrtn.o

.gcc_except_table
 *(.gcc_except_table .gcc_except_table.*)

.exception_ranges
 *(.exception_ranges .exception_ranges*)
                0x0004ee1c                . = (ALIGN (0x0) + (. & 0xffff))

.gcc_except_table
                0x0004ee1c        0x0
 *(.gcc_except_table .gcc_except_table.*)
 .gcc_except_table
                0x0004ee1c        0x0 /MOS/Development/gg/bin/../lib/gcc-lib/ppc-morphos/9.4.0/libnix/ecrti.o
 .gcc_except_table
                0x0004ee1c        0x0 /MOS/Development/gg/bin/../lib/gcc-lib/ppc-morphos/9.4.0/libnix/ecrtn.o

.exception_ranges
 *(.exception_ranges .exception_ranges*)

.tdata
 *(.tdata .tdata.* .gnu.linkonce.td.*)

.tbss
 *(.tbss .tbss.* .gnu.linkonce.tb.*)
 *(.tcommon)

.preinit_array  0x0004ee1c        0x0
                [!provide]                PROVIDE (__preinit_array_start = .)
 *(.preinit_array)
                [!provide]                PROVIDE (__preinit_array_end = .)

.init_array     0x0004ee1c        0x0
                [!provide]                PROVIDE (__init_array_start = .)
 *(SORT_BY_NAME(.init_array.*))
 *(.init_array)
                [!provide]                PROVIDE (__init_array_end = .)

.fini_array     0x0004ee1c        0x0
                [!provide]                PROVIDE (__fini_array_start = .)
 *(SORT_BY_NAME(.fini_array.*))
 *(.fini_array)
                [!provide]                PROVIDE (__fini_array_end = .)

.ctors          0x00000000        0x8
 *crtbegin.o(.ctors)
 .ctors         0x00000000        0x4 /MOS/Development/gg/bin/../lib/gcc-lib/ppc-morphos/9.4.0/libnix/crtbegin.o
 *crtbegin?.o(.ctors)
 *(EXCLUDE_FILE(*crtend?.o *crtend.o) .ctors)
 .ctors         0x00000004        0x0 /MOS/Development/gg/bin/../lib/gcc-lib/ppc-morphos/9.4.0/libnix/ecrti.o
                0x00000004                __CTOR_LIST__
 .ctors         0x00000004        0x0 /MOS/Development/gg/bin/../lib/gcc-lib/ppc-morphos/9.4.0/libnix/ecrtn.o
                0x00000004                __CTOR_END__
 *(SORT_BY_NAME(.ctors.*))
 *(.ctors)
 .ctors         0x00000004        0x4 /MOS/Development/gg/bin/../lib/gcc-lib/ppc-morphos/9.4.0/libnix/crtend.o

.dtors          0x00000000        0x8
 *crtbegin.o(.dtors)
 .dtors         0x00000000        0x4 /MOS/Development/gg/bin/../lib/gcc-lib/ppc-morphos/9.4.0/libnix/crtbegin.o
 *crtbegin?.o(.dtors)
 *(EXCLUDE_FILE(*crtend?.o *crtend.o) .dtors)
 .dtors         0x00000004        0x0 /MOS/Development/gg/bin/../lib/gcc-lib/ppc-morphos/9.4.0/libnix/ecrti.o
                0x00000004                __DTOR_LIST__
 .dtors         0x00000004        0x0 /MOS/Development/gg/bin/../lib/gcc-lib/ppc-morphos/9.4.0/libnix/ecrtn.o
 *(SORT_BY_NAME(.dtors.*))
 *(.dtors)
 .dtors         0x00000004        0x4 /MOS/Development/gg/bin/../lib/gcc-lib/ppc-morphos/9.4.0/libnix/crtend.o
                0x00000004                __DTOR_END__

.jcr
 *(.jcr)

.data.rel.ro
 *(.data.rel.ro.local* .gnu.linkonce.d.rel.ro.local.*)
 *(.data.rel.ro .data.rel.ro.* .gnu.linkonce.d.rel.ro.*)

.dynamic
 *(.dynamic)

.data           0x00000000      0x4f8
                [!provide]                PROVIDE (__data_start = .)
 *(.data .data.* .gnu.linkonce.d.*)
 .data          0x00000000        0x0 /MOS/Development/gg/bin/../lib/gcc-lib/ppc-morphos/9.4.0/../../../../ppc-morphos/lib/libnix/crt0i.o
 .data          0x00000000        0x0 /MOS/Development/gg/bin/../lib/gcc-lib/ppc-morphos/9.4.0/libnix/ecrti.o
 .data          0x00000000        0x4 /MOS/Development/gg/bin/../lib/gcc-lib/ppc-morphos/9.4.0/libnix/crtbegin.o
                0x00000000                __dso_handle
 .data          0x00000004        0x0 .obj_mos/Global.o
 .data          0x00000004        0x4 .obj_mos/Kitty.o
 .data          0x00000008      0x348 .obj_mos/Locale.o
                0x00000008                Kitty_Strings
 .data          0x00000350        0xc .obj_mos/Debug.o
 .data          0x0000035c       0x3c .obj_mos/MUIObjects.o
                0x0000035c                PO_WindowHook
                0x00000370                FilereqStopHook
                0x00000384                FilereqStartHook
 .data          0x00000398       0x14 .obj_mos/Utilities.o
                0x00000398                DisposeModuleHook
 .data          0x000003ac        0x0 .obj_mos/Timer.o
 .data          0x000003ac        0x0 .obj_mos/MethodStack.o
 .data          0x000003ac        0x0 .obj_mos/Threads.o
 .data          0x000003ac        0x0 .obj_mos/Busy.o
 .data          0x000003ac        0x0 .obj_mos/HashTable.o
 .data          0x000003ac        0x0 .obj_mos/ImageCache.o
 .data          0x000003ac        0x0 .obj_mos/FileInfo.o
 .data          0x000003ac        0x0 .obj_mos/Requesters.o
 .data          0x000003ac        0x0 .obj_mos/Themes.o
 .data          0x000003ac        0x0 .obj_mos/ServerList.o
 .data          0x000003ac        0x0 .obj_mos/ServerMet.o
 .data          0x000003ac        0x0 .obj_mos/mui/Classes.o
 .data          0x000003ac        0x0 .obj_mos/mui/SplashWindow.o
 .data          0x000003ac        0x0 .obj_mos/mui/KittyApplication.o
 .data          0x000003ac        0x0 .obj_mos/mui/ImageArea.o
 .data          0x000003ac        0x0 .obj_mos/mui/Toolbar.o
 .data          0x000003ac        0x0 .obj_mos/mui/DashBoardWindow.o
 .data          0x000003ac        0x0 .obj_mos/mui/AboutWindow.o
 .data          0x000003ac        0x0 .obj_mos/mui/ShutdownWindow.o
 .data          0x000003ac        0x0 .obj_mos/mui/ServerListtree.o
 .data          0x000003ac        0x0 .obj_mos/mui/GenericRequestWindow.o
 .data          0x000003ac        0x0 .obj_mos/mui/Server.o
 .data          0x000003ac        0x0 .obj_mos/extrasrc/AllocSysObject.o
 .data          0x000003ac        0x0 .obj_mos/extrasrc/ExamineDir.o
 .data          0x000003ac        0x0 .obj_mos/extrasrc/GetHead.o
 .data          0x000003ac        0x0 .obj_mos/extrasrc/GetPred.o
 .data          0x000003ac        0x0 .obj_mos/extrasrc/GetSucc.o
 .data          0x000003ac        0x0 .obj_mos/extrasrc/GetTail.o
 .data          0x000003ac        0x0 .obj_mos/extrasrc/ItemPoolAlloc.o
 .data          0x000003ac        0x0 .obj_mos/extrasrc/ItemPoolFree.o
 .data          0x000003ac        0x0 .obj_mos/extrasrc/MoveList.o
 .data          0x000003ac        0x0 .obj_mos/extrasrc/NewReadArgs.o
 .data          0x000003ac        0x0 .obj_mos/extrasrc/SetProcWindow.o
 .data          0x000003ac        0x0 .obj_mos/extrasrc/asprintf.o
 .data          0x000003ac        0x0 .obj_mos/extrasrc/getdelim.o
 .data          0x000003ac        0x0 .obj_mos/extrasrc/memdup.o
 .data          0x000003ac        0x0 .obj_mos/extrasrc/vasprintf.o
 .data          0x000003ac        0x0 /MOS/Development/gg/bin/../lib/gcc-lib/ppc-morphos/9.4.0/../../../libcodesets.a(CodesetsListDelete.o)
 .data          0x000003ac        0x0 /MOS/Development/gg/bin/../lib/gcc-lib/ppc-morphos/9.4.0/../../../libcodesets.a(CodesetsUTF8ToStr.o)
 .data          0x000003ac        0x0 /MOS/Development/gg/bin/../lib/gcc-lib/ppc-morphos/9.4.0/../../../../ppc-morphos/lib/libnix/libc.a(__nocommandline.o)
 .data          0x000003ac        0x0 /MOS/Development/gg/bin/../lib/gcc-lib/ppc-morphos/9.4.0/../../../../ppc-morphos/lib/libnix/libc.a(vfprintf.o)
 .data          0x000003ac        0x0 /MOS/Development/gg/bin/../lib/gcc-lib/ppc-morphos/9.4.0/../../../../ppc-morphos/lib/libnix/libc.a(vprintf.o)
 .data          0x000003ac        0x0 /MOS/Development/gg/bin/../lib/gcc-lib/ppc-morphos/9.4.0/../../../../ppc-morphos/lib/libnix/libc.a(__stdio.o)
 .data          0x000003ac        0xc /MOS/Development/gg/bin/../lib/gcc-lib/ppc-morphos/9.4.0/../../../../ppc-morphos/lib/libnix/libc.a(fopen.o)
                0x000003ac                __filelist
 .data          0x000003b8        0x0 /MOS/Development/gg/bin/../lib/gcc-lib/ppc-morphos/9.4.0/../../../../ppc-morphos/lib/libnix/libc.a(calloc.o)
 .data          0x000003b8        0x0 /MOS/Development/gg/bin/../lib/gcc-lib/ppc-morphos/9.4.0/../../../../ppc-morphos/lib/libnix/libc.a(malloc.o)
 .data          0x000003b8        0x0 /MOS/Development/gg/bin/../lib/gcc-lib/ppc-morphos/9.4.0/../../../../ppc-morphos/lib/libnix/libc.a(freopen.o)
 .data          0x000003b8        0x0 /MOS/Development/gg/bin/../lib/gcc-lib/ppc-morphos/9.4.0/../../../../ppc-morphos/lib/libnix/libc.a(free.o)
 .data          0x000003b8        0x0 /MOS/Development/gg/bin/../lib/gcc-lib/ppc-morphos/9.4.0/../../../../ppc-morphos/lib/libnix/libc.a(errno.o)
 .data          0x000003b8        0x0 /MOS/Development/gg/bin/../lib/gcc-lib/ppc-morphos/9.4.0/../../../../ppc-morphos/lib/libnix/libc.a(__fflush.o)
 .data          0x000003b8        0x0 /MOS/Development/gg/bin/../lib/gcc-lib/ppc-morphos/9.4.0/../../../../ppc-morphos/lib/libnix/libc.a(open.o)
 .data          0x000003b8        0x0 /MOS/Development/gg/bin/../lib/gcc-lib/ppc-morphos/9.4.0/../../../../ppc-morphos/lib/libnix/libc.a(__isatty.o)
 .data          0x000003b8       0xd4 /MOS/Development/gg/bin/../lib/gcc-lib/ppc-morphos/9.4.0/../../../../ppc-morphos/lib/libnix/libc.a(__seterrno.o)
 .data          0x0000048c        0x0 /MOS/Development/gg/bin/../lib/gcc-lib/ppc-morphos/9.4.0/../../../../ppc-morphos/lib/libnix/libc.a(_ctype_.o)
 .data          0x0000048c        0x0 /MOS/Development/gg/bin/../lib/gcc-lib/ppc-morphos/9.4.0/../../../../ppc-morphos/lib/libnix/libc.a(fputc.o)
 .data          0x0000048c        0x0 /MOS/Development/gg/bin/../lib/gcc-lib/ppc-morphos/9.4.0/../../../../ppc-morphos/lib/libnix/libc.a(__swbuf.o)
 .data          0x0000048c        0x0 /MOS/Development/gg/bin/../lib/gcc-lib/ppc-morphos/9.4.0/../../../../ppc-morphos/lib/libnix/libc.a(realloc.o)
 .data          0x0000048c       0x18 /MOS/Development/gg/bin/../lib/gcc-lib/ppc-morphos/9.4.0/../../../../ppc-morphos/lib/libnix/libc.a(__signalfunc.o)
                0x0000048c                __signalfunc
 .data          0x000004a4        0x0 /MOS/Development/gg/bin/../lib/gcc-lib/ppc-morphos/9.4.0/../../../../ppc-morphos/lib/libnix/libc.a(__srget.o)
 .data          0x000004a4        0x0 /MOS/Development/gg/bin/../lib/gcc-lib/ppc-morphos/9.4.0/../../../../ppc-morphos/lib/libnix/libc.a(memset.o)
 .data          0x000004a4        0x0 /MOS/Development/gg/bin/../lib/gcc-lib/ppc-morphos/9.4.0/../../../../ppc-morphos/lib/libnix/libc.a(fread.o)
 .data          0x000004a4        0x0 /MOS/Development/gg/bin/../lib/gcc-lib/ppc-morphos/9.4.0/../../../../ppc-morphos/lib/libnix/libc.a(fwrite.o)
 .data          0x000004a4        0x0 /MOS/Development/gg/bin/../lib/gcc-lib/ppc-morphos/9.4.0/../../../../ppc-morphos/lib/libnix/libc.a(abort.o)
 .data          0x000004a4        0x0 /MOS/Development/gg/bin/../lib/gcc-lib/ppc-morphos/9.4.0/../../../../ppc-morphos/lib/libnix/libc.a(atexit.o)
 .data          0x000004a4        0x0 /MOS/Development/gg/bin/../lib/gcc-lib/ppc-morphos/9.4.0/../../../../ppc-morphos/lib/libnix/libc.a(atoi.o)
 .data          0x000004a4        0x0 /MOS/Development/gg/bin/../lib/gcc-lib/ppc-morphos/9.4.0/../../../../ppc-morphos/lib/libnix/libc.a(qsort.o)
 .data          0x000004a4        0x0 /MOS/Development/gg/bin/../lib/gcc-lib/ppc-morphos/9.4.0/../../../../ppc-morphos/lib/libnix/libc.a(rand.o)
 .data          0x000004a4        0x0 /MOS/Development/gg/bin/../lib/gcc-lib/ppc-morphos/9.4.0/../../../../ppc-morphos/lib/libnix/libc.a(strtol_impl.o)
 .data          0x000004a4        0x0 /MOS/Development/gg/bin/../lib/gcc-lib/ppc-morphos/9.4.0/../../../../ppc-morphos/lib/libnix/libc.a(strtoul_impl.o)
 .data          0x000004a4        0x0 /MOS/Development/gg/bin/../lib/gcc-lib/ppc-morphos/9.4.0/../../../../ppc-morphos/lib/libnix/libc.a(ldiv.o)
 .data          0x000004a4        0x0 /MOS/Development/gg/bin/../lib/gcc-lib/ppc-morphos/9.4.0/../../../../ppc-morphos/lib/libnix/libc.a(fflush.o)
 .data          0x000004a4        0x0 /MOS/Development/gg/bin/../lib/gcc-lib/ppc-morphos/9.4.0/../../../../ppc-morphos/lib/libnix/libc.a(fputs.o)
 .data          0x000004a4        0x0 /MOS/Development/gg/bin/../lib/gcc-lib/ppc-morphos/9.4.0/../../../../ppc-morphos/lib/libnix/libc.a(memmove.o)
 .data          0x000004a4        0x0 /MOS/Development/gg/bin/../lib/gcc-lib/ppc-morphos/9.4.0/../../../../ppc-morphos/lib/libnix/libc.a(bcopy.o)
 .data          0x000004a4        0x0 /MOS/Development/gg/bin/../lib/gcc-lib/ppc-morphos/9.4.0/../../../../ppc-morphos/lib/libnix/libc.a(puts.o)
 .data          0x000004a4        0x0 /MOS/Development/gg/bin/../lib/gcc-lib/ppc-morphos/9.4.0/../../../../ppc-morphos/lib/libnix/libc.a(setvbuf.o)
 .data          0x000004a4        0x0 /MOS/Development/gg/bin/../lib/gcc-lib/ppc-morphos/9.4.0/../../../../ppc-morphos/lib/libnix/libc.a(sprintf.o)
 .data          0x000004a4        0x0 /MOS/Development/gg/bin/../lib/gcc-lib/ppc-morphos/9.4.0/../../../../ppc-morphos/lib/libnix/libc.a(strchr.o)
 .data          0x000004a4        0x0 /MOS/Development/gg/bin/../lib/gcc-lib/ppc-morphos/9.4.0/../../../../ppc-morphos/lib/libnix/libc.a(strcmp.o)
 .data          0x000004a4        0x0 /MOS/Development/gg/bin/../lib/gcc-lib/ppc-morphos/9.4.0/../../../../ppc-morphos/lib/libnix/libc.a(strlen.o)
 .data          0x000004a4        0x0 /MOS/Development/gg/bin/../lib/gcc-lib/ppc-morphos/9.4.0/../../../../ppc-morphos/lib/libnix/libc.a(strlcat.o)
 .data          0x000004a4        0x0 /MOS/Development/gg/bin/../lib/gcc-lib/ppc-morphos/9.4.0/../../../../ppc-morphos/lib/libnix/libc.a(strlcpy.o)
 .data          0x000004a4        0x0 /MOS/Development/gg/bin/../lib/gcc-lib/ppc-morphos/9.4.0/../../../../ppc-morphos/lib/libnix/libc.a(strpbrk.o)
 .data          0x000004a4        0x0 /MOS/Development/gg/bin/../lib/gcc-lib/ppc-morphos/9.4.0/../../../../ppc-morphos/lib/libnix/libc.a(strrchr.o)
 .data          0x000004a4        0x0 /MOS/Development/gg/bin/../lib/gcc-lib/ppc-morphos/9.4.0/../../../../ppc-morphos/lib/libnix/libc.a(memcpy.o)
 .data          0x000004a4        0x0 /MOS/Development/gg/bin/../lib/gcc-lib/ppc-morphos/9.4.0/../../../../ppc-morphos/lib/libnix/libc.a(vsprintf.o)
 .data          0x000004a4        0x0 /MOS/Development/gg/bin/../lib/gcc-lib/ppc-morphos/9.4.0/../../../../ppc-morphos/lib/libnix/libc.a(stricmp.o)
 .data          0x000004a4        0x0 /MOS/Development/gg/bin/../lib/gcc-lib/ppc-morphos/9.4.0/../../../../ppc-morphos/lib/libnix/libc.a(strcasestr.o)
 .data          0x000004a4        0x0 /MOS/Development/gg/bin/../lib/gcc-lib/ppc-morphos/9.4.0/../../../../ppc-morphos/lib/libnix/libc.a(bzero.o)
 .data          0x000004a4        0x0 /MOS/Development/gg/bin/../lib/gcc-lib/ppc-morphos/9.4.0/../../../../ppc-morphos/lib/libnix/libc.a(strdup.o)
 .data          0x000004a4        0x0 /MOS/Development/gg/bin/../lib/gcc-lib/ppc-morphos/9.4.0/../../../../ppc-morphos/lib/libnix/libc.a(strnicmp.o)
 .data          0x000004a4        0x0 /MOS/Development/gg/bin/../lib/gcc-lib/ppc-morphos/9.4.0/../../../../ppc-morphos/lib/libnix/libc.a(snprintf.o)
 .data          0x000004a4        0x0 /MOS/Development/gg/bin/../lib/gcc-lib/ppc-morphos/9.4.0/../../../../ppc-morphos/lib/libnix/libc.a(vsnprintf.o)
 .data          0x000004a4       0x11 /MOS/Development/gg/bin/../lib/gcc-lib/ppc-morphos/9.4.0/../../../../ppc-morphos/lib/libnix/libc.a(__stdv37.o)
                0x000004a4                __stdiov37
 *fill*         0x000004b5        0x3 
 .data          0x000004b8       0x12 /MOS/Development/gg/bin/../lib/gcc-lib/ppc-morphos/9.4.0/../../../../ppc-morphos/lib/libnix/libc.a(__stdwin.o)
                0x000004b8                __stdiowin
 .data          0x000004ca       0x2e /MOS/Development/gg/bin/../lib/gcc-lib/ppc-morphos/9.4.0/../../../../ppc-morphos/lib/libnix/libc.a(semaphore.o)
                0x000004ca                __global_lock
 .data          0x000004f8        0x0 /MOS/Development/gg/bin/../lib/gcc-lib/ppc-morphos/9.4.0/../../../../ppc-morphos/lib/libnix/libc.a(write.o)
 .data          0x000004f8        0x0 /MOS/Development/gg/bin/../lib/gcc-lib/ppc-morphos/9.4.0/../../../../ppc-morphos/lib/libnix/libc.a(read.o)
 .data          0x000004f8        0x0 /MOS/Development/gg/bin/../lib/gcc-lib/ppc-morphos/9.4.0/../../../../ppc-morphos/lib/libnix/libc.a(lseek64.o)
 .data          0x000004f8        0x0 /MOS/Development/gg/bin/../lib/gcc-lib/ppc-morphos/9.4.0/../../../../ppc-morphos/lib/libnix/libc.a(printfshared.o)
 .data          0x000004f8        0x0 /MOS/Development/gg/bin/../lib/gcc-lib/ppc-morphos/9.4.0/../../../../ppc-morphos/lib/libnix/libc.a(__chkabort.o)
 .data          0x000004f8        0x0 /MOS/Development/gg/bin/../lib/gcc-lib/ppc-morphos/9.4.0/../../../../ppc-morphos/lib/libnix/libc.a(raise.o)
 .data          0x000004f8        0x0 /MOS/Development/gg/bin/../lib/gcc-lib/ppc-morphos/9.4.0/../../../../ppc-morphos/lib/libnix/libc.a(isinf.o)
 .data          0x000004f8        0x0 /MOS/Development/gg/bin/../lib/gcc-lib/ppc-morphos/9.4.0/../../../../ppc-morphos/lib/libnix/libc.a(isnan.o)
 .data          0x000004f8        0x0 /MOS/Development/gg/bin/../lib/gcc-lib/ppc-morphos/9.4.0/../../../../ppc-morphos/lib/libnix/libc.a(__decimalpoint.o)
 .data          0x000004f8        0x0 /MOS/Development/gg/bin/../lib/gcc-lib/ppc-morphos/9.4.0/../../../../ppc-morphos/lib/libnix/libc.a(wcrtomb.o)
 .data          0x000004f8        0x0 /MOS/Development/gg/bin/../lib/gcc-lib/ppc-morphos/9.4.0/../../../../ppc-morphos/lib/libabox.a(newlist.oPPC)
 .data          0x000004f8        0x0 /MOS/Development/gg/bin/../lib/gcc-lib/ppc-morphos/9.4.0/../../../../ppc-morphos/lib/libabox.a(hookentry.oPPC)
 .data          0x000004f8        0x0 /MOS/Development/gg/bin/../lib/gcc-lib/ppc-morphos/9.4.0/../../../../ppc-morphos/lib/libaboxstubs.a(CreateNewProcTags.o)
 .data          0x000004f8        0x0 /MOS/Development/gg/bin/../lib/gcc-lib/ppc-morphos/9.4.0/../../../../ppc-morphos/lib/libaboxstubs.a(GetDTAttrs.o)
 .data          0x000004f8        0x0 /MOS/Development/gg/bin/../lib/gcc-lib/ppc-morphos/9.4.0/../../../../ppc-morphos/lib/libaboxstubs.a(GetIconTags.o)
 .data          0x000004f8        0x0 /MOS/Development/gg/bin/../lib/gcc-lib/ppc-morphos/9.4.0/../../../../ppc-morphos/lib/libaboxstubs.a(MUI_MakeObject.o)
 .data          0x000004f8        0x0 /MOS/Development/gg/bin/../lib/gcc-lib/ppc-morphos/9.4.0/../../../../ppc-morphos/lib/libaboxstubs.a(MUI_NewObject.o)
 .data          0x000004f8        0x0 /MOS/Development/gg/bin/../lib/gcc-lib/ppc-morphos/9.4.0/../../../../ppc-morphos/lib/libaboxstubs.a(MUI_Request.o)
 .data          0x000004f8        0x0 /MOS/Development/gg/bin/../lib/gcc-lib/ppc-morphos/9.4.0/../../../../ppc-morphos/lib/libaboxstubs.a(NewDTObject.o)
 .data          0x000004f8        0x0 /MOS/Development/gg/bin/../lib/gcc-lib/ppc-morphos/9.4.0/../../../../ppc-morphos/lib/libaboxstubs.a(OpenCatalog.o)
 .data          0x000004f8        0x0 /MOS/Development/gg/bin/../lib/gcc-lib/ppc-morphos/9.4.0/../../../../ppc-morphos/lib/libaboxstubs.a(SetAttrs.o)
 .data          0x000004f8        0x0 /MOS/Development/gg/bin/../lib/gcc-lib/ppc-morphos/9.4.0/../../../../ppc-morphos/lib/libaboxstubs.a(SetDTAttrs.o)
 .data          0x000004f8        0x0 /MOS/Development/gg/bin/../lib/gcc-lib/ppc-morphos/9.4.0/../../../../ppc-morphos/lib/libaboxstubs.a(Wait.o)
 .data          0x000004f8        0x0 /MOS/Development/gg/bin/../lib/gcc-lib/ppc-morphos/9.4.0/libnix/crtend.o
 .data          0x000004f8        0x0 /MOS/Development/gg/bin/../lib/gcc-lib/ppc-morphos/9.4.0/libnix/ecrtn.o
                [!provide]                PROVIDE (__data_end = .)
                [!provide]                PROVIDE (__data_size = SIZEOF (.data))

.ctdt           0x00000000       0x58
 .ctdt          0x00000000        0x8 /MOS/Development/gg/bin/../lib/gcc-lib/ppc-morphos/9.4.0/../../../../ppc-morphos/lib/libnix/crt0i.o
 .ctdt          0x00000008       0x10 /MOS/Development/gg/bin/../lib/gcc-lib/ppc-morphos/9.4.0/../../../../ppc-morphos/lib/libnix/libc.a(__nocommandline.o)
                0x00000008                _nocommandline
                0x00000010                _DSTP___exitcommandline
 .ctdt          0x00000018        0x8 /MOS/Development/gg/bin/../lib/gcc-lib/ppc-morphos/9.4.0/../../../../ppc-morphos/lib/libnix/libc.a(__stdio.o)
                0x00000018                _CSTP___initstdfio
 .ctdt          0x00000020        0x8 /MOS/Development/gg/bin/../lib/gcc-lib/ppc-morphos/9.4.0/../../../../ppc-morphos/lib/libnix/libc.a(fopen.o)
                0x00000020                _DSTP___exitstdfio
 .ctdt          0x00000028        0x8 /MOS/Development/gg/bin/../lib/gcc-lib/ppc-morphos/9.4.0/../../../../ppc-morphos/lib/libnix/libc.a(malloc.o)
                0x00000028                _DSTP___exitmalloc
 .ctdt          0x00000030       0x10 /MOS/Development/gg/bin/../lib/gcc-lib/ppc-morphos/9.4.0/../../../../ppc-morphos/lib/libnix/libc.a(errno.o)
                0x00000030                _CSTP___tls_libnix
                0x00000038                _DSTP___tls_libnix
 .ctdt          0x00000040       0x10 /MOS/Development/gg/bin/../lib/gcc-lib/ppc-morphos/9.4.0/../../../../ppc-morphos/lib/libnix/libc.a(open.o)
                0x00000040                _CSTP___initstdio
                0x00000048                _DSTP___exitstdio
 .ctdt          0x00000050        0x8 /MOS/Development/gg/bin/../lib/gcc-lib/ppc-morphos/9.4.0/../../../../ppc-morphos/lib/libnix/libc.a(atexit.o)
                0x00000050                _DSTP___exitatexit

.branch_lt      0x0004f37c        0x0
 .branch_lt     0x0004f37c        0x0 /MOS/Development/gg/bin/../lib/gcc-lib/ppc-morphos/9.4.0/../../../../ppc-morphos/lib/libnix/crt0i.o

.got1           0x0004f37c        0x0
 .got1          0x0004f37c        0x0 /MOS/Development/gg/bin/../lib/gcc-lib/ppc-morphos/9.4.0/libnix/ecrti.o
 .got1          0x0004f37c        0x0 /MOS/Development/gg/bin/../lib/gcc-lib/ppc-morphos/9.4.0/libnix/ecrtn.o

.got2           0x0004f37c        0x0
 .got2          0x0004f37c        0x0 /MOS/Development/gg/bin/../lib/gcc-lib/ppc-morphos/9.4.0/libnix/ecrti.o
 .got2          0x0004f37c        0x0 /MOS/Development/gg/bin/../lib/gcc-lib/ppc-morphos/9.4.0/libnix/ecrtn.o

.fixup          0x0004f37c        0x0
 .fixup         0x0004f37c        0x0 /MOS/Development/gg/bin/../lib/gcc-lib/ppc-morphos/9.4.0/libnix/ecrti.o
 .fixup         0x0004f37c        0x0 /MOS/Development/gg/bin/../lib/gcc-lib/ppc-morphos/9.4.0/libnix/ecrtn.o

.data1
 *(.data1)

.got            0x0004f37c        0x0
 *(.got.plt)
 *(.igot.plt)
 *(.got)
 .got           0x0004f37c        0x0 /MOS/Development/gg/bin/../lib/gcc-lib/ppc-morphos/9.4.0/libnix/ecrti.o
 .got           0x0004f37c        0x0 /MOS/Development/gg/bin/../lib/gcc-lib/ppc-morphos/9.4.0/libnix/ecrtn.o
 *(.igot)

.sdata          0x00000000       0x8c
                [!provide]                PROVIDE (__sdata_start = .)
 *(.sdata .sdata.* .gnu.linkonce.s.*)
 .sdata         0x00000000       0x14 /MOS/Development/gg/bin/../lib/gcc-lib/ppc-morphos/9.4.0/../../../../ppc-morphos/lib/libnix/crt0i.o
                0x00000000                _ProgramName
                0x00000004                libnix_mempool
                0x0000000c                __amigappc__
                0x00008000                _SDA_BASE_
 .sdata         0x00000014        0x0 /MOS/Development/gg/bin/../lib/gcc-lib/ppc-morphos/9.4.0/../../../../ppc-morphos/lib/libnix/crt0i.o
 .sdata         0x00000014        0x0 /MOS/Development/gg/bin/../lib/gcc-lib/ppc-morphos/9.4.0/libnix/ecrti.o
                0x00000014                __SDATA_START__
 .sdata         0x00000014       0x3c .obj_mos/Global.o
                0x00000014                kittyversiondays
                0x00000018                kittyurl
                0x0000001c                kittycompiler
                0x00000020                kittyversiondate
                0x00000024                kittyfullcopyright
                0x00000028                kittycopyright
                0x0000002c                kittyuseragent
                0x00000030                kittyversionstring
                0x00000034                kittyversionver
                0x00000038                kittyversion
                0x0000003c                kittyver
                0x00000040                kittybuildid
                0x00000044                _MSTEP
                0x00000048                __buffsize
                0x0000004c                __stack
 .sdata         0x00000050        0x4 /MOS/Development/gg/bin/../lib/gcc-lib/ppc-morphos/9.4.0/../../../../ppc-morphos/lib/libnix/libc.a(__stdio.o)
                0x00000050                __sF
 .sdata         0x00000054        0xc /MOS/Development/gg/bin/../lib/gcc-lib/ppc-morphos/9.4.0/../../../../ppc-morphos/lib/libnix/libc.a(errno.o)
 .sdata         0x00000060        0x8 /MOS/Development/gg/bin/../lib/gcc-lib/ppc-morphos/9.4.0/../../../../ppc-morphos/lib/libnix/libc.a(open.o)
 .sdata         0x00000068        0x4 /MOS/Development/gg/bin/../lib/gcc-lib/ppc-morphos/9.4.0/../../../../ppc-morphos/lib/libnix/libc.a(_ctype_.o)
                0x00000068                _ctype_
 .sdata         0x0000006c        0x8 /MOS/Development/gg/bin/../lib/gcc-lib/ppc-morphos/9.4.0/../../../../ppc-morphos/lib/libnix/libc.a(__signalfunc.o)
                0x0000006c                __signalpending
                0x00000070                __signalmask
 .sdata         0x00000074        0x8 /MOS/Development/gg/bin/../lib/gcc-lib/ppc-morphos/9.4.0/../../../../ppc-morphos/lib/libnix/libc.a(atexit.o)
 .sdata         0x0000007c        0x4 /MOS/Development/gg/bin/../lib/gcc-lib/ppc-morphos/9.4.0/../../../../ppc-morphos/lib/libnix/libc.a(rand.o)
 .sdata         0x00000080        0x4 /MOS/Development/gg/bin/../lib/gcc-lib/ppc-morphos/9.4.0/../../../../ppc-morphos/lib/libnix/libc.a(__decimalpoint.o)
                0x00000080                __decimalpoint
 .sdata         0x00000084        0x8 /MOS/Development/gg/bin/../lib/gcc-lib/ppc-morphos/9.4.0/../../../../ppc-morphos/lib/libabox.a(hookentry.oPPC)
                0x00000084                HookEntry
 .sdata         0x0000008c        0x0 /MOS/Development/gg/bin/../lib/gcc-lib/ppc-morphos/9.4.0/libnix/ecrtn.o
                0x0000008c                __SDATA_END__
                [!provide]                PROVIDE (__r13_init = 0x8000)
                [!provide]                PROVIDE (__sdata_end = .)
                [!provide]                PROVIDE (__sdata_size = SIZEOF (.sdata))
                0x0000008c                _edata = .
                [!provide]                PROVIDE (edata = .)
                0x0000008c                . = .
                0x0000008c                __bss_start = .

.sbss           0x0000008c       0xac
                [!provide]                PROVIDE (__sbss_start = .)
 *(.dynsbss)
 *(.sbss .sbss.* .gnu.linkonce.sb.*)
 .sbss          0x0000008c        0xc /MOS/Development/gg/bin/../lib/gcc-lib/ppc-morphos/9.4.0/../../../../ppc-morphos/lib/libnix/crt0i.o
 .sbss          0x00000098       0x30 /MOS/Development/gg/bin/../lib/gcc-lib/ppc-morphos/9.4.0/../../../../ppc-morphos/lib/libnix/crt0i.o
                0x00000098                ThisRequiresConstructorHandling
                0x0000009c                __commandline
                0x000000a0                __commandlen
                0x000000a4                __elfobject
                0x000000a8                __argc
                0x000000ac                DOSBase
                0x000000b0                _WBenchMsg
                0x000000b4                __argv
                0x000000b8                __curdir
                0x000000bc                __SaveSP
                0x000000c0                __currentprocess
                0x000000c4                SysBase
 .sbss          0x000000c8        0x0 /MOS/Development/gg/bin/../lib/gcc-lib/ppc-morphos/9.4.0/libnix/ecrti.o
                0x000000c8                __SBSS_START__
 .sbss          0x000000c8       0x4c .obj_mos/Global.o
                0x000000c8                WBmsg
                0x000000cc                UtilityBase
                0x000000d0                ExpatBase
                0x000000d4                CyberGfxBase
                0x000000d8                CodesetsBase
                0x000000dc                DiskfontBase
                0x000000e0                LayersBase
                0x000000e4                GfxBase
                0x000000e8                TimerBase
                0x000000ec                WorkbenchBase
                0x000000f0                RexxSysBase
                0x000000f4                OpenURLBase
                0x000000f8                MUIMasterBase
                0x000000fc                LocaleBase
                0x00000100                KeymapBase
                0x00000104                IntuitionBase
                0x00000108                IFFParseBase
                0x0000010c                IconBase
                0x00000110                DataTypesBase
 .sbss          0x00000114        0x4 .obj_mos/Kitty.o
                0x00000114                G
 .sbss          0x00000118        0x4 .obj_mos/Utilities.o
                0x00000118                BusyLevel
 .sbss          0x0000011c        0x8 /MOS/Development/gg/bin/../lib/gcc-lib/ppc-morphos/9.4.0/../../../../ppc-morphos/lib/libnix/libc.a(__nocommandline.o)
                0x0000011c                __programname
                0x00000120                __commandbuf
 .sbss          0x00000124        0x8 /MOS/Development/gg/bin/../lib/gcc-lib/ppc-morphos/9.4.0/../../../../ppc-morphos/lib/libnix/libc.a(errno.o)
 .sbss          0x0000012c        0xc /MOS/Development/gg/bin/../lib/gcc-lib/ppc-morphos/9.4.0/../../../../ppc-morphos/lib/libnix/libc.a(open.o)
 .sbss          0x00000138        0x0 /MOS/Development/gg/bin/../lib/gcc-lib/ppc-morphos/9.4.0/libnix/ecrtn.o
                0x00000138                __SBSS_END__
 *(.scommon)
                [!provide]                PROVIDE (__sbss_end = .)
                [!provide]                PROVIDE (__sbss_size = SIZEOF (.sbss))

.bss            0x00000000     0x1fc4
                [!provide]                PROVIDE (__bss_start = .)
 *(.dynbss)
 *(.bss .bss.* .gnu.linkonce.b.*)
 .bss           0x00000000        0x0 /MOS/Development/gg/bin/../lib/gcc-lib/ppc-morphos/9.4.0/../../../../ppc-morphos/lib/libnix/crt0i.o
 .bss           0x00000000        0x0 /MOS/Development/gg/bin/../lib/gcc-lib/ppc-morphos/9.4.0/libnix/ecrti.o
 .bss           0x00000000        0x8 /MOS/Development/gg/bin/../lib/gcc-lib/ppc-morphos/9.4.0/libnix/crtbegin.o
 .bss           0x00000008        0x0 .obj_mos/Global.o
 .bss           0x00000008       0x58 .obj_mos/Kitty.o
 .bss           0x00000060        0x0 .obj_mos/Locale.o
 .bss           0x00000060     0x1740 .obj_mos/Debug.o
 .bss           0x000017a0      0x4d8 .obj_mos/MUIObjects.o
 .bss           0x00001c78      0x295 .obj_mos/Utilities.o
 .bss           0x00001f0d        0x0 .obj_mos/Timer.o
 .bss           0x00001f0d        0x0 .obj_mos/MethodStack.o
 *fill*         0x00001f0d        0x3 
 .bss           0x00001f10       0x30 .obj_mos/Threads.o
 .bss           0x00001f40        0x0 .obj_mos/Busy.o
 .bss           0x00001f40        0x0 .obj_mos/HashTable.o
 .bss           0x00001f40        0x0 .obj_mos/ImageCache.o
 .bss           0x00001f40        0x0 .obj_mos/FileInfo.o
 .bss           0x00001f40        0x0 .obj_mos/Requesters.o
 .bss           0x00001f40        0x0 .obj_mos/Themes.o
 .bss           0x00001f40        0x4 .obj_mos/ServerList.o
 .bss           0x00001f44        0x0 .obj_mos/ServerMet.o
 .bss           0x00001f44        0x0 .obj_mos/mui/Classes.o
 .bss           0x00001f44        0x0 .obj_mos/mui/SplashWindow.o
 .bss           0x00001f44        0x0 .obj_mos/mui/KittyApplication.o
 .bss           0x00001f44        0x0 .obj_mos/mui/ImageArea.o
 .bss           0x00001f44        0x0 .obj_mos/mui/Toolbar.o
 .bss           0x00001f44       0x28 .obj_mos/mui/DashBoardWindow.o
 .bss           0x00001f6c        0x0 .obj_mos/mui/AboutWindow.o
 .bss           0x00001f6c        0x0 .obj_mos/mui/ShutdownWindow.o
 .bss           0x00001f6c        0x0 .obj_mos/mui/ServerListtree.o
 .bss           0x00001f6c        0x0 .obj_mos/mui/GenericRequestWindow.o
 .bss           0x00001f6c        0xc .obj_mos/mui/Server.o
 .bss           0x00001f78        0x0 .obj_mos/extrasrc/AllocSysObject.o
 .bss           0x00001f78        0x0 .obj_mos/extrasrc/ExamineDir.o
 .bss           0x00001f78        0x0 .obj_mos/extrasrc/GetHead.o
 .bss           0x00001f78        0x0 .obj_mos/extrasrc/GetPred.o
 .bss           0x00001f78        0x0 .obj_mos/extrasrc/GetSucc.o
 .bss           0x00001f78        0x0 .obj_mos/extrasrc/GetTail.o
 .bss           0x00001f78        0x0 .obj_mos/extrasrc/ItemPoolAlloc.o
 .bss           0x00001f78        0x0 .obj_mos/extrasrc/ItemPoolFree.o
 .bss           0x00001f78        0x0 .obj_mos/extrasrc/MoveList.o
 .bss           0x00001f78        0x0 .obj_mos/extrasrc/NewReadArgs.o
 .bss           0x00001f78        0x0 .obj_mos/extrasrc/SetProcWindow.o
 .bss           0x00001f78        0x0 .obj_mos/extrasrc/asprintf.o
 .bss           0x00001f78        0x0 .obj_mos/extrasrc/getdelim.o
 .bss           0x00001f78        0x0 .obj_mos/extrasrc/memdup.o
 .bss           0x00001f78        0x0 .obj_mos/extrasrc/vasprintf.o
 .bss           0x00001f78        0x0 /MOS/Development/gg/bin/../lib/gcc-lib/ppc-morphos/9.4.0/../../../libcodesets.a(CodesetsListDelete.o)
 .bss           0x00001f78        0x0 /MOS/Development/gg/bin/../lib/gcc-lib/ppc-morphos/9.4.0/../../../libcodesets.a(CodesetsUTF8ToStr.o)
 .bss           0x00001f78        0x0 /MOS/Development/gg/bin/../lib/gcc-lib/ppc-morphos/9.4.0/../../../../ppc-morphos/lib/libnix/libc.a(__nocommandline.o)
 .bss           0x00001f78        0x0 /MOS/Development/gg/bin/../lib/gcc-lib/ppc-morphos/9.4.0/../../../../ppc-morphos/lib/libnix/libc.a(vfprintf.o)
 .bss           0x00001f78        0x0 /MOS/Development/gg/bin/../lib/gcc-lib/ppc-morphos/9.4.0/../../../../ppc-morphos/lib/libnix/libc.a(vprintf.o)
 .bss           0x00001f78        0xc /MOS/Development/gg/bin/../lib/gcc-lib/ppc-morphos/9.4.0/../../../../ppc-morphos/lib/libnix/libc.a(__stdio.o)
 .bss           0x00001f84        0x0 /MOS/Development/gg/bin/../lib/gcc-lib/ppc-morphos/9.4.0/../../../../ppc-morphos/lib/libnix/libc.a(fopen.o)
 .bss           0x00001f84        0x0 /MOS/Development/gg/bin/../lib/gcc-lib/ppc-morphos/9.4.0/../../../../ppc-morphos/lib/libnix/libc.a(calloc.o)
 .bss           0x00001f84        0x0 /MOS/Development/gg/bin/../lib/gcc-lib/ppc-morphos/9.4.0/../../../../ppc-morphos/lib/libnix/libc.a(malloc.o)
 .bss           0x00001f84        0x0 /MOS/Development/gg/bin/../lib/gcc-lib/ppc-morphos/9.4.0/../../../../ppc-morphos/lib/libnix/libc.a(freopen.o)
 .bss           0x00001f84        0x0 /MOS/Development/gg/bin/../lib/gcc-lib/ppc-morphos/9.4.0/../../../../ppc-morphos/lib/libnix/libc.a(free.o)
 .bss           0x00001f84        0x0 /MOS/Development/gg/bin/../lib/gcc-lib/ppc-morphos/9.4.0/../../../../ppc-morphos/lib/libnix/libc.a(errno.o)
 .bss           0x00001f84        0x0 /MOS/Development/gg/bin/../lib/gcc-lib/ppc-morphos/9.4.0/../../../../ppc-morphos/lib/libnix/libc.a(__fflush.o)