Archive member included to satisfy reference by file (symbol)

/MOS3/Development/gg/bin/../lib/gcc-lib/ppc-morphos/9.5.0/../../../libcodesets.a(CodesetsListDelete.o)
                              .obj_mos/Bourriquet.o (CodesetsListDelete)
/MOS3/Development/gg/bin/../lib/gcc-lib/ppc-morphos/9.5.0/../../../libcodesets.a(CodesetsUTF8ToStr.o)
                              .obj_mos/Locale.o (CodesetsUTF8ToStr)
/MOS3/Development/gg/bin/../lib/gcc-lib/ppc-morphos/9.5.0/libnix/libgcc.a(_eprintf.o)
                              .obj_mos/tcp/ConnectionProtocole.o (__eprintf)
/MOS3/Development/gg/bin/../lib/gcc-lib/ppc-morphos/9.5.0/../../../../ppc-morphos/lib/libnix/libc.a(__nocommandline.o)
                              /MOS3/Development/gg/bin/../lib/gcc-lib/ppc-morphos/9.5.0/../../../../ppc-morphos/lib/libnix/crt0i.o (__nocommandline)
/MOS3/Development/gg/bin/../lib/gcc-lib/ppc-morphos/9.5.0/../../../../ppc-morphos/lib/libnix/libc.a(printf.o)
                              .obj_mos/tcp/Parser.o (printf)
/MOS3/Development/gg/bin/../lib/gcc-lib/ppc-morphos/9.5.0/../../../../ppc-morphos/lib/libnix/libc.a(vfprintf.o)
                              .obj_mos/Debug.o (vfprintf)
/MOS3/Development/gg/bin/../lib/gcc-lib/ppc-morphos/9.5.0/../../../../ppc-morphos/lib/libnix/libc.a(vprintf.o)
                              .obj_mos/Debug.o (vprintf)
/MOS3/Development/gg/bin/../lib/gcc-lib/ppc-morphos/9.5.0/../../../../ppc-morphos/lib/libnix/libc.a(__stdio.o)
                              .obj_mos/Debug.o (__sF)
/MOS3/Development/gg/bin/../lib/gcc-lib/ppc-morphos/9.5.0/../../../../ppc-morphos/lib/libnix/libc.a(fopen.o)
                              .obj_mos/Debug.o (fopen)
/MOS3/Development/gg/bin/../lib/gcc-lib/ppc-morphos/9.5.0/../../../../ppc-morphos/lib/libnix/libc.a(calloc.o)
                              .obj_mos/Bourriquet.o (calloc)
/MOS3/Development/gg/bin/../lib/gcc-lib/ppc-morphos/9.5.0/../../../../ppc-morphos/lib/libnix/libc.a(malloc.o)
                              .obj_mos/Debug.o (malloc)
/MOS3/Development/gg/bin/../lib/gcc-lib/ppc-morphos/9.5.0/../../../../ppc-morphos/lib/libnix/libc.a(freopen.o)
                              /MOS3/Development/gg/bin/../lib/gcc-lib/ppc-morphos/9.5.0/../../../../ppc-morphos/lib/libnix/libc.a(fopen.o) (freopen)
/MOS3/Development/gg/bin/../lib/gcc-lib/ppc-morphos/9.5.0/../../../../ppc-morphos/lib/libnix/libc.a(free.o)
                              .obj_mos/Bourriquet.o (free)
/MOS3/Development/gg/bin/../lib/gcc-lib/ppc-morphos/9.5.0/../../../../ppc-morphos/lib/libnix/libc.a(errno.o)
                              /MOS3/Development/gg/bin/../lib/gcc-lib/ppc-morphos/9.5.0/../../../../ppc-morphos/lib/libnix/libc.a(fopen.o) (__errno_location)
/MOS3/Development/gg/bin/../lib/gcc-lib/ppc-morphos/9.5.0/../../../../ppc-morphos/lib/libnix/libc.a(__fflush.o)
                              /MOS3/Development/gg/bin/../lib/gcc-lib/ppc-morphos/9.5.0/../../../../ppc-morphos/lib/libnix/libc.a(freopen.o) (__fflush)
/MOS3/Development/gg/bin/../lib/gcc-lib/ppc-morphos/9.5.0/../../../../ppc-morphos/lib/libnix/libc.a(open.o)
                              /MOS3/Development/gg/bin/../lib/gcc-lib/ppc-morphos/9.5.0/../../../../ppc-morphos/lib/libnix/libc.a(freopen.o) (open)
/MOS3/Development/gg/bin/../lib/gcc-lib/ppc-morphos/9.5.0/../../../../ppc-morphos/lib/libnix/libc.a(__isatty.o)
                              /MOS3/Development/gg/bin/../lib/gcc-lib/ppc-morphos/9.5.0/../../../../ppc-morphos/lib/libnix/libc.a(freopen.o) (isatty)
/MOS3/Development/gg/bin/../lib/gcc-lib/ppc-morphos/9.5.0/../../../../ppc-morphos/lib/libnix/libc.a(__seterrno.o)
                              /MOS3/Development/gg/bin/../lib/gcc-lib/ppc-morphos/9.5.0/../../../../ppc-morphos/lib/libnix/libc.a(freopen.o) (__seterrno)
/MOS3/Development/gg/bin/../lib/gcc-lib/ppc-morphos/9.5.0/../../../../ppc-morphos/lib/libnix/libc.a(_ctype_.o)
                              .obj_mos/Utilities.o (_ctype_)
/MOS3/Development/gg/bin/../lib/gcc-lib/ppc-morphos/9.5.0/../../../../ppc-morphos/lib/libnix/libc.a(fputc.o)
                              /MOS3/Development/gg/bin/../lib/gcc-lib/ppc-morphos/9.5.0/../../../../ppc-morphos/lib/libnix/libc.a(vfprintf.o) (fputc)
/MOS3/Development/gg/bin/../lib/gcc-lib/ppc-morphos/9.5.0/../../../../ppc-morphos/lib/libnix/libc.a(__swbuf.o)
                              /MOS3/Development/gg/bin/../lib/gcc-lib/ppc-morphos/9.5.0/../../../../ppc-morphos/lib/libnix/libc.a(fputc.o) (__swbuf)
/MOS3/Development/gg/bin/../lib/gcc-lib/ppc-morphos/9.5.0/../../../../ppc-morphos/lib/libnix/libc.a(realloc.o)
                              .obj_mos/extrasrc/getdelim.o (realloc)
/MOS3/Development/gg/bin/../lib/gcc-lib/ppc-morphos/9.5.0/../../../../ppc-morphos/lib/libnix/libc.a(__signalfunc.o)
                              /MOS3/Development/gg/bin/../lib/gcc-lib/ppc-morphos/9.5.0/../../../../ppc-morphos/lib/libnix/crt0i.o (__signalmask)
[...]
Memory Configuration

Name             Origin             Length             Attributes
*default*        0x00000000         0xffffffff

Linker script and memory map

                0x00000001                __abox__ = 0x1
LOAD /MOS3/Development/gg/bin/../lib/gcc-lib/ppc-morphos/9.5.0/../../../../ppc-morphos/lib/libnix/crt0i.o
LOAD /MOS3/Development/gg/bin/../lib/gcc-lib/ppc-morphos/9.5.0/libnix/ecrti.o
LOAD /MOS3/Development/gg/bin/../lib/gcc-lib/ppc-morphos/9.5.0/libnix/crtbegin.o
LOAD .obj_mos/Global.o
LOAD .obj_mos/Bourriquet.o
LOAD .obj_mos/Locale.o
LOAD .obj_mos/Debug.o
LOAD .obj_mos/MUIObjects.o
LOAD .obj_mos/Utilities.o
LOAD .obj_mos/Timer.o
LOAD .obj_mos/MethodStack.o
LOAD .obj_mos/Threads.o
LOAD .obj_mos/HashTable.o
LOAD .obj_mos/ImageCache.o
LOAD .obj_mos/FileInfo.o
LOAD .obj_mos/Requesters.o
LOAD .obj_mos/Themes.o
LOAD .obj_mos/ServerMet.o
LOAD .obj_mos/DashBoard.o
LOAD .obj_mos/Config.o
LOAD .obj_mos/Error.o
LOAD .obj_mos/hmac_md5.o
LOAD .obj_mos/md5.o
LOAD .obj_mos/Lists.o
LOAD .obj_mos/MD4.o
LOAD .obj_mos/Share.o
LOAD .obj_mos/ServerList.o
LOAD .obj_mos/ShareList.o
LOAD .obj_mos/mui/Classes.o
LOAD .obj_mos/mui/SplashWindow.o
LOAD .obj_mos/mui/BourriquetApplication.o
LOAD .obj_mos/mui/ImageArea.o
LOAD .obj_mos/mui/AboutWindow.o
LOAD .obj_mos/mui/ShutdownWindow.o
LOAD .obj_mos/mui/ServerList.o
LOAD .obj_mos/mui/GenericRequestWindow.o
LOAD .obj_mos/mui/MainWindow.o
LOAD .obj_mos/mui/Log.o
LOAD .obj_mos/mui/InfosServeur.o
LOAD .obj_mos/mui/ResearchList.o
LOAD .obj_mos/mui/DownloadList.o
LOAD .obj_mos/mui/UploadList.o
LOAD .obj_mos/mui/SharedList.o
LOAD .obj_mos/mui/ConfigPage.o
LOAD .obj_mos/mui/ThemeList.o
LOAD .obj_mos/mui/ThemeListGroup.o
LOAD .obj_mos/mui/SharedPage.o
LOAD .obj_mos/mui/ResearchPage.o
LOAD .obj_mos/mui/TransfertPage.o
LOAD .obj_mos/mui/ServerPage.o
LOAD .obj_mos/mui/StatusBar.o
LOAD .obj_mos/extrasrc/AllocSysObject.o
LOAD .obj_mos/extrasrc/ExamineDir.o
LOAD .obj_mos/extrasrc/GetHead.o
LOAD .obj_mos/extrasrc/GetPred.o
LOAD .obj_mos/extrasrc/GetSucc.o
LOAD .obj_mos/extrasrc/GetTail.o
LOAD .obj_mos/extrasrc/ItemPoolAlloc.o
LOAD .obj_mos/extrasrc/ItemPoolFree.o
LOAD .obj_mos/extrasrc/MoveList.o
LOAD .obj_mos/extrasrc/NewReadArgs.o
LOAD .obj_mos/extrasrc/SetProcWindow.o
LOAD .obj_mos/extrasrc/asprintf.o
LOAD .obj_mos/extrasrc/getdelim.o
LOAD .obj_mos/extrasrc/memdup.o
LOAD .obj_mos/extrasrc/vasprintf.o
LOAD .obj_mos/tcp/ConnectionProtocole.o
LOAD .obj_mos/tcp/Socket.o
LOAD .obj_mos/tcp/Parser.o
LOAD /MOS3/Development/gg/bin/../lib/gcc-lib/ppc-morphos/9.5.0/../../../../ppc-morphos/lib/libm.a
LOAD /MOS3/Development/gg/bin/../lib/gcc-lib/ppc-morphos/9.5.0/../../../libcodesets.a
LOAD /MOS3/Development/gg/bin/../lib/gcc-lib/ppc-morphos/9.5.0/libnix/libgcc.a
START GROUP
LOAD /MOS3/Development/gg/bin/../lib/gcc-lib/ppc-morphos/9.5.0/../../../../ppc-morphos/lib/libnix/libc.a
LOAD /MOS3/Development/gg/bin/../lib/gcc-lib/ppc-morphos/9.5.0/../../../../ppc-morphos/lib/libabox.a
LOAD /MOS3/Development/gg/bin/../lib/gcc-lib/ppc-morphos/9.5.0/../../../../ppc-morphos/lib/libaboxstubs.a
LOAD /MOS3/Development/gg/bin/../lib/gcc-lib/ppc-morphos/9.5.0/../../../../ppc-morphos/lib/libsavl.a
LOAD /MOS3/Development/gg/bin/../lib/gcc-lib/ppc-morphos/9.5.0/libnix/libatomic.a
LOAD /MOS3/Development/gg/bin/../lib/gcc-lib/ppc-morphos/9.5.0/../../../../ppc-morphos/lib/libnix/libauto.a
END GROUP
LOAD /MOS3/Development/gg/bin/../lib/gcc-lib/ppc-morphos/9.5.0/libnix/libgcc.a
LOAD /MOS3/Development/gg/bin/../lib/gcc-lib/ppc-morphos/9.5.0/libnix/crtend.o
LOAD /MOS3/Development/gg/bin/../lib/gcc-lib/ppc-morphos/9.5.0/libnix/ecrtn.o
                [!provide]                PROVIDE (__stack = 0x0)
                [!provide]                PROVIDE (__machtype = 0x1)
                [!provide]                PROVIDE (__executable_start = SEGMENT_START ("text-segment", 0x0))
                0x00000034                . = (SEGMENT_START ("text-segment", 0x0) + SIZEOF_HEADERS)

.interp
 *(.interp)

.note.gnu.build-id
 *(.note.gnu.build-id)

.hash
 *(.hash)

.gnu.hash
 *(.gnu.hash)

.dynsym
 *(.dynsym)

.dynstr
 *(.dynstr)

.gnu.version
 *(.gnu.version)

.gnu.version_d
 *(.gnu.version_d)

.gnu.version_r
 *(.gnu.version_r)

.rel.text
 *(.rel.text .rel.text.* .rel.gnu.linkonce.t.*)

.rela.text      0x00000054        0x0
 *(.rela.text .rela.text.* .rela.gnu.linkonce.t.*)
 .rela.text     0x00000054        0x0 /MOS3/Development/gg/bin/../lib/gcc-lib/ppc-morphos/9.5.0/../../../../ppc-morphos/lib/libnix/crt0i.o
 .rela.text.startup
                0x00000054        0x0 /MOS3/Development/gg/bin/../lib/gcc-lib/ppc-morphos/9.5.0/../../../../ppc-morphos/lib/libnix/crt0i.o

.rel.init
 *(.rel.init)

.rela.init
 *(.rela.init)

.rel.fini
 *(.rel.fini)

.rela.fini
 *(.rela.fini)

.rel.rodata
 *(.rel.rodata .rel.rodata.* .rel.gnu.linkonce.r.*)

.rela.rodata
 *(.rela.rodata .rela.rodata.* .rela.gnu.linkonce.r.*)

.rel.data.rel.ro
 *(.rel.data.rel.ro .rel.data.rel.ro.* .rel.gnu.linkonce.d.rel.ro.*)

.rela.data.rel.ro
 *(.rela.data.rel.ro .rela.data.rel.ro.* .rela.gnu.linkonce.d.rel.ro.*)

.rel.data
 *(.rel.data .rel.data.* .rel.gnu.linkonce.d.*)

.rela.data
 *(.rela.data .rela.data.* .rela.gnu.linkonce.d.*)

.rel.tdata
 *(.rel.tdata .rel.tdata.* .rel.gnu.linkonce.td.*)

.rela.tdata
 *(.rela.tdata .rela.tdata.* .rela.gnu.linkonce.td.*)

.rel.tbss
 *(.rel.tbss .rel.tbss.* .rel.gnu.linkonce.tb.*)

.rela.tbss
 *(.rela.tbss .rela.tbss.* .rela.gnu.linkonce.tb.*)

.rel.ctors
 *(.rel.ctors)

.rela.ctors
 *(.rela.ctors)

.rel.dtors
 *(.rel.dtors)

.rela.dtors
 *(.rela.dtors)

.rel.got
 *(.rel.got)

.rela.got
 *(.rela.got)

.rel.sdata
 *(.rel.sdata .rel.sdata.* .rel.gnu.linkonce.s.*)

.rela.sdata
 *(.rela.sdata .rela.sdata.* .rela.gnu.linkonce.s.*)

.rel.sbss
 *(.rel.sbss .rel.sbss.* .rel.gnu.linkonce.sb.*)

.rela.sbss
 *(.rela.sbss .rela.sbss.* .rela.gnu.linkonce.sb.*)

.rel.sdata2
 *(.rel.sdata2 .rel.sdata2.* .rel.gnu.linkonce.s2.*)

.rela.sdata2
 *(.rela.sdata2 .rela.sdata2.* .rela.gnu.linkonce.s2.*)

.rel.sbss2
 *(.rel.sbss2 .rel.sbss2.* .rel.gnu.linkonce.sb2.*)

.rela.sbss2
 *(.rela.sbss2 .rela.sbss2.* .rela.gnu.linkonce.sb2.*)

.rel.bss
 *(.rel.bss .rel.bss.* .rel.gnu.linkonce.b.*)

.rela.bss
 *(.rela.bss .rela.bss.* .rela.gnu.linkonce.b.*)

.rel.iplt       0x00000054        0x0
                [!provide]                PROVIDE (__rel_iplt_start = .)
 *(.rel.iplt)
                [!provide]                PROVIDE (__rel_iplt_end = .)

.rela.iplt      0x00000054        0x0
                [!provide]                PROVIDE (__rela_iplt_start = .)
 *(.rela.iplt)
 .rela.iplt     0x00000054        0x0 /MOS3/Development/gg/bin/../lib/gcc-lib/ppc-morphos/9.5.0/../../../../ppc-morphos/lib/libnix/crt0i.o
                [!provide]                PROVIDE (__rela_iplt_end = .)

.rel.plt
 *(.rel.plt)

.rela.plt
 *(.rela.plt)

.plt
 *(.plt)

.iplt           0x00000060        0x0
 *(.iplt)
 .iplt          0x00000060        0x0 /MOS3/Development/gg/bin/../lib/gcc-lib/ppc-morphos/9.5.0/../../../../ppc-morphos/lib/libnix/crt0i.o

.text           0x00000000    0x4bb34
                [!provide]                PROVIDE (__text_start = .)
 *(.text)
 .text          0x00000000      0x7a0 /MOS3/Development/gg/bin/../lib/gcc-lib/ppc-morphos/9.5.0/../../../../ppc-morphos/lib/libnix/crt0i.o
                0x00000000                __start
                0x00000600                exit
 .text          0x000007a0        0x0 /MOS3/Development/gg/bin/../lib/gcc-lib/ppc-morphos/9.5.0/libnix/ecrti.o
 .text          0x000007a0       0xd8 /MOS3/Development/gg/bin/../lib/gcc-lib/ppc-morphos/9.5.0/libnix/crtbegin.o
 .text          0x00000878        0x0 .obj_mos/Global.o
 .text          0x00000878     0x2e84 .obj_mos/Bourriquet.o
                0x00003024                PopUp
                0x00003194                StayInProg
                0x000032b0                MiniMainLoop
                0x00003544                MicroMainLoop
 .text          0x000036fc      0x710 .obj_mos/Locale.o
                0x000036fc                InitCatalogue
                0x00003794                GetStr
                0x00003808                OpenCatalogue
                0x00003cc4                CloseCatalogue
 .text          0x00003e0c     0x53b4 .obj_mos/Debug.o
                0x000048ec                _ENTER
                0x00004f64                _LEAVE
                0x000055dc                SetupDebug
                0x00005d74                _RETURN
                0x00006408                _CHECKINDENT
                0x000066e8                _SHOWVALUE
                0x00006c08                _SHOWPOINTER
                0x000070b4                _SHOWSTRING
                0x00007500                _SHOWMSG
                0x00007930                _SHOWTAGS
                0x00007f40                _DPRINTF
                0x00008580                CleanupDebug
                0x000087b0                _STARTCLOCK
                0x00008958                _STOPCLOCK
                0x00008b74                _MEMTRACK
                0x00008d64                _UNMEMTRACK
                0x00008f2c                _FLUSH
                0x00009028                DumpDbgMalloc
 .text          0x000091c0     0x10f0 .obj_mos/MUIObjects.o
                0x000095a0                MakeCycle
                0x000096d4                MakeButton
                0x0000973c                MakeAddressField
                0x000097c4                MakeNumeric
                0x00009854                MakeCloseButton
                0x00009a1c                ShortCut
                0x00009b3c                MakeCheck
                0x00009be8                MakeString
                0x00009c84                MakePassString
                0x00009d20                MakeInteger
                0x00009de4                MakeCheckGroup
                0x00009f24                GetMUIString
                0x0000a058                GetMUIText
                0x0000a18c                CreateScreenTitle
 .text          0x0000a2b0     0x2d6c .obj_mos/Utilities.o
                0x0000a5d4                IdentifyFileDT
                0x0000a804                IdentifyFile
                0x0000aba0                mystrdup
                0x0000ac74                TrimStart
                0x0000ad3c                TrimEnd
                0x0000ae38                Trim
                0x0000aff0                AddPath
                0x0000b120                GetDateStamp
                0x0000b218                FormatSize
                0x0000b7d8                SafeOpenWindow
                0x0000b9dc                DisposeModule
                0x0000bae0                MyBltMaskBitMapRastPort
                0x0000be34                GotoURLPossible
                0x0000bf44                GotoURL
                0x0000c09c                strippedCharsetName
                0x0000c238                GetPubScreenName
                0x0000c3b4                TimeHasElapsed
                0x0000c4e4                AllocReqText
                0x0000c614                ToLowerCase
                0x0000c720                WriteUInt32
                0x0000c764                ReadUInt32
                0x0000c790                DuplicateNode
                0x0000c8a8                CountNodes
                0x0000c960                CompareLists
                0x0000ca94                SplitString
                0x0000cd18                FreeStrArray
                0x0000cdf8                FileToBuffer
 .text          0x0000d01c     0x1448 .obj_mos/Timer.o
                0x0000d1b0                PrepareTimer
                0x0000d2fc                StartTimer
                0x0000d4cc                StopTimer
                0x0000d65c                PauseTimer
                0x0000d890                ResumeTimer
                0x0000da14                RestartTimer
                0x0000db38                CreateTRequest
                0x0000dcc8                DeleteTRequest
                0x0000dd88                InitTimers
                0x0000df2c                CleanupTimers
                0x0000e1f0                ProcessTimerEvent
 .text          0x0000e464      0x7d8 .obj_mos/MethodStack.o
                0x0000e464                InitMethodStack
                0x0000e540                CleanupMethodStack
                0x0000e680                PushMethodOnStackA
                0x0000e804                CheckMethodStack
                0x0000e9d0                PushMethodOnStackWaitA
 .text          0x0000ec3c     0x3208 .obj_mos/Threads.o
                0x0000f660                AbortThread
                0x0000f850                WakeupThread
                0x0000f98c                AbortWorkingThreads
                0x0000faa0                HandleThreads
                0x00010240                InitThreads
                0x00010390                PurgeIdleThreads
                0x000104d4                CleanupThreads
                0x00010628                DoActionA
                0x00010b74                IsMainThread
                0x00010c44                CurrentThread
                0x00010de8                SleepThread
                0x000111d4                CurrentThreadName
                0x0001132c                ThreadAbortSignal
                0x00011404                ThreadWakeupSignal
                0x000114d8                ThreadTimerSignal
                0x0001164c                ThreadWasAborted
                0x00011764                ThreadName
                0x00011890                InitThreadTimer
                0x00011ad0                StartThreadTimer
                0x00011bd8                StopThreadTimer
                0x00011d2c                CleanupThreadTimer
 .text          0x00011e44     0x1b50 .obj_mos/HashTable.o
                0x00011e44                DefaultHashAllocTable
                0x00011f0c                DefaultHashGetKey
                0x00011fa4                DefaultHashHashKey
                0x00012038                DefaultHashMatchEntry
                0x00012478                StringHashDestroyEntry
                0x000124c8                DefaultHashFreeTable
                0x00012568                DefaultHashFinalize
                0x000125e4                DefaultHashMoveEntry
                0x00012694                DefaultHashClearEntry
                0x000126bc                StringHashClearEntry
                0x00012728                StringHashHashKey
                0x0001281c                StringHashMatchEntry
                0x00012b68                HashTableInit
                0x00012d10                HashTableNew
                0x00012e4c                HashTableSetAlphaBounds
                0x0001303c                HashTableCleanup
                0x00013174                HashTableDestroy
                0x00013224                HashTableOperate
                0x00013510                HashTableRawRemove
                0x000135cc                HashTableGetDefaultOps
                0x00013660                HashTableGetDefaultStringOps
                0x000136f4                HashTableEnumerate
 .text          0x00013994     0x1594 .obj_mos/ImageCache.o
                0x00013dd0                ImageCacheSetup
                0x00013ef4                ImageCacheCleanup
                0x00013fa8                ObtainImage
                0x00014a10                ReleaseImage
                0x00014d4c                IsImageInCache
                0x00014e6c                DumpImageCache
 .text          0x00014f28      0x568 .obj_mos/FileInfo.o
                0x00014f28                ObtainFileInfo
                0x000152d8                FileExists
 .text          0x00015490      0x5f0 .obj_mos/Requesters.o
                0x00015490                BOURRIQUETMUIRequestA
                0x000158dc                BOURRIQUETMUIRequest
 .text          0x00015a80     0x15ac .obj_mos/Themes.o
                0x00015a80                AllocTheme
                0x00015c8c                ParseThemeFile
                0x000163fc                FreeTheme
                0x000165f8                LoadTheme
                0x00016f4c                UnloadTheme
 .text          0x0001702c      0xcb0 .obj_mos/ServerMet.o
                0x0001702c                parse_opcodes
                0x000178f8                ParseServerMetFile
                0x00017cc0                servers_cleanup
 .text          0x00017cdc     0x154c .obj_mos/DashBoard.o
                0x00018298                getv
                0x000182f4                MA_New
 .text          0x00019228      0xa44 .obj_mos/Config.o
                0x00019228                AllocConfig
                0x0001933c                ClearConfig
                0x00019428                FreeConfig
                0x000194d8                LoadConfig
                0x00019990                SaveConfig
                0x00019be4                IsValidConfig
 .text          0x00019c6c      0x87c .obj_mos/Error.o
                0x0001a2f0                ER_NewError
                0x0001a3ec                ER_NewWarning
 .text          0x0001a4e8      0x348 .obj_mos/hmac_md5.o
                0x0001a4e8                hmac_md5
 .text          0x0001a830     0x1098 .obj_mos/md5.o
                0x0001a830                byteReverse
                0x0001a864                MD5Init
                0x0001a8bc                MD5Transform
                0x0001b2ec                MD5Update
                0x0001b5fc                MD5Final
 .text          0x0001b8c8      0x634 .obj_mos/Lists.o
                0x0001b8c8                list_init
                0x0001b8f0                list_insert
                0x0001b9b4                list_insert_tail
                0x0001ba1c                list_remove_tail
                0x0001baf8                list_first
                0x0001bb60                list_last
                0x0001bbc8                list_find
                0x0001bc54                list_length
                0x0001bce8                node_next
                0x0001bd50                node_prev
                0x0001bdb8                node_list
                0x0001be20                node_index
                0x0001be58                node_remove
 .text          0x0001befc      0xf30 .obj_mos/MD4.o
                0x0001befc                MD4Init
                0x0001bf54                MD4Transform
                0x0001c8a8                MD4Update
                0x0001c9f8                MD4Final
                0x0001cb28                md4
                0x0001cd6c                Encode
                0x0001cdc8                Decode
 .text          0x0001ce2c      0x93c .obj_mos/Share.o
                0x0001ce2c                SearchDirShare
                0x0001d658                write_edk_tags_shared
 .text          0x0001d768      0x9fc .obj_mos/ServerList.o
                0x0001d768                InitServerList
                0x0001d7fc                CreateServerList
                0x0001d964                ScanServerList
                0x0001daf4                CreateServerNode
                0x0001dc28                AddServerNode
                0x0001dd08                DeleteServerNode
                0x0001dddc                ClearServerList
                0x0001dee4                DeleteServerList
                0x0001e040                CountServerNodes
 .text          0x0001e164      0xae0 .obj_mos/ShareList.o
                0x0001e164                InitShareList
                0x0001e1f8                ClearShareList
                0x0001e384                CreateShareList
                0x0001e4ec                DeleteShareList
                0x0001e6cc                ScanShareList
                0x0001e85c                CreateShareNode
                0x0001e97c                AddShareNode
                0x0001ea5c                DeleteShareNode
                0x0001eb20                CountShareNodes
 .text          0x0001ec44     0x1a10 .obj_mos/mui/Classes.o
                0x0001ffd4                Bourriquet_NewObject
                0x00020254                Bourriquet_CleanupClasses
                0x00020398                Bourriquet_SetupClasses
 .text          0x00020654      0xbd0 .obj_mos/mui/SplashWindow.o
                0x00020654                SplashWindowGetSize
                0x00020674                m_SplashWindow_OM_NEW
                0x00020c38                m_SplashWindow_OM_DISPOSE
                0x00020d08                m_SplashWindow_StatusChange
                0x00020e04                m_SplashWindow_ProgressChange
                0x0002119c                m_SplashWindow_SelectUser
 .text          0x00021224      0xde0 .obj_mos/mui/BourriquetApplication.o
                0x00021224                BourriquetApplicationGetSize
                0x00021244                m_BourriquetApplication_OM_NEW
                0x00021570                m_BourriquetApplication_OM_DISPOSE
                0x000215d0                m_BourriquetApplication_OM_GET
                0x00021664                m_BourriquetApplication_OM_SET
                0x000218b4                m_BourriquetApplication_MUIM_Application_PushMethod
                0x000219c4                m_BourriquetApplication_ShowError
                0x00021a7c                m_BourriquetApplication_ShowWarning
                0x00021b5c                m_BourriquetApplication_DisposeWindow
                0x00021c58                m_BourriquetApplication_GotoURL
                0x00021ce0                m_BourriquetApplication_PopUp
                0x00021d68                m_BourriquetApplication_OpenAboutWindow
                0x00021e8c                m_BourriquetApplication_CloseAboutWindow
                0x00021f4c                m_BourriquetApplication_MUIRequestA
 .text          0x00022004     0x26a4 .obj_mos/mui/ImageArea.o
                0x000228e4                ImageAreaGetSize
                0x00022904                m_ImageArea_OM_NEW
                0x00022c98                m_ImageArea_OM_DISPOSE
                0x00022df4                m_ImageArea_OM_GET
                0x00023014                m_ImageArea_OM_SET
                0x00023494                m_ImageArea_MUIM_Setup
                0x000235b4                m_ImageArea_MUIM_Cleanup
                0x000237f8                m_ImageArea_MUIM_AskMinMax
                0x00023bd8                m_ImageArea_MUIM_Draw
 .text          0x000246a8      0xa94 .obj_mos/mui/AboutWindow.o
                0x000246a8                AboutWindowGetSize
                0x000246c8                m_AboutWindow_OM_NEW
                0x00025048                m_AboutWindow_OM_DISPOSE
 .text          0x0002513c      0x374 .obj_mos/mui/ShutdownWindow.o
                0x0002513c                m_ShutdownWindow_OM_NEW
 .text          0x000254b0     0x1454 .obj_mos/mui/ServerList.o
                0x000255e4                ServerListGetSize
                0x00025604                m_ServerList_OM_NEW
                0x0002593c                m_ServerList_OM_DISPOSE
                0x00025a78                m_ServerList_OM_GET
                0x00025c0c                m_ServerList_MUIM_ContextMenuBuild
                0x000261bc                m_ServerList_MUIM_NList_Compare
                0x00026384                m_ServerList_MUIM_NList_Display
                0x00026760                m_ServerList_MakeFormat
 .text          0x00026904     0x123c .obj_mos/mui/GenericRequestWindow.o
                0x00026904                GenericRequestWindowGetSize
                0x00026924                m_GenericRequestWindow_OM_NEW
                0x000278b0                m_GenericRequestWindow_OM_DISPOSE
                0x000279e0                m_GenericRequestWindow_OM_GET
                0x00027a70                m_GenericRequestWindow_FinishInput
 .text          0x00027b40      0x334 .obj_mos/mui/MainWindow.o
                0x00027b40                m_MainWindow_OM_SET
                0x00027c70                m_MainWindow_MUIM_Window_Snapshot
                0x00027d64                m_MainWindow_ShowErrors
                0x00027dec                m_MainWindow_Relayout
 .text          0x00027e74      0x178 .obj_mos/mui/Log.o
                0x00027e74                LogGetSize
                0x00027e94                m_Log_OM_NEW
                0x00027f64                m_Log_MUIM_NList_Display
 .text          0x00027fec      0x198 .obj_mos/mui/InfosServeur.o
                0x00027fec                InfosServeurGetSize
                0x0002800c                m_InfosServeur_OM_NEW
                0x000280fc                m_InfosServeur_MUIM_NList_Display
 .text          0x00028184      0x5f0 .obj_mos/mui/ResearchList.o
                0x00028184                ResearchListGetSize
                0x000281a4                m_ResearchList_OM_NEW
                0x00028344                m_ResearchList_OM_DISPOSE
                0x000283dc                m_ResearchList_OM_GET
                0x00028434                m_ResearchList_MUIM_NList_Display
                0x000285f4                m_ResearchList_MakeFormat
 .text          0x00028774      0x5b0 .obj_mos/mui/DownloadList.o
                0x00028774                DownloadListGetSize
                0x00028794                m_DownloadList_OM_NEW
                0x00028924                m_DownloadList_OM_DISPOSE
                0x000289bc                m_DownloadList_OM_GET
                0x00028a14                m_DownloadList_MUIM_NList_Display
                0x00028ba4                m_DownloadList_MakeFormat
 .text          0x00028d24      0x580 .obj_mos/mui/UploadList.o
                0x00028d24                UploadListGetSize
                0x00028d44                m_UploadList_OM_NEW
                0x00028ed4                m_UploadList_OM_DISPOSE
                0x00028f6c                m_UploadList_OM_GET
                0x00028fc4                m_UploadList_MUIM_NList_Display
                0x00029124                m_UploadList_MakeFormat
 .text          0x000292a4      0x65c .obj_mos/mui/SharedList.o
                0x000292a4                SharedListGetSize
                0x000292c4                m_SharedList_OM_NEW
                0x00029454                m_SharedList_OM_DISPOSE
                0x000294ec                m_SharedList_OM_GET
                0x00029544                m_SharedList_MUIM_NList_Display
                0x00029780                m_SharedList_MakeFormat
 .text          0x00029900     0x1534 .obj_mos/mui/ConfigPage.o
                0x00029900                ConfigPageGetSize
                0x00029920                m_ConfigPage_OM_NEW
                0x0002ab34                m_ConfigPage_OM_GET
                0x0002ac54                m_ConfigPage_ConfigToGUI
                0x0002ad00                m_ConfigPage_GUIToConfig
                0x0002adac                m_ConfigPage_ConfigUpdate
 .text          0x0002ae34      0x480 .obj_mos/mui/ThemeList.o
                0x0002ae34                m_ThemeList_OM_NEW
                0x0002af38                m_ThemeList_MUIM_NList_Construct
                0x0002aff8                m_ThemeList_MUIM_NList_Destruct
                0x0002b0ac                m_ThemeList_MUIM_NList_Compare
                0x0002b1b0                m_ThemeList_MUIM_NList_Display
 .text          0x0002b2b4      0xf68 .obj_mos/mui/ThemeListGroup.o
                0x0002b2b4                ThemeListGroupGetSize
                0x0002b2d4                m_ThemeListGroup_OM_NEW
                0x0002b9e4                m_ThemeListGroup_Update
                0x0002be70                m_ThemeListGroup_SelectionChanged
                0x0002c068                m_ThemeListGroup_ActivateTheme
 .text          0x0002c21c      0x4b0 .obj_mos/mui/SharedPage.o
                0x0002c21c                SharedPageGetSize
                0x0002c23c                m_SharedPage_OM_NEW
                0x0002c644                m_SharedPage_OM_GET
 .text          0x0002c6cc      0x80c .obj_mos/mui/ResearchPage.o
                0x0002c6cc                ResearchPageGetSize
                0x0002c6ec                m_ResearchPage_OM_NEW
                0x0002ce50                m_ResearchPage_OM_GET
 .text          0x0002ced8      0x5f4 .obj_mos/mui/TransfertPage.o
                0x0002ced8                TransfertPageGetSize
                0x0002cef8                m_TransfertPage_OM_NEW
                0x0002d444                m_TransfertPage_OM_GET
 .text          0x0002d4cc     0x12ac .obj_mos/mui/ServerPage.o
                0x0002d4cc                ServerPageGetSize
                0x0002d4ec                m_ServerPage_OM_NEW
                0x0002e260                m_ServerPage_OM_GET
                0x0002e2e8                m_ServerPage_Update
                0x0002e3dc                m_ServerPage_SingleConnection
                0x0002e56c                m_ServerPage_Entry
                0x0002e63c                m_ServerPage_AddServer
 .text          0x0002e778      0x4e4 .obj_mos/mui/StatusBar.o
                0x0002e778                StatusBarGetSize
                0x0002e798                m_StatusBar_OM_NEW
                0x0002ea90                m_StatusBar_OM_GET
                0x0002eb18                m_StatusBar_Update
 .text          0x0002ec5c     0x15e8 .obj_mos/extrasrc/AllocSysObject.o
                0x0002ec5c                AllocSysObject
                0x0002ff34                FreeSysObject
 .text          0x00030244      0x720 .obj_mos/extrasrc/ExamineDir.o
                0x00030244                ReleaseDirContext
                0x000303f8                ObtainDirContext
                0x000306b4                ExamineDir
 .text          0x00030964       0x48 .obj_mos/extrasrc/GetHead.o
                0x00030964                GetHead
 .text          0x000309ac       0x54 .obj_mos/extrasrc/GetPred.o
                0x000309ac                GetPred
 .text          0x00030a00       0x54 .obj_mos/extrasrc/GetSucc.o
                0x00030a00                GetSucc
 .text          0x00030a54       0x4c .obj_mos/extrasrc/GetTail.o
                0x00030a54                GetTail
 .text          0x00030aa0       0x48 .obj_mos/extrasrc/ItemPoolAlloc.o
                0x00030aa0                ItemPoolAlloc
 .text          0x00030ae8       0x6c .obj_mos/extrasrc/ItemPoolFree.o
                0x00030ae8                ItemPoolFree
 .text          0x00030b54       0x68 .obj_mos/extrasrc/MoveList.o
                0x00030b54                MoveList
 .text          0x00030bbc     0x11b8 .obj_mos/extrasrc/NewReadArgs.o
                0x00030bbc                NewFreeArgs
                0x00030e7c                NewReadArgs
 .text          0x00031d74       0xbc .obj_mos/extrasrc/SetProcWindow.o
                0x00031d74                SetProcWindow
 .text          0x00031e30       0x94 .obj_mos/extrasrc/asprintf.o
                0x00031e30                asprintf
 .text          0x00031ec4      0x2d4 .obj_mos/extrasrc/getdelim.o
                0x00031ec4                getdelim
 .text          0x00032198       0x84 .obj_mos/extrasrc/memdup.o
                0x00032198                memdup
 .text          0x0003221c       0xe0 .obj_mos/extrasrc/vasprintf.o
                0x0003221c                vasprintf
 .text          0x000322fc     0x1260 .obj_mos/tcp/ConnectionProtocole.o
                0x000322fc                host_cleanup
                0x000323e0                ConnectionIsOnline
                0x000324f4                get_sockfd
                0x000325f8                ed2k_login
                0x00032db4                pollEdkEvents
                0x000331e4                ConnectionServer
 .text          0x0003355c     0x3a98 .obj_mos/tcp/Socket.o
                0x0003355c                delete_timer
                0x000335e0                create_timer
                0x00033778                startTimer
                0x000337cc                timerclocks
                0x00033838                timerwaits
                0x00033908                ClockUs
                0x00033974                newID
                0x00033a44                get_socket_address
                0x00033b5c                get_connected
                0x00033c64                testRecv
                0x00033e10                testSend
                0x00033fbc                waitSend
                0x000343cc                waitRecv
                0x00034610                get_response
                0x000347fc                send_msg
                0x0003490c                sendPacket
                0x00034a90                establish_connection
                0x00034e9c                write_edk_tags
                0x00034fc4                handshake
                0x000353b4                connectHandler
                0x00035434                readHandler
                0x00035830                acceptHandler
                0x00035b0c                writeHandler
                0x00035b28                closeHandler
                0x00035d2c                getErrno
                0x00036b44                errorHandler
                0x00036cc0                AsynchSocketEvents
 .text          0x00036ff4     0x2150 .obj_mos/tcp/Parser.o
                0x000378ac                hash_bin2hex
                0x00037b88                hash_hex2bin
                0x00037c34                myseek
                0x00037e10                gapHandle
                0x0003807c                uploadGapHandle
                0x000382f8                parse_host_reply
                0x000390d0                parse_cmd
 .text          0x00039144       0x6c /MOS3/Development/gg/bin/../lib/gcc-lib/ppc-morphos/9.5.0/../../../libcodesets.a(CodesetsListDelete.o)
                0x00039144                CodesetsListDelete
 .text          0x000391b0       0x6c /MOS3/Development/gg/bin/../lib/gcc-lib/ppc-morphos/9.5.0/../../../libcodesets.a(CodesetsUTF8ToStr.o)
                0x000391b0                CodesetsUTF8ToStr
 .text          0x0003921c       0x4c /MOS3/Development/gg/bin/../lib/gcc-lib/ppc-morphos/9.5.0/libnix/libgcc.a(_eprintf.o)
                0x0003921c                __eprintf
 .text          0x00039268      0x510 /MOS3/Development/gg/bin/../lib/gcc-lib/ppc-morphos/9.5.0/../../../../ppc-morphos/lib/libnix/libc.a(__nocommandline.o)
                0x00039268                __nocommandline
                0x0003970c                __DSTP___exitcommandline
 .text          0x00039778       0x98 /MOS3/Development/gg/bin/../lib/gcc-lib/ppc-morphos/9.5.0/../../../../ppc-morphos/lib/libnix/libc.a(printf.o)
                0x00039778                printf
 .text          0x00039810       0x6c /MOS3/Development/gg/bin/../lib/gcc-lib/ppc-morphos/9.5.0/../../../../ppc-morphos/lib/libnix/libc.a(vfprintf.o)
                0x00039840                vfprintf
 .text          0x0003987c       0x34 /MOS3/Development/gg/bin/../lib/gcc-lib/ppc-morphos/9.5.0/../../../../ppc-morphos/lib/libnix/libc.a(vprintf.o)
                0x0003987c                vprintf
 .text          0x000398b0       0x90 /MOS3/Development/gg/bin/../lib/gcc-lib/ppc-morphos/9.5.0/../../../../ppc-morphos/lib/libnix/libc.a(__stdio.o)
                0x000398b0                __CSTP___initstdfio
 .text          0x00039940      0x294 /MOS3/Development/gg/bin/../lib/gcc-lib/ppc-morphos/9.5.0/../../../../ppc-morphos/lib/libnix/libc.a(fopen.o)
                0x00039940                fopen
                0x00039a78                fclose
                0x00039b60                __DSTP___exitstdfio
 .text          0x00039bd4       0x58 /MOS3/Development/gg/bin/../lib/gcc-lib/ppc-morphos/9.5.0/../../../../ppc-morphos/lib/libnix/libc.a(calloc.o)
                0x00039bd4                calloc
 .text          0x00039c2c      0x1e0 /MOS3/Development/gg/bin/../lib/gcc-lib/ppc-morphos/9.5.0/../../../../ppc-morphos/lib/libnix/libc.a(malloc.o)
                0x00039c2c                libnix_outofmem
                0x00039c34                malloc
                0x00039d28                __DSTP___exitmalloc
 .text          0x00039e0c      0x2cc /MOS3/Development/gg/bin/../lib/gcc-lib/ppc-morphos/9.5.0/../../../../ppc-morphos/lib/libnix/libc.a(freopen.o)
                0x00039e0c                freopen
 .text          0x0003a0d8       0x70 /MOS3/Development/gg/bin/../lib/gcc-lib/ppc-morphos/9.5.0/../../../../ppc-morphos/lib/libnix/libc.a(free.o)
                0x0003a0d8                free
 .text          0x0003a148      0x38c /MOS3/Development/gg/bin/../lib/gcc-lib/ppc-morphos/9.5.0/../../../../ppc-morphos/lib/libnix/libc.a(errno.o)
                0x0003a3a0                __CSTP___tls_libnix
                0x0003a3d4                __DSTP___tls_libnix
                0x0003a490                __errno_location
                0x0003a4b0                __OSERR_location
 .text          0x0003a4d4       0xc8 /MOS3/Development/gg/bin/../lib/gcc-lib/ppc-morphos/9.5.0/../../../../ppc-morphos/lib/libnix/libc.a(__fflush.o)
                0x0003a4d4                __fflush
 .text          0x0003a59c     0x1894 /MOS3/Development/gg/bin/../lib/gcc-lib/ppc-morphos/9.5.0/../../../../ppc-morphos/lib/libnix/libc.a(open.o)
                0x0003a59c                __get_handle
                0x0003a658                __set_handle
                0x0003a724                __get_fd_position
                0x0003a7f4                __set_fd_position
                0x0003a8e4                __modify_fd_position
                0x0003ac08                __CSTP___initstdio
                0x0003af4c                __DSTP___exitstdio
                0x0003b268                __open
                0x0003b268                open
                0x0003b580                __dup
                0x0003b580                dup
                0x0003b730                __dup2
                0x0003b730                dup2
                0x0003b90c                fcntl
                0x0003bd0c                __close
                0x0003bd0c                close
 .text          0x0003be30       0x50 /MOS3/Development/gg/bin/../lib/gcc-lib/ppc-morphos/9.5.0/../../../../ppc-morphos/lib/libnix/libc.a(__isatty.o)
                0x0003be30                isatty
 .text          0x0003be80       0xac /MOS3/Development/gg/bin/../lib/gcc-lib/ppc-morphos/9.5.0/../../../../ppc-morphos/lib/libnix/libc.a(__seterrno.o)
                0x0003be80                __seterrno
 .text          0x0003bf2c        0x0 /MOS3/Development/gg/bin/../lib/gcc-lib/ppc-morphos/9.5.0/../../../../ppc-morphos/lib/libnix/libc.a(_ctype_.o)
 .text          0x0003bf2c       0x6c /MOS3/Development/gg/bin/../lib/gcc-lib/ppc-morphos/9.5.0/../../../../ppc-morphos/lib/libnix/libc.a(fputc.o)
                0x0003bf2c                putc
                0x0003bf2c                fputc
 .text          0x0003bf98      0x1c8 /MOS3/Development/gg/bin/../lib/gcc-lib/ppc-morphos/9.5.0/../../../../ppc-morphos/lib/libnix/libc.a(__swbuf.o)
                0x0003bf98                __swbuf
 .text          0x0003c160       0xe4 /MOS3/Development/gg/bin/../lib/gcc-lib/ppc-morphos/9.5.0/../../../../ppc-morphos/lib/libnix/libc.a(realloc.o)
                0x0003c160                realloc
 .text          0x0003c244        0x0 /MOS3/Development/gg/bin/../lib/gcc-lib/ppc-morphos/9.5.0/../../../../ppc-morphos/lib/libnix/libc.a(__signalfunc.o)
 .text          0x0003c244      0x1dc /MOS3/Development/gg/bin/../lib/gcc-lib/ppc-morphos/9.5.0/../../../../ppc-morphos/lib/libnix/libc.a(__srget.o)
                0x0003c244                __srget
 .text          0x0003c420       0x28 /MOS3/Development/gg/bin/../lib/gcc-lib/ppc-morphos/9.5.0/../../../../ppc-morphos/lib/libnix/libc.a(isspace.o)
                0x0003c420                isspace
 .text          0x0003c448       0xcc /MOS3/Development/gg/bin/../lib/gcc-lib/ppc-morphos/9.5.0/../../../../ppc-morphos/lib/libnix/libc.a(memset.o)
                0x0003c448                memset
 .text          0x0003c514       0x48 /MOS3/Development/gg/bin/../lib/gcc-lib/ppc-morphos/9.5.0/../../../../ppc-morphos/lib/libnix/libc.a(time.o)
                0x0003c514                time
 .text          0x0003c55c      0x170 /MOS3/Development/gg/bin/../lib/gcc-lib/ppc-morphos/9.5.0/../../../../ppc-morphos/lib/libnix/libc.a(fread.o)
                0x0003c55c                fread
 .text          0x0003c6cc       0xc0 /MOS3/Development/gg/bin/../lib/gcc-lib/ppc-morphos/9.5.0/../../../../ppc-morphos/lib/libnix/libc.a(ftell.o)
                0x0003c6cc                ftell
 .text          0x0003c78c      0x1e8 /MOS3/Development/gg/bin/../lib/gcc-lib/ppc-morphos/9.5.0/../../../../ppc-morphos/lib/libnix/libc.a(fseek.o)
                0x0003c78c                fseek
 .text          0x0003c974      0x148 /MOS3/Development/gg/bin/../lib/gcc-lib/ppc-morphos/9.5.0/../../../../ppc-morphos/lib/libnix/libc.a(fwrite.o)
                0x0003c974                fwrite
 .text          0x0003cabc       0x50 /MOS3/Development/gg/bin/../lib/gcc-lib/ppc-morphos/9.5.0/../../../../ppc-morphos/lib/libnix/libc.a(abort.o)
                0x0003cabc                abort
 .text          0x0003cb0c      0x284 /MOS3/Development/gg/bin/../lib/gcc-lib/ppc-morphos/9.5.0/../../../../ppc-morphos/lib/libnix/libc.a(atexit.o)
                0x0003cb0c                atexit
                0x0003cbcc                at_quick_exit
                0x0003cc8c                quick_exit
                0x0003ccdc                _Exit
                0x0003ccdc                _exit
                0x0003cd24                __DSTP___exitatexit
 .text          0x0003cd90       0x2c /MOS3/Development/gg/bin/../lib/gcc-lib/ppc-morphos/9.5.0/../../../../ppc-morphos/lib/libnix/libc.a(atoi.o)
                0x0003cd90                atoi
 .text          0x0003cdbc      0x20c /MOS3/Development/gg/bin/../lib/gcc-lib/ppc-morphos/9.5.0/../../../../ppc-morphos/lib/libnix/libc.a(qsort.o)
                0x0003cdbc                qsort
 .text          0x0003cfc8       0x74 /MOS3/Development/gg/bin/../lib/gcc-lib/ppc-morphos/9.5.0/../../../../ppc-morphos/lib/libnix/libc.a(rand.o)
                0x0003cfc8                rand_r
                0x0003d008                rand
                0x0003d030                srand
 .text          0x0003d03c       0xf4 /MOS3/Development/gg/bin/../lib/gcc-lib/ppc-morphos/9.5.0/../../../../ppc-morphos/lib/libnix/libc.a(strtol_impl.o)
                0x0003d03c                __strtol_impl
 .text          0x0003d130       0x68 /MOS3/Development/gg/bin/../lib/gcc-lib/ppc-morphos/9.5.0/../../../../ppc-morphos/lib/libnix/libc.a(strtol.o)
                0x0003d130                strtol
 .text          0x0003d198      0x2fc /MOS3/Development/gg/bin/../lib/gcc-lib/ppc-morphos/9.5.0/../../../../ppc-morphos/lib/libnix/libc.a(strtoul_impl.o)
                0x0003d198                __strtoul_impl
 .text          0x0003d494       0x28 /MOS3/Development/gg/bin/../lib/gcc-lib/ppc-morphos/9.5.0/../../../../ppc-morphos/lib/libnix/libc.a(ldiv.o)
                0x0003d494                ldiv
 .text          0x0003d4bc       0xd0 /MOS3/Development/gg/bin/../lib/gcc-lib/ppc-morphos/9.5.0/../../../../ppc-morphos/lib/libnix/libc.a(fflush.o)
                0x0003d4bc                fflush
 .text          0x0003d58c       0x94 /MOS3/Development/gg/bin/../lib/gcc-lib/ppc-morphos/9.5.0/../../../../ppc-morphos/lib/libnix/libc.a(fprintf.o)
                0x0003d58c                fprintf
 .text          0x0003d620       0x84 /MOS3/Development/gg/bin/../lib/gcc-lib/ppc-morphos/9.5.0/../../../../ppc-morphos/lib/libnix/libc.a(fputs.o)
                0x0003d620                fputs
 .text          0x0003d6a4       0x48 /MOS3/Development/gg/bin/../lib/gcc-lib/ppc-morphos/9.5.0/../../../../ppc-morphos/lib/libnix/libc.a(memmove.o)
                0x0003d6a4                memmove
 .text          0x0003d6ec      0x1f0 /MOS3/Development/gg/bin/../lib/gcc-lib/ppc-morphos/9.5.0/../../../../ppc-morphos/lib/libnix/libc.a(bcopy.o)
                0x0003d6ec                bcopy
 .text          0x0003d8dc       0x88 /MOS3/Development/gg/bin/../lib/gcc-lib/ppc-morphos/9.5.0/../../../../ppc-morphos/lib/libnix/libc.a(puts.o)
                0x0003d8dc                puts
 .text          0x0003d964      0x1e4 /MOS3/Development/gg/bin/../lib/gcc-lib/ppc-morphos/9.5.0/../../../../ppc-morphos/lib/libnix/libc.a(setvbuf.o)
                0x0003d964                setvbuf
 .text          0x0003db48       0x94 /MOS3/Development/gg/bin/../lib/gcc-lib/ppc-morphos/9.5.0/../../../../ppc-morphos/lib/libnix/libc.a(sprintf.o)
                0x0003db48                sprintf
 .text          0x0003dbdc       0x24 /MOS3/Development/gg/bin/../lib/gcc-lib/ppc-morphos/9.5.0/../../../../ppc-morphos/lib/libnix/libc.a(strchr.o)
                0x0003dbdc                index
                0x0003dbdc                stpchr
                0x0003dbdc                strchr
 .text          0x0003dc00       0x28 /MOS3/Development/gg/bin/../lib/gcc-lib/ppc-morphos/9.5.0/../../../../ppc-morphos/lib/libnix/libc.a(strcmp.o)
                0x0003dc00                strcmp
 .text          0x0003dc28       0x24 /MOS3/Development/gg/bin/../lib/gcc-lib/ppc-morphos/9.5.0/../../../../ppc-morphos/lib/libnix/libc.a(strcpy.o)
                0x0003dc28                strcpy
 .text          0x0003dc4c       0x20 /MOS3/Development/gg/bin/../lib/gcc-lib/ppc-morphos/9.5.0/../../../../ppc-morphos/lib/libnix/libc.a(strlen.o)
                0x0003dc4c                strlen
 .text          0x0003dc6c       0x9c /MOS3/Development/gg/bin/../lib/gcc-lib/ppc-morphos/9.5.0/../../../../ppc-morphos/lib/libnix/libc.a(strlcat.o)
                0x0003dc6c                strlcat
 .text          0x0003dd08       0x38 /MOS3/Development/gg/bin/../lib/gcc-lib/ppc-morphos/9.5.0/../../../../ppc-morphos/lib/libnix/libc.a(strncmp.o)
                0x0003dd08                strncmp
 .text          0x0003dd40       0x4c /MOS3/Development/gg/bin/../lib/gcc-lib/ppc-morphos/9.5.0/../../../../ppc-morphos/lib/libnix/libc.a(strncpy.o)
                0x0003dd40                strncpy
 .text          0x0003dd8c       0x74 /MOS3/Development/gg/bin/../lib/gcc-lib/ppc-morphos/9.5.0/../../../../ppc-morphos/lib/libnix/libc.a(strlcpy.o)
                0x0003dd8c                strlcpy
 .text          0x0003de00       0x4c /MOS3/Development/gg/bin/../lib/gcc-lib/ppc-morphos/9.5.0/../../../../ppc-morphos/lib/libnix/libc.a(strpbrk.o)
                0x0003de00                strpbrk
 .text          0x0003de4c       0x38 /MOS3/Development/gg/bin/../lib/gcc-lib/ppc-morphos/9.5.0/../../../../ppc-morphos/lib/libnix/libc.a(strrchr.o)
                0x0003de4c                stpchrn
                0x0003de4c                strrchr
                0x0003de4c                rindex
 .text          0x0003de84       0x54 /MOS3/Development/gg/bin/../lib/gcc-lib/ppc-morphos/9.5.0/../../../../ppc-morphos/lib/libnix/libc.a(strstr.o)
                0x0003de84                strstr
 .text          0x0003ded8       0xd8 /MOS3/Development/gg/bin/../lib/gcc-lib/ppc-morphos/9.5.0/../../../../ppc-morphos/lib/libnix/libc.a(strtok.o)
                0x0003ded8                strtok_r
                0x0003df88                strtok
 .text          0x0003dfb0       0x6c /MOS3/Development/gg/bin/../lib/gcc-lib/ppc-morphos/9.5.0/../../../../ppc-morphos/lib/libnix/libc.a(memcpy.o)
                0x0003dfb0                memcpy
 .text          0x0003e01c       0x60 /MOS3/Development/gg/bin/../lib/gcc-lib/ppc-morphos/9.5.0/../../../../ppc-morphos/lib/libnix/libc.a(vsprintf.o)
                0x0003e038                vsprintf
 .text          0x0003e07c       0x9c /MOS3/Development/gg/bin/../lib/gcc-lib/ppc-morphos/9.5.0/../../../../ppc-morphos/lib/libnix/libc.a(stricmp.o)
                0x0003e07c                stricmp
                0x0003e07c                strcasecmp
 .text          0x0003e118       0xc0 /MOS3/Development/gg/bin/../lib/gcc-lib/ppc-morphos/9.5.0/../../../../ppc-morphos/lib/libnix/libc.a(strcasestr.o)
                0x0003e118                strcasestr
 .text          0x0003e1d8      0x244 /MOS3/Development/gg/bin/../lib/gcc-lib/ppc-morphos/9.5.0/../../../../ppc-morphos/lib/libnix/libc.a(fstat.o)
                0x0003e1d8                fstat
 .text          0x0003e41c       0xbc /MOS3/Development/gg/bin/../lib/gcc-lib/ppc-morphos/9.5.0/../../../../ppc-morphos/lib/libnix/libc.a(bzero.o)
                0x0003e41c                bzero
 .text          0x0003e4d8       0x70 /MOS3/Development/gg/bin/../lib/gcc-lib/ppc-morphos/9.5.0/../../../../ppc-morphos/lib/libnix/libc.a(strdup.o)
                0x0003e4d8                strdup
 .text          0x0003e548      0x1a0 /MOS3/Development/gg/bin/../lib/gcc-lib/ppc-morphos/9.5.0/../../../../ppc-morphos/lib/libnix/libc.a(gettimeofday.o)
                0x0003e5f8                gettimeofday
 .text          0x0003e6e8       0xb0 /MOS3/Development/gg/bin/../lib/gcc-lib/ppc-morphos/9.5.0/../../../../ppc-morphos/lib/libnix/libc.a(strnicmp.o)
                0x0003e6e8                strncasecmp
                0x0003e6e8                strnicmp
 .text          0x0003e798       0x90 /MOS3/Development/gg/bin/../lib/gcc-lib/ppc-morphos/9.5.0/../../../../ppc-morphos/lib/libnix/libc.a(snprintf.o)
                0x0003e798                snprintf
 .text          0x0003e828       0xb4 /MOS3/Development/gg/bin/../lib/gcc-lib/ppc-morphos/9.5.0/../../../../ppc-morphos/lib/libnix/libc.a(vsnprintf.o)
                0x0003e874                vsnprintf
 .text          0x0003e8dc        0x0 /MOS3/Development/gg/bin/../lib/gcc-lib/ppc-morphos/9.5.0/../../../../ppc-morphos/lib/libnix/libc.a(__stdv37.o)
 .text          0x0003e8dc        0x0 /MOS3/Development/gg/bin/../lib/gcc-lib/ppc-morphos/9.5.0/../../../../ppc-morphos/lib/libnix/libc.a(__stdwin.o)
 .text          0x0003e8dc        0x0 /MOS3/Development/gg/bin/../lib/gcc-lib/ppc-morphos/9.5.0/../../../../ppc-morphos/lib/libnix/libc.a(semaphore.o)
 .text          0x0003e8dc      0x188 /MOS3/Development/gg/bin/../lib/gcc-lib/ppc-morphos/9.5.0/../../../../ppc-morphos/lib/libnix/libc.a(write.o)
                0x0003e8dc                __write
                0x0003e8dc                write
 .text          0x0003ea64       0xe4 /MOS3/Development/gg/bin/../lib/gcc-lib/ppc-morphos/9.5.0/../../../../ppc-morphos/lib/libnix/libc.a(read.o)
                0x0003ea64                __read
                0x0003ea64                read
 .text          0x0003eb48      0x1cc /MOS3/Development/gg/bin/../lib/gcc-lib/ppc-morphos/9.5.0/../../../../ppc-morphos/lib/libnix/libc.a(lseek.o)
                0x0003eb48                lseek
                0x0003eb48                __lseek
 .text          0x0003ed14      0x2e0 /MOS3/Development/gg/bin/../lib/gcc-lib/ppc-morphos/9.5.0/../../../../ppc-morphos/lib/libnix/libc.a(lseek64.o)
                0x0003ed14                lseek64
 .text          0x0003eff4     0x1de4 /MOS3/Development/gg/bin/../lib/gcc-lib/ppc-morphos/9.5.0/../../../../ppc-morphos/lib/libnix/libc.a(printfshared.o)
                0x0003f134                _printfshared
 .text          0x00040dd8       0x64 /MOS3/Development/gg/bin/../lib/gcc-lib/ppc-morphos/9.5.0/../../../../ppc-morphos/lib/libnix/libc.a(__chkabort.o)
                0x00040dd8                chkabort
                0x00040dd8                Chk_Abort
                0x00040dd8                __chkabort
 .text          0x00040e3c      0x154 /MOS3/Development/gg/bin/../lib/gcc-lib/ppc-morphos/9.5.0/../../../../ppc-morphos/lib/libnix/libc.a(raise.o)
                0x00040e3c                raise
 .text          0x00040f90       0x58 /MOS3/Development/gg/bin/../lib/gcc-lib/ppc-morphos/9.5.0/../../../../ppc-morphos/lib/libnix/libc.a(isinf.o)
                0x00040f90                isinf
 .text          0x00040fe8       0x44 /MOS3/Development/gg/bin/../lib/gcc-lib/ppc-morphos/9.5.0/../../../../ppc-morphos/lib/libnix/libc.a(isnan.o)
                0x00040fe8                isnan
 .text          0x0004102c        0x0 /MOS3/Development/gg/bin/../lib/gcc-lib/ppc-morphos/9.5.0/../../../../ppc-morphos/lib/libnix/libc.a(__decimalpoint.o)
 .text          0x0004102c        0x0 /MOS3/Development/gg/bin/../lib/gcc-lib/ppc-morphos/9.5.0/../../../../ppc-morphos/lib/libnix/libc.a(__gmtoffset.o)
 .text          0x0004102c       0x30 /MOS3/Development/gg/bin/../lib/gcc-lib/ppc-morphos/9.5.0/../../../../ppc-morphos/lib/libnix/libc.a(strcspn.o)
                0x0004102c                strcspn
 .text          0x0004105c       0x50 /MOS3/Development/gg/bin/../lib/gcc-lib/ppc-morphos/9.5.0/../../../../ppc-morphos/lib/libnix/libc.a(strspn.o)
                0x0004105c                strspn
 .text          0x000410ac      0x134 /MOS3/Development/gg/bin/../lib/gcc-lib/ppc-morphos/9.5.0/../../../../ppc-morphos/lib/libnix/libc.a(__stat.o)
                0x000410ac                __stat
 .text          0x000411e0       0x34 /MOS3/Development/gg/bin/../lib/gcc-lib/ppc-morphos/9.5.0/../../../../ppc-morphos/lib/libnix/libc.a(wcrtomb.o)
                0x000411e0                wcrtomb_errno
 .text          0x00041214      0x4a8 /MOS3/Development/gg/bin/../lib/gcc-lib/ppc-morphos/9.5.0/../../../../ppc-morphos/lib/libnix/libc.a(timezone.o)
                0x00041214                tz_gmtime
                0x00041264                tz_localtime_z
                0x000412b4                tz_mktime_z
                0x00041300                datestamp_to_unixtime
                0x00041444                __CSTP___inittimezone
                0x000415c8                __DSTP___exittimezone
 .text          0x000416bc       0xf0 /MOS3/Development/gg/bin/../lib/gcc-lib/ppc-morphos/9.5.0/../../../../ppc-morphos/lib/libnix/libc.a(getenv.o)
                0x000416bc                getenv
                0x000416bc                __getenv
 .text          0x000417ac       0x18 /MOS3/Development/gg/bin/../lib/gcc-lib/ppc-morphos/9.5.0/../../../../ppc-morphos/lib/libabox.a(newlist.oPPC)
                0x000417ac                NewList
 .text          0x000417c4       0x74 /MOS3/Development/gg/bin/../lib/gcc-lib/ppc-morphos/9.5.0/../../../../ppc-morphos/lib/libabox.a(deleteport.oPPC)
                0x000417c4                DeletePort
 .text          0x00041838       0x78 /MOS3/Development/gg/bin/../lib/gcc-lib/ppc-morphos/9.5.0/../../../../ppc-morphos/lib/libabox.a(deleteio.oPPC)
                0x00041838                DeleteExtIO
                0x00041874                DeleteStdIO
 .text          0x000418b0       0x38 /MOS3/Development/gg/bin/../lib/gcc-lib/ppc-morphos/9.5.0/../../../../ppc-morphos/lib/libabox.a(hookentry.oPPC)
                0x000418b0                HookEntryFunc
 .text          0x000418e8       0x70 /MOS3/Development/gg/bin/../lib/gcc-lib/ppc-morphos/9.5.0/../../../../ppc-morphos/lib/libabox.a(domethod.oPPC)
                0x000418e8                DoMethod
 .text          0x00041958       0x94 /MOS3/Development/gg/bin/../lib/gcc-lib/ppc-morphos/9.5.0/../../../../ppc-morphos/lib/libabox.a(dosupernew.oPPC)
                0x00041958                DoSuperNew
 .text          0x000419ec       0x20 /MOS3/Development/gg/bin/../lib/gcc-lib/ppc-morphos/9.5.0/../../../../ppc-morphos/lib/libaboxstubs.a(AllocSignal.45.o)
                0x000419ec                AllocSignal
 .text          0x00041a0c       0x6c /MOS3/Development/gg/bin/../lib/gcc-lib/ppc-morphos/9.5.0/../../../../ppc-morphos/lib/libaboxstubs.a(CreateNewProcTags.87.o)
                0x00041a0c                CreateNewProcTags
 .text          0x00041a78       0x20 /MOS3/Development/gg/bin/../lib/gcc-lib/ppc-morphos/9.5.0/../../../../ppc-morphos/lib/libaboxstubs.a(Delay.27.o)
                0x00041a78                Delay
 .text          0x00041a98       0x20 /MOS3/Development/gg/bin/../lib/gcc-lib/ppc-morphos/9.5.0/../../../../ppc-morphos/lib/libaboxstubs.a(FreeSignal.46.o)
                0x00041a98                FreeSignal
 .text          0x00041ab8       0x6c /MOS3/Development/gg/bin/../lib/gcc-lib/ppc-morphos/9.5.0/../../../../ppc-morphos/lib/libaboxstubs.a(GetDTAttrs.10.o)
                0x00041ab8                GetDTAttrs
 .text          0x00041b24       0x6c /MOS3/Development/gg/bin/../lib/gcc-lib/ppc-morphos/9.5.0/../../../../ppc-morphos/lib/libaboxstubs.a(GetIconTags.23.o)
                0x00041b24                GetIconTags
 .text          0x00041b90       0x6c /MOS3/Development/gg/bin/../lib/gcc-lib/ppc-morphos/9.5.0/../../../../ppc-morphos/lib/libaboxstubs.a(MUI_MakeObject.4.o)
                0x00041b90                MUI_MakeObject
 .text          0x00041bfc       0x6c /MOS3/Development/gg/bin/../lib/gcc-lib/ppc-morphos/9.5.0/../../../../ppc-morphos/lib/libaboxstubs.a(MUI_NewObject.2.o)
                0x00041bfc                MUI_NewObject
 .text          0x00041c68       0x6c /MOS3/Development/gg/bin/../lib/gcc-lib/ppc-morphos/9.5.0/../../../../ppc-morphos/lib/libaboxstubs.a(MUI_Request.7.o)
                0x00041c68                MUI_Request
 .text          0x00041cd4       0x6c /MOS3/Development/gg/bin/../lib/gcc-lib/ppc-morphos/9.5.0/../../../../ppc-morphos/lib/libaboxstubs.a(NewDTObject.5.o)
                0x00041cd4                NewDTObject
 .text          0x00041d40       0x6c /MOS3/Development/gg/bin/../lib/gcc-lib/ppc-morphos/9.5.0/../../../../ppc-morphos/lib/libaboxstubs.a(OpenCatalog.21.o)
                0x00041d40                OpenCatalog
 .text          0x00041dac       0x6c /MOS3/Development/gg/bin/../lib/gcc-lib/ppc-morphos/9.5.0/../../../../ppc-morphos/lib/libaboxstubs.a(SetAttrs.108.o)
                0x00041dac                SetAttrs
 .text          0x00041e18       0x6c /MOS3/Development/gg/bin/../lib/gcc-lib/ppc-morphos/9.5.0/../../../../ppc-morphos/lib/libaboxstubs.a(SetDTAttrs.8.o)
                0x00041e18                SetDTAttrs
 .text          0x00041e84       0x6c /MOS3/Development/gg/bin/../lib/gcc-lib/ppc-morphos/9.5.0/../../../../ppc-morphos/lib/libaboxstubs.a(URL_Open.7.o)
                0x00041e84                URL_Open
 .text          0x00041ef0       0x20 /MOS3/Development/gg/bin/../lib/gcc-lib/ppc-morphos/9.5.0/../../../../ppc-morphos/lib/libaboxstubs.a(Wait.43.o)
                0x00041ef0                Wait
 .text          0x00041f10       0x78 /MOS3/Development/gg/bin/../lib/gcc-lib/ppc-morphos/9.5.0/libnix/crtend.o
 .text          0x00041f88        0x0 /MOS3/Development/gg/bin/../lib/gcc-lib/ppc-morphos/9.5.0/libnix/ecrtn.o
 *(.text.*)
 .text.startup  0x00041f88      0xafc .obj_mos/Bourriquet.o
                0x00041f88                main
 *(.eh_frame*)
 .eh_frame      0x00042a84        0x0 /MOS3/Development/gg/bin/../lib/gcc-lib/ppc-morphos/9.5.0/../../../../ppc-morphos/lib/libnix/crt0i.o
 .eh_frame      0x00042a84        0x0 /MOS3/Development/gg/bin/../lib/gcc-lib/ppc-morphos/9.5.0/libnix/ecrti.o
                0x00042a84                __EH_FRAME_BEGIN__
 .eh_frame      0x00042a84      0x420 .obj_mos/Bourriquet.o
 .eh_frame      0x00042ea4      0x14c .obj_mos/Locale.o
 .eh_frame      0x00042ff0      0x9a8 .obj_mos/Debug.o
 .eh_frame      0x00043998      0x408 .obj_mos/MUIObjects.o
 .eh_frame      0x00043da0      0x8f8 .obj_mos/Utilities.o
 .eh_frame      0x00044698      0x3ec .obj_mos/Timer.o
 .eh_frame      0x00044a84      0x168 .obj_mos/MethodStack.o
 .eh_frame      0x00044bec      0x86c .obj_mos/Threads.o
 .eh_frame      0x00045458      0x6b8 .obj_mos/HashTable.o
 .eh_frame      0x00045b10      0x310 .obj_mos/ImageCache.o
 .eh_frame      0x00045e20       0xc4 .obj_mos/FileInfo.o
 .eh_frame      0x00045ee4       0xd0 .obj_mos/Requesters.o
 .eh_frame      0x00045fb4      0x24c .obj_mos/Themes.o
 .eh_frame      0x00046200      0x198 .obj_mos/ServerMet.o
 .eh_frame      0x00046398      0x1c4 .obj_mos/DashBoard.o
 .eh_frame      0x0004655c      0x1b0 .obj_mos/Config.o
 .eh_frame      0x0004670c      0x14c .obj_mos/Error.o
 .eh_frame      0x00046858       0x5c .obj_mos/hmac_md5.o
 .eh_frame      0x000468b4      0x188 .obj_mos/md5.o
 .eh_frame      0x00046a3c      0x264 .obj_mos/Lists.o
 .eh_frame      0x00046ca0      0x200 .obj_mos/MD4.o
 .eh_frame      0x00046ea0      0x168 .obj_mos/Share.o
 .eh_frame      0x00047008      0x258 .obj_mos/ServerList.o
 .eh_frame      0x00047260      0x26c .obj_mos/ShareList.o
 .eh_frame      0x000474cc      0x938 .obj_mos/mui/Classes.o
 .eh_frame      0x00047e04      0x1e8 .obj_mos/mui/SplashWindow.o
 .eh_frame      0x00047fec      0x374 .obj_mos/mui/BourriquetApplication.o
 .eh_frame      0x00048360      0x4a4 .obj_mos/mui/ImageArea.o
 .eh_frame      0x00048804       0xe8 .obj_mos/mui/AboutWindow.o
 .eh_frame      0x000488ec       0x6c .obj_mos/mui/ShutdownWindow.o
 .eh_frame      0x00048958      0x314 .obj_mos/mui/ServerList.o
 .eh_frame      0x00048c6c      0x168 .obj_mos/mui/GenericRequestWindow.o
 .eh_frame      0x00048dd4      0x10c .obj_mos/mui/MainWindow.o
 .eh_frame      0x00048ee0       0xac .obj_mos/mui/Log.o
 .eh_frame      0x00048f8c       0xac .obj_mos/mui/InfosServeur.o
 .eh_frame      0x00049038      0x168 .obj_mos/mui/ResearchList.o
 .eh_frame      0x000491a0      0x164 .obj_mos/mui/DownloadList.o
 .eh_frame      0x00049304      0x164 .obj_mos/mui/UploadList.o
 .eh_frame      0x00049468      0x178 .obj_mos/mui/SharedList.o
 .eh_frame      0x000495e0      0x190 .obj_mos/mui/ConfigPage.o
 .eh_frame      0x00049770      0x138 .obj_mos/mui/ThemeList.o
 .eh_frame      0x000498a8      0x1d8 .obj_mos/mui/ThemeListGroup.o
 .eh_frame      0x00049a80       0xc4 .obj_mos/mui/SharedPage.o
 .eh_frame      0x00049b44       0xd8 .obj_mos/mui/ResearchPage.o
 .eh_frame      0x00049c1c       0xd8 .obj_mos/mui/TransfertPage.o
 .eh_frame      0x00049cf4      0x1dc .obj_mos/mui/ServerPage.o
 .eh_frame      0x00049ed0      0x108 .obj_mos/mui/StatusBar.o
 .eh_frame      0x00049fd8      0x464 .obj_mos/extrasrc/AllocSysObject.o
 .eh_frame      0x0004a43c      0x124 .obj_mos/extrasrc/ExamineDir.o
 .eh_frame      0x0004a560       0x44 .obj_mos/extrasrc/GetHead.o
 .eh_frame      0x0004a5a4       0x44 .obj_mos/extrasrc/GetPred.o
 .eh_frame      0x0004a5e8       0x44 .obj_mos/extrasrc/GetSucc.o
 .eh_frame      0x0004a62c       0x44 .obj_mos/extrasrc/GetTail.o
 .eh_frame      0x0004a670       0x38 .obj_mos/extrasrc/ItemPoolAlloc.o
 .eh_frame      0x0004a6a8       0x44 .obj_mos/extrasrc/ItemPoolFree.o
 .eh_frame      0x0004a6ec       0x44 .obj_mos/extrasrc/MoveList.o
 .eh_frame      0x0004a730      0x294 .obj_mos/extrasrc/NewReadArgs.o
 .eh_frame      0x0004a9c4       0x4c .obj_mos/extrasrc/SetProcWindow.o
 .eh_frame      0x0004aa10       0x44 .obj_mos/extrasrc/asprintf.o
 .eh_frame      0x0004aa54       0x98 .obj_mos/extrasrc/getdelim.o
 .eh_frame      0x0004aaec       0x5c .obj_mos/extrasrc/memdup.o
 .eh_frame      0x0004ab48       0x64 .obj_mos/extrasrc/vasprintf.o
 .eh_frame      0x0004abac      0x2a8 .obj_mos/tcp/ConnectionProtocole.o
 .eh_frame      0x0004ae54      0x918 .obj_mos/tcp/Socket.o
 .eh_frame      0x0004b76c      0x394 .obj_mos/tcp/Parser.o
 .eh_frame      0x0004bb00       0x30 /MOS3/Development/gg/bin/../lib/gcc-lib/ppc-morphos/9.5.0/libnix/libgcc.a(_eprintf.o)
 .eh_frame      0x0004bb30        0x4 /MOS3/Development/gg/bin/../lib/gcc-lib/ppc-morphos/9.5.0/libnix/ecrtn.o
                0x0004bb30                __EH_FRAME_END__
 *(.text .stub .text.* .gnu.linkonce.t.*)
 *(.gnu.warning)
                [!provide]                PROVIDE (__text_end = .)
                [!provide]                PROVIDE (__text_size = SIZEOF (.text))

.glink          0x0004bb90        0x0
 .glink         0x0004bb90        0x0 /MOS3/Development/gg/bin/../lib/gcc-lib/ppc-morphos/9.5.0/../../../../ppc-morphos/lib/libnix/crt0i.o

.init           0x00000000       0x3c
 *(SORT_NONE(.init))
 .init          0x00000000        0xc /MOS3/Development/gg/bin/../lib/gcc-lib/ppc-morphos/9.5.0/libnix/ecrti.o
                0x00000000                __init
 .init          0x0000000c       0x10 /MOS3/Development/gg/bin/../lib/gcc-lib/ppc-morphos/9.5.0/libnix/crtbegin.o
 .init          0x0000001c       0x10 /MOS3/Development/gg/bin/../lib/gcc-lib/ppc-morphos/9.5.0/libnix/crtend.o
 .init          0x0000002c       0x10 /MOS3/Development/gg/bin/../lib/gcc-lib/ppc-morphos/9.5.0/libnix/ecrtn.o

.fini           0x00000000       0x2c
 *(SORT_NONE(.fini))
 .fini          0x00000000        0xc /MOS3/Development/gg/bin/../lib/gcc-lib/ppc-morphos/9.5.0/libnix/ecrti.o
                0x00000000                __fini
 .fini          0x0000000c       0x10 /MOS3/Development/gg/bin/../lib/gcc-lib/ppc-morphos/9.5.0/libnix/crtbegin.o
 .fini          0x0000001c       0x10 /MOS3/Development/gg/bin/../lib/gcc-lib/ppc-morphos/9.5.0/libnix/ecrtn.o
                [!provide]                PROVIDE (__etext = .)
                [!provide]                PROVIDE (_etext = .)
                [!provide]                PROVIDE (etext = .)

.rodata         0x00000000     0xa517
 *(.rodata .rodata.* .gnu.linkonce.r.*)
 .rodata        0x00000000       0x10 /MOS3/Development/gg/bin/../lib/gcc-lib/ppc-morphos/9.5.0/../../../../ppc-morphos/lib/libnix/crt0i.o
 .rodata.str1.4
                0x00000010      0x1c4 .obj_mos/Global.o
                                0x1c9 (size before relaxing)
 .rodata        0x000001d4       0x6e .obj_mos/Global.o
                0x000001d4                SecCodes
                0x000001e8                months
                0x00000218                wdays
 *fill*         0x00000242        0x2 
 .rodata.str1.4
                0x00000244      0xbe3 .obj_mos/Bourriquet.o
                                0xbf3 (size before relaxing)
 *fill*         0x00000e27        0x1 
 .rodata        0x00000e28      0x14e .obj_mos/Bourriquet.o
 *fill*         0x00000f76        0x2 
 .rodata.str1.4
                0x00000f78     0x13a4 .obj_mos/Locale.o
                               0x13bc (size before relaxing)
 .rodata        0x0000231c       0x39 .obj_mos/Locale.o
 *fill*         0x00002355        0x3 
 .rodata.str1.4
                0x00002358      0xac9 .obj_mos/Debug.o
                                0xb21 (size before relaxing)
 *fill*         0x00002e21        0x3 
 .rodata        0x00002e24      0x11a .obj_mos/Debug.o
 *fill*         0x00002f3e        0x2 
 .rodata.str1.4
                0x00002f40       0xef .obj_mos/MUIObjects.o
                                0x102 (size before relaxing)
 *fill*         0x0000302f        0x1 
 .rodata        0x00003030       0x8e .obj_mos/MUIObjects.o
 *fill*         0x000030be        0x2 
 .rodata.str1.4
                0x000030c0      0x24a .obj_mos/Utilities.o
                                0x29e (size before relaxing)
 *fill*         0x0000330a        0x2 
 .rodata.cst4   0x0000330c       0x10 .obj_mos/Utilities.o
 .rodata        0x0000331c      0x149 .obj_mos/Utilities.o
 *fill*         0x00003465        0x3 
 .rodata.str1.4
                0x00003468      0x13b .obj_mos/Timer.o
                                0x14b (size before relaxing)
 *fill*         0x000035a3        0x1 
 .rodata        0x000035a4       0xe0 .obj_mos/Timer.o
 .rodata.str1.4
                0x00003684       0x17 .obj_mos/MethodStack.o
                                 0x27 (size before relaxing)
 *fill*         0x0000369b        0x1 
 .rodata        0x0000369c       0x6f .obj_mos/MethodStack.o
 *fill*         0x0000370b        0x1 
 .rodata.str1.4
                0x0000370c      0x581 .obj_mos/Threads.o
                                0x5b1 (size before relaxing)
 *fill*         0x00003c8d        0x3 
 .rodata        0x00003c90      0x1e3 .obj_mos/Threads.o
 *fill*         0x00003e73        0x1 
 .rodata.str1.4
                0x00003e74       0x60 .obj_mos/HashTable.o
                                 0x6f (size before relaxing)
 .rodata.cst4   0x00003ed4       0x10 .obj_mos/HashTable.o
                                 0x14 (size before relaxing)
 .rodata        0x00003ee4      0x1ef .obj_mos/HashTable.o
 *fill*         0x000040d3        0x1 
 .rodata.str1.4
                0x000040d4      0x5e2 .obj_mos/ImageCache.o
                                0x5f6 (size before relaxing)
 *fill*         0x000046b6        0x2 
 .rodata        0x000046b8       0xc7 .obj_mos/ImageCache.o
 *fill*         0x0000477f        0x1 
 .rodata.str1.4
                0x00004780       0x90 .obj_mos/FileInfo.o
                                 0x98 (size before relaxing)
 .rodata        0x00004810       0x1b .obj_mos/FileInfo.o
 *fill*         0x0000482b        0x1 
 .rodata.str1.4
                0x0000482c       0x3a .obj_mos/Requesters.o
                                 0x42 (size before relaxing)
 *fill*         0x00004866        0x2 
 .rodata        0x00004868       0x2d .obj_mos/Requesters.o
 *fill*         0x00004895        0x3 
 .rodata.str1.4
                0x00004898      0x4a5 .obj_mos/Themes.o
                                0x4f5 (size before relaxing)
 *fill*         0x00004d3d        0x3 
 .rodata        0x00004d40       0xda .obj_mos/Themes.o
 *fill*         0x00004e1a        0x2 
 .rodata.str1.4
                0x00004e1c      0x5c4 .obj_mos/ServerMet.o
                                0x5cc (size before relaxing)
 .rodata        0x000053e0       0x13 .obj_mos/ServerMet.o
 *fill*         0x000053f3        0x1 
 .rodata.str1.4
                0x000053f4      0x14f .obj_mos/DashBoard.o
                                0x173 (size before relaxing)
 *fill*         0x00005543        0x1 
 .rodata        0x00005544       0x5f .obj_mos/DashBoard.o
 *fill*         0x000055a3        0x1 
 .rodata.str1.4
                0x000055a4      0x24c .obj_mos/Config.o
                                0x264 (size before relaxing)
 .rodata        0x000057f0       0x56 .obj_mos/Config.o
 *fill*         0x00005846        0x2 
 .rodata.str1.4
                0x00005848       0xc2 .obj_mos/Error.o
                                 0xfe (size before relaxing)
 *fill*         0x0000590a        0x2 
 .rodata        0x0000590c       0x3e .obj_mos/Error.o
 *fill*         0x0000594a        0x2 
 .rodata.str1.4
                0x0000594c       0xce .obj_mos/Lists.o
 *fill*         0x00005a1a        0x2 
 .rodata.str1.4
                0x00005a1c      0x103 .obj_mos/Share.o
                                0x123 (size before relaxing)
 .rodata.str1.4
                0x00005b1f      0x103 .obj_mos/ServerList.o
                                 0x1f (size before relaxing)
 *fill*         0x00005b1f        0x1 
 .rodata        0x00005b20       0xc9 .obj_mos/ServerList.o
 *fill*         0x00005be9        0x3 
 .rodata.str1.4
                0x00005bec        0xc .obj_mos/ShareList.o
                                 0x1b (size before relaxing)
 .rodata        0x00005bf8       0xb8 .obj_mos/ShareList.o
 .rodata.str1.4
                0x00005cb0      0x2ce .obj_mos/mui/Classes.o
                                0x416 (size before relaxing)
 *fill*         0x00005f7e        0x2 
 .rodata        0x00005f80      0x2b4 .obj_mos/mui/Classes.o
                0x00005f98                MCCInfo
 .rodata.str1.4
                0x00006234      0x138 .obj_mos/mui/SplashWindow.o
                                0x184 (size before relaxing)
 .rodata        0x0000636c       0x56 .obj_mos/mui/SplashWindow.o
 *fill*         0x000063c2        0x2 
 .rodata.str1.4
                0x000063c4       0xb8 .obj_mos/mui/BourriquetApplication.o
                                0x113 (size before relaxing)
 .rodata        0x0000647c      0x16c .obj_mos/mui/BourriquetApplication.o
 .rodata.str1.4
                0x000065e8      0x3f1 .obj_mos/mui/ImageArea.o
                                0x3f9 (size before relaxing)
 *fill*         0x000069d9        0x3 
 .rodata.cst4   0x000069dc        0x8 .obj_mos/mui/ImageArea.o
 .rodata        0x000069e4       0xce .obj_mos/mui/ImageArea.o
 *fill*         0x00006ab2        0x2 
 .rodata.str1.4
                0x00006ab4      0x11d .obj_mos/mui/AboutWindow.o
                                0x19a (size before relaxing)
 *fill*         0x00006bd1        0x3 
 .rodata        0x00006bd4       0x31 .obj_mos/mui/AboutWindow.o
 *fill*         0x00006c05        0x3 
 .rodata.str1.4
                0x00006c08       0x15 .obj_mos/mui/ShutdownWindow.o
                                 0x52 (size before relaxing)
 *fill*         0x00006c1d        0x3 
 .rodata        0x00006c20       0x18 .obj_mos/mui/ShutdownWindow.o
 .rodata.str1.4
                0x00006c38      0x29a .obj_mos/mui/ServerList.o
                                0x2f2 (size before relaxing)
 *fill*         0x00006ed2        0x2 
 .rodata        0x00006ed4       0xd4 .obj_mos/mui/ServerList.o
 .rodata.str1.4
                0x00006fa8       0x5a .obj_mos/mui/GenericRequestWindow.o
                                 0xa2 (size before relaxing)
 *fill*         0x00007002        0x2 
 .rodata        0x00007004       0x67 .obj_mos/mui/GenericRequestWindow.o
 *fill*         0x0000706b        0x1 
 .rodata.str1.4
                0x0000706c       0x11 .obj_mos/mui/MainWindow.o
 *fill*         0x0000707d        0x3 
 .rodata        0x00007080       0x66 .obj_mos/mui/MainWindow.o
 *fill*         0x000070e6        0x2 
 .rodata.str1.4
                0x000070e8        0xa .obj_mos/mui/Log.o
 *fill*         0x000070f2        0x2 
 .rodata        0x000070f4       0x29 .obj_mos/mui/Log.o
 *fill*         0x0000711d        0x3 
 .rodata.str1.4
                0x00007120       0x13 .obj_mos/mui/InfosServeur.o
 *fill*         0x00007133        0x1 
 .rodata        0x00007134       0x3a .obj_mos/mui/InfosServeur.o
 *fill*         0x0000716e        0x2 
 .rodata.str1.4
                0x00007170       0x13 .obj_mos/mui/ResearchList.o
                                 0x2f (size before relaxing)
 *fill*         0x00007183        0x1 
 .rodata        0x00007184       0xa4 .obj_mos/mui/ResearchList.o
 .rodata.str1.4
                0x00007228       0x13 .obj_mos/mui/DownloadList.o
                                 0x2f (size before relaxing)
 *fill*         0x0000723b        0x1 
 .rodata        0x0000723c       0x9c .obj_mos/mui/DownloadList.o
 .rodata.str1.4
                0x000072d8       0x11 .obj_mos/mui/UploadList.o
                                 0x2f (size before relaxing)
 *fill*         0x000072e9        0x3 
 .rodata        0x000072ec       0x84 .obj_mos/mui/UploadList.o
 .rodata.str1.4
                0x00007370       0x11 .obj_mos/mui/SharedList.o
                                 0x33 (size before relaxing)
 *fill*         0x00007381        0x3 
 .rodata        0x00007384       0x88 .obj_mos/mui/SharedList.o
 .rodata.str1.4
                0x0000740c       0xee .obj_mos/mui/ConfigPage.o
                                0x1de (size before relaxing)
 *fill*         0x000074fa        0x2 
 .rodata        0x000074fc       0x7a .obj_mos/mui/ConfigPage.o
 *fill*         0x00007576        0x2 
 .rodata.str1.4
                0x00007578       0x10 .obj_mos/mui/ThemeList.o
                                 0x1f (size before relaxing)
 .rodata        0x00007588       0x97 .obj_mos/mui/ThemeList.o
 *fill*         0x0000761f        0x1 
 .rodata.str1.4
                0x00007620      0x19b .obj_mos/mui/ThemeListGroup.o
                                0x20b (size before relaxing)
 *fill*         0x000077bb        0x1 
 .rodata        0x000077bc       0x73 .obj_mos/mui/ThemeListGroup.o
 *fill*         0x0000782f        0x1 
 .rodata.str1.4
                0x00007830       0x11 .obj_mos/mui/SharedPage.o
                                 0x92 (size before relaxing)
 *fill*         0x00007841        0x3 
 .rodata        0x00007844       0x28 .obj_mos/mui/SharedPage.o
 .rodata.str1.4
                0x0000786c      0x293 .obj_mos/mui/ResearchPage.o
                                0x33a (size before relaxing)
 *fill*         0x00007aff        0x1 
 .rodata        0x00007b00       0x2e .obj_mos/mui/ResearchPage.o
 *fill*         0x00007b2e        0x2 
 .rodata.str1.4
                0x00007b30       0x21 .obj_mos/mui/TransfertPage.o
                                 0xca (size before relaxing)
 *fill*         0x00007b51        0x3 
 .rodata        0x00007b54       0x2f .obj_mos/mui/TransfertPage.o
 *fill*         0x00007b83        0x1 
 .rodata.str1.4
                0x00007b84      0x11a .obj_mos/mui/ServerPage.o
                                0x1fa (size before relaxing)
 *fill*         0x00007c9e        0x2 
 .rodata        0x00007ca0       0x87 .obj_mos/mui/ServerPage.o
 *fill*         0x00007d27        0x1 
 .rodata.str1.4
                0x00007d28       0x10 .obj_mos/mui/StatusBar.o
                                 0x5e (size before relaxing)
 .rodata        0x00007d38       0x3b .obj_mos/mui/StatusBar.o
 *fill*         0x00007d73        0x1 
 .rodata.str1.4
                0x00007d74       0x65 .obj_mos/extrasrc/AllocSysObject.o
 *fill*         0x00007dd9        0x3 
 .rodata.str1.4
                0x00007ddc       0x16 .obj_mos/extrasrc/ExamineDir.o
 *fill*         0x00007df2        0x2 
 .rodata        0x00007df4       0x33 .obj_mos/extrasrc/ExamineDir.o
 *fill*         0x00007e27        0x1 
 .rodata.str1.4
                0x00007e28      0x119 .obj_mos/extrasrc/NewReadArgs.o
                                0x129 (size before relaxing)
 *fill*         0x00007f41        0x3 
 .rodata        0x00007f44       0x28 .obj_mos/extrasrc/NewReadArgs.o
 .rodata.str1.4
                0x00007f6c       0x19 .obj_mos/extrasrc/SetProcWindow.o
 *fill*         0x00007f85        0x3 
 .rodata        0x00007f88        0xe .obj_mos/extrasrc/SetProcWindow.o
 *fill*         0x00007f96        0x2 
 .rodata.str1.4
                0x00007f98       0x35 .obj_mos/extrasrc/getdelim.o
 *fill*         0x00007fcd        0x3 
 .rodata        0x00007fd0        0x9 .obj_mos/extrasrc/getdelim.o
 *fill*         0x00007fd9        0x3 
 .rodata.str1.4
                0x00007fdc      0x276 .obj_mos/tcp/ConnectionProtocole.o
                                0x28e (size before relaxing)
 *fill*         0x00008252        0x2 
 .rodata        0x00008254       0x25 .obj_mos/tcp/ConnectionProtocole.o
 *fill*         0x00008279        0x3 
 .rodata.str1.4
                0x0000827c     0x1867 .obj_mos/tcp/Socket.o
                               0x18c3 (size before relaxing)
 *fill*         0x00009ae3        0x1 
 .rodata        0x00009ae4        0x6 .obj_mos/tcp/Socket.o
 *fill*         0x00009aea        0x2 
 .rodata.str1.4
                0x00009aec      0x736 .obj_mos/tcp/Parser.o
                                0x74e (size before relaxing)
 *fill*         0x0000a222        0x2 
 .rodata        0x0000a224        0x3 .obj_mos/tcp/Parser.o
 *fill*         0x0000a227        0x1 
 .rodata        0x0000a228       0x12 /MOS3/Development/gg/bin/../lib/gcc-lib/ppc-morphos/9.5.0/../../../../ppc-morphos/lib/libnix/libc.a(open.o)
 *fill*         0x0000a23a        0x2 
 .rodata        0x0000a23c      0x104 /MOS3/Development/gg/bin/../lib/gcc-lib/ppc-morphos/9.5.0/../../../../ppc-morphos/lib/libnix/libc.a(_ctype_.o)
                0x0000a23c                __ctype
 .rodata        0x0000a340       0x11 /MOS3/Development/gg/bin/../lib/gcc-lib/ppc-morphos/9.5.0/../../../../ppc-morphos/lib/libnix/libc.a(abort.o)
 *fill*         0x0000a351        0x3 
 .rodata        0x0000a354        0xd /MOS3/Development/gg/bin/../lib/gcc-lib/ppc-morphos/9.5.0/../../../../ppc-morphos/lib/libnix/libc.a(gettimeofday.o)
 *fill*         0x0000a361        0x7 
 .rodata        0x0000a368      0x178 /MOS3/Development/gg/bin/../lib/gcc-lib/ppc-morphos/9.5.0/../../../../ppc-morphos/lib/libnix/libc.a(printfshared.o)
 .rodata        0x0000a4e0        0xa /MOS3/Development/gg/bin/../lib/gcc-lib/ppc-morphos/9.5.0/../../../../ppc-morphos/lib/libnix/libc.a(raise.o)
 *fill*         0x0000a4ea        0x2 
 .rodata        0x0000a4ec        0x2 /MOS3/Development/gg/bin/../lib/gcc-lib/ppc-morphos/9.5.0/../../../../ppc-morphos/lib/libnix/libc.a(__decimalpoint.o)
 *fill*         0x0000a4ee        0x2 
 .rodata        0x0000a4f0       0x27 /MOS3/Development/gg/bin/../lib/gcc-lib/ppc-morphos/9.5.0/../../../../ppc-morphos/lib/libnix/libc.a(timezone.o)

.rodata1
 *(.rodata1)

.sdata2         0x00056107        0x0
 *(.sdata2 .sdata2.* .gnu.linkonce.s2.*)
 .sdata2        0x00056107        0x0 /MOS3/Development/gg/bin/../lib/gcc-lib/ppc-morphos/9.5.0/../../../../ppc-morphos/lib/libnix/crt0i.o
 .sdata2        0x00056107        0x0 /MOS3/Development/gg/bin/../lib/gcc-lib/ppc-morphos/9.5.0/libnix/ecrti.o
 .sdata2        0x00056107        0x0 /MOS3/Development/gg/bin/../lib/gcc-lib/ppc-morphos/9.5.0/libnix/ecrtn.o

.sbss2          0x00056107        0x0
 *(.sbss2 .sbss2.* .gnu.linkonce.sb2.*)
 .sbss2         0x00056107        0x0 /MOS3/Development/gg/bin/../lib/gcc-lib/ppc-morphos/9.5.0/libnix/ecrti.o
 .sbss2         0x00056107        0x0 /MOS3/Development/gg/bin/../lib/gcc-lib/ppc-morphos/9.5.0/libnix/ecrtn.o

.gcc_except_table
 *(.gcc_except_table .gcc_except_table.*)

.exception_ranges
 *(.exception_ranges .exception_ranges*)
                0x0005c20e                . = (ALIGN (0x0) + (. & 0xffff))

.gcc_except_table
                0x0005c20e        0x0
 *(.gcc_except_table .gcc_except_table.*)
 .gcc_except_table
                0x0005c20e        0x0 /MOS3/Development/gg/bin/../lib/gcc-lib/ppc-morphos/9.5.0/libnix/ecrti.o
 .gcc_except_table
                0x0005c20e        0x0 /MOS3/Development/gg/bin/../lib/gcc-lib/ppc-morphos/9.5.0/libnix/ecrtn.o

.exception_ranges
 *(.exception_ranges .exception_ranges*)

.tdata
 *(.tdata .tdata.* .gnu.linkonce.td.*)

.tbss
 *(.tbss .tbss.* .gnu.linkonce.tb.*)
 *(.tcommon)

.preinit_array  0x0005c20e        0x0
                [!provide]                PROVIDE (__preinit_array_start = .)
 *(.preinit_array)
                [!provide]                PROVIDE (__preinit_array_end = .)

.init_array     0x0005c20e        0x0
                [!provide]                PROVIDE (__init_array_start = .)
 *(SORT_BY_NAME(.init_array.*))
 *(.init_array)
                [!provide]                PROVIDE (__init_array_end = .)

.fini_array     0x0005c20e        0x0
                [!provide]                PROVIDE (__fini_array_start = .)
 *(SORT_BY_NAME(.fini_array.*))
 *(.fini_array)
                [!provide]                PROVIDE (__fini_array_end = .)

.ctors          0x00000000        0x8
 *crtbegin.o(.ctors)
 .ctors         0x00000000        0x4 /MOS3/Development/gg/bin/../lib/gcc-lib/ppc-morphos/9.5.0/libnix/crtbegin.o
 *crtbegin?.o(.ctors)
 *(EXCLUDE_FILE(*crtend?.o *crtend.o) .ctors)
 .ctors         0x00000004        0x0 /MOS3/Development/gg/bin/../lib/gcc-lib/ppc-morphos/9.5.0/libnix/ecrti.o
                0x00000004                __CTOR_LIST__
 .ctors         0x00000004        0x0 /MOS3/Development/gg/bin/../lib/gcc-lib/ppc-morphos/9.5.0/libnix/ecrtn.o
                0x00000004                __CTOR_END__
 *(SORT_BY_NAME(.ctors.*))
 *(.ctors)
 .ctors         0x00000004        0x4 /MOS3/Development/gg/bin/../lib/gcc-lib/ppc-morphos/9.5.0/libnix/crtend.o

.dtors          0x00000000        0x8
 *crtbegin.o(.dtors)
 .dtors         0x00000000        0x4 /MOS3/Development/gg/bin/../lib/gcc-lib/ppc-morphos/9.5.0/libnix/crtbegin.o
 *crtbegin?.o(.dtors)
 *(EXCLUDE_FILE(*crtend?.o *crtend.o) .dtors)
 .dtors         0x00000004        0x0 /MOS3/Development/gg/bin/../lib/gcc-lib/ppc-morphos/9.5.0/libnix/ecrti.o
                0x00000004                __DTOR_LIST__
 .dtors         0x00000004        0x0 /MOS3/Development/gg/bin/../lib/gcc-lib/ppc-morphos/9.5.0/libnix/ecrtn.o
 *(SORT_BY_NAME(.dtors.*))
 *(.dtors)
 .dtors         0x00000004        0x4 /MOS3/Development/gg/bin/../lib/gcc-lib/ppc-morphos/9.5.0/libnix/crtend.o
                0x00000004                __DTOR_END__

.jcr
 *(.jcr)

.data.rel.ro
 *(.data.rel.ro.local* .gnu.linkonce.d.rel.ro.local.*)
 *(.data.rel.ro .data.rel.ro.* .gnu.linkonce.d.rel.ro.*)

.dynamic
 *(.dynamic)

.data           0x00000000      0xbc8
                [!provide]                PROVIDE (__data_start = .)
 *(.data .data.* .gnu.linkonce.d.*)
 .data          0x00000000        0x0 /MOS3/Development/gg/bin/../lib/gcc-lib/ppc-morphos/9.5.0/../../../../ppc-morphos/lib/libnix/crt0i.o
 .data          0x00000000        0x0 /MOS3/Development/gg/bin/../lib/gcc-lib/ppc-morphos/9.5.0/libnix/ecrti.o
 .data          0x00000000        0x4 /MOS3/Development/gg/bin/../lib/gcc-lib/ppc-morphos/9.5.0/libnix/crtbegin.o
                0x00000000                __dso_handle
 .data          0x00000004        0x0 .obj_mos/Global.o
 .data          0x00000004        0x4 .obj_mos/Bourriquet.o
 .data          0x00000008      0x96c .obj_mos/Locale.o
                0x00000008                Bourriquet_Strings
 .data          0x00000974        0xc .obj_mos/Debug.o
 .data          0x00000980       0x3c .obj_mos/MUIObjects.o
                0x00000980                PO_WindowHook
                0x00000994                FilereqStopHook
                0x000009a8                FilereqStartHook
 .data          0x000009bc       0x14 .obj_mos/Utilities.o
                0x000009bc                DisposeModuleHook
 .data          0x000009d0        0x0 .obj_mos/Timer.o
 .data          0x000009d0        0x0 .obj_mos/MethodStack.o
 .data          0x000009d0        0x0 .obj_mos/Threads.o
 .data          0x000009d0        0x0 .obj_mos/HashTable.o
 .data          0x000009d0        0x0 .obj_mos/ImageCache.o
 .data          0x000009d0        0x0 .obj_mos/FileInfo.o
 .data          0x000009d0        0x0 .obj_mos/Requesters.o
 .data          0x000009d0        0x0 .obj_mos/Themes.o
 .data          0x000009d0        0x0 .obj_mos/ServerMet.o
 .data          0x000009d0       0x50 .obj_mos/DashBoard.o
                0x000009d0                MA_ConnectNowHook
                0x000009e4                MA_ConnectCancelNowHook
                0x000009f8                MA_DisConnectNowHook
                0x00000a0c                MA_ChangePageHook
 .data          0x00000a20        0x0 .obj_mos/Config.o
 .data          0x00000a20       0x14 .obj_mos/Error.o
 .data          0x00000a34        0x0 .obj_mos/hmac_md5.o
 .data          0x00000a34        0x0 .obj_mos/md5.o
 .data          0x00000a34        0x0 .obj_mos/Lists.o
 .data          0x00000a34       0x40 .obj_mos/MD4.o
                0x00000a34                PADDING
 .data          0x00000a74        0x0 .obj_mos/Share.o
 .data          0x00000a74        0x0 .obj_mos/ServerList.o
 .data          0x00000a74        0x0 .obj_mos/ShareList.o
 .data          0x00000a74        0x0 .obj_mos/mui/Classes.o
 .data          0x00000a74        0x0 .obj_mos/mui/SplashWindow.o
 .data          0x00000a74        0x0 .obj_mos/mui/BourriquetApplication.o
 .data          0x00000a74        0x0 .obj_mos/mui/ImageArea.o
 .data          0x00000a74        0x0 .obj_mos/mui/AboutWindow.o
 .data          0x00000a74        0x0 .obj_mos/mui/ShutdownWindow.o
 .data          0x00000a74        0x0 .obj_mos/mui/ServerList.o
 .data          0x00000a74        0x0 .obj_mos/mui/GenericRequestWindow.o
 .data          0x00000a74        0x0 .obj_mos/mui/MainWindow.o
 .data          0x00000a74        0x0 .obj_mos/mui/Log.o
 .data          0x00000a74        0x0 .obj_mos/mui/InfosServeur.o
 .data          0x00000a74        0x0 .obj_mos/mui/ResearchList.o
 .data          0x00000a74        0x0 .obj_mos/mui/DownloadList.o
 .data          0x00000a74        0x0 .obj_mos/mui/UploadList.o
 .data          0x00000a74        0x0 .obj_mos/mui/SharedList.o
 .data          0x00000a74        0x0 .obj_mos/mui/ConfigPage.o
 .data          0x00000a74        0x0 .obj_mos/mui/ThemeList.o
 .data          0x00000a74        0x0 .obj_mos/mui/ThemeListGroup.o
 .data          0x00000a74        0x0 .obj_mos/mui/SharedPage.o
 .data          0x00000a74        0x0 .obj_mos/mui/ResearchPage.o
 .data          0x00000a74        0x0 .obj_mos/mui/TransfertPage.o
 .data          0x00000a74        0x0 .obj_mos/mui/ServerPage.o
 .data          0x00000a74        0x0 .obj_mos/mui/StatusBar.o
 .data          0x00000a74        0x0 .obj_mos/extrasrc/AllocSysObject.o
 .data          0x00000a74        0x0 .obj_mos/extrasrc/ExamineDir.o
 .data          0x00000a74        0x0 .obj_mos/extrasrc/GetHead.o
 .data          0x00000a74        0x0 .obj_mos/extrasrc/GetPred.o
 .data          0x00000a74        0x0 .obj_mos/extrasrc/GetSucc.o
 .data          0x00000a74        0x0 .obj_mos/extrasrc/GetTail.o
 .data          0x00000a74        0x0 .obj_mos/extrasrc/ItemPoolAlloc.o
 .data          0x00000a74        0x0 .obj_mos/extrasrc/ItemPoolFree.o
 .data          0x00000a74        0x0 .obj_mos/extrasrc/MoveList.o
 .data          0x00000a74        0x0 .obj_mos/extrasrc/NewReadArgs.o
 .data          0x00000a74        0x0 .obj_mos/extrasrc/SetProcWindow.o
 .data          0x00000a74        0x0 .obj_mos/extrasrc/asprintf.o
 .data          0x00000a74        0x0 .obj_mos/extrasrc/getdelim.o
 .data          0x00000a74        0x0 .obj_mos/extrasrc/memdup.o
 .data          0x00000a74        0x0 .obj_mos/extrasrc/vasprintf.o
 .data          0x00000a74        0x0 .obj_mos/tcp/ConnectionProtocole.o
 .data          0x00000a74        0x0 .obj_mos/tcp/Socket.o
 .data          0x00000a74        0x0 .obj_mos/tcp/Parser.o
 .data          0x00000a74        0x0 /MOS3/Development/gg/bin/../lib/gcc-lib/ppc-morphos/9.5.0/../../../libcodesets.a(CodesetsListDelete.o)
 .data          0x00000a74        0x0 /MOS3/Development/gg/bin/../lib/gcc-lib/ppc-morphos/9.5.0/../../../libcodesets.a(CodesetsUTF8ToStr.o)
 .data          0x00000a74        0x0 /MOS3/Development/gg/bin/../lib/gcc-lib/ppc-morphos/9.5.0/libnix/libgcc.a(_eprintf.o)
 .data          0x00000a74        0x0 /MOS3/Development/gg/bin/../lib/gcc-lib/ppc-morphos/9.5.0/../../../../ppc-morphos/lib/libnix/libc.a(__nocommandline.o)
 .data          0x00000a74        0x0 /MOS3/Development/gg/bin/../lib/gcc-lib/ppc-morphos/9.5.0/../../../../ppc-morphos/lib/libnix/libc.a(printf.o)
 .data          0x00000a74        0x0 /MOS3/Development/gg/bin/../lib/gcc-lib/ppc-morphos/9.5.0/../../../../ppc-morphos/lib/libnix/libc.a(vfprintf.o)
 .data          0x00000a74        0x0 /MOS3/Development/gg/bin/../lib/gcc-lib/ppc-morphos/9.5.0/../../../../ppc-morphos/lib/libnix/libc.a(vprintf.o)
 .data          0x00000a74        0x0 /MOS3/Development/gg/bin/../lib/gcc-lib/ppc-morphos/9.5.0/../../../../ppc-morphos/lib/libnix/libc.a(__stdio.o)
 .data          0x00000a74        0xc /MOS3/Development/gg/bin/../lib/gcc-lib/ppc-morphos/9.5.0/../../../../ppc-morphos/lib/libnix/libc.a(fopen.o)
                0x00000a74                __filelist
 .data          0x00000a80        0x0 /MOS3/Development/gg/bin/../lib/gcc-lib/ppc-morphos/9.5.0/../../../../ppc-morphos/lib/libnix/libc.a(calloc.o)
 .data          0x00000a80        0x0 /MOS3/Development/gg/bin/../lib/gcc-lib/ppc-morphos/9.5.0/../../../../ppc-morphos/lib/libnix/libc.a(malloc.o)
 .data          0x00000a80        0x0 /MOS3/Development/gg/bin/../lib/gcc-lib/ppc-morphos/9.5.0/../../../../ppc-morphos/lib/libnix/libc.a(freopen.o)
 .data          0x00000a80        0x0 /MOS3/Development/gg/bin/../lib/gcc-lib/ppc-morphos/9.5.0/../../../../ppc-morphos/lib/libnix/libc.a(free.o)
 .data          0x00000a80        0x0 /MOS3/Development/gg/bin/../lib/gcc-lib/ppc-morphos/9.5.0/../../../../ppc-morphos/lib/libnix/libc.a(errno.o)
 .data          0x00000a80        0x0 /MOS3/Development/gg/bin/../lib/gcc-lib/ppc-morphos/9.5.0/../../../../ppc-morphos/lib/libnix/libc.a(__fflush.o)
 .data          0x00000a80        0x0 /MOS3/Development/gg/bin/../lib/gcc-lib/ppc-morphos/9.5.0/../../../../ppc-morphos/lib/libnix/libc.a(open.o)
 .data          0x00000a80        0x0 /MOS3/Development/gg/bin/../lib/gcc-lib/ppc-morphos/9.5.0/../../../../ppc-morphos/lib/libnix/libc.a(__isatty.o)
 .data          0x00000a80       0xdc /MOS3/Development/gg/bin/../lib/gcc-lib/ppc-morphos/9.5.0/../../../../ppc-morphos/lib/libnix/libc.a(__seterrno.o)
 .data          0x00000b5c        0x0 /MOS3/Development/gg/bin/../lib/gcc-lib/ppc-morphos/9.5.0/../../../../ppc-morphos/lib/libnix/libc.a(_ctype_.o)
 .data          0x00000b5c        0x0 /MOS3/Development/gg/bin/../lib/gcc-lib/ppc-morphos/9.5.0/../../../../ppc-morphos/lib/libnix/libc.a(fputc.o)
 .data          0x00000b5c        0x0 /MOS3/Development/gg/bin/../lib/gcc-lib/ppc-morphos/9.5.0/../../../../ppc-morphos/lib/libnix/libc.a(__swbuf.o)
 .data          0x00000b5c        0x0 /MOS3/Development/gg/bin/../lib/gcc-lib/ppc-morphos/9.5.0/../../../../ppc-morphos/lib/libnix/libc.a(realloc.o)
 .data          0x00000b5c       0x18 /MOS3/Development/gg/bin/../lib/gcc-lib/ppc-morphos/9.5.0/../../../../ppc-morphos/lib/libnix/libc.a(__signalfunc.o)
                0x00000b5c                __signalfunc
 .data          0x00000b74        0x0 /MOS3/Development/gg/bin/../lib/gcc-lib/ppc-morphos/9.5.0/../../../../ppc-morphos/lib/libnix/libc.a(__srget.o)
 .data          0x00000b74        0x0 /MOS3/Development/gg/bin/../lib/gcc-lib/ppc-morphos/9.5.0/../../../../ppc-morphos/lib/libnix/libc.a(isspace.o)
 .data          0x00000b74        0x0 /MOS3/Development/gg/bin/../lib/gcc-lib/ppc-morphos/9.5.0/../../../../ppc-morphos/lib/libnix/libc.a(memset.o)
 .data          0x00000b74        0x0 /MOS3/Development/gg/bin/../lib/gcc-lib/ppc-morphos/9.5.0/../../../../ppc-morphos/lib/libnix/libc.a(time.o)
 .data          0x00000b74        0x0 /MOS3/Development/gg/bin/../lib/gcc-lib/ppc-morphos/9.5.0/../../../../ppc-morphos/lib/libnix/libc.a(fread.o)
 .data          0x00000b74        0x0 /MOS3/Development/gg/bin/../lib/gcc-lib/ppc-morphos/9.5.0/../../../../ppc-morphos/lib/libnix/libc.a(ftell.o)
 .data          0x00000b74        0x0 /MOS3/Development/gg/bin/../lib/gcc-lib/ppc-morphos/9.5.0/../../../../ppc-morphos/lib/libnix/libc.a(fseek.o)
 .data          0x00000b74        0x0 /MOS3/Development/gg/bin/../lib/gcc-lib/ppc-morphos/9.5.0/../../../../ppc-morphos/lib/libnix/libc.a(fwrite.o)
 .data          0x00000b74        0x0 /MOS3/Development/gg/bin/../lib/gcc-lib/ppc-morphos/9.5.0/../../../../ppc-morphos/lib/libnix/libc.a(abort.o)
 .data          0x00000b74        0x0 /MOS3/Development/gg/bin/../lib/gcc-lib/ppc-morphos/9.5.0/../../../../ppc-morphos/lib/libnix/libc.a(atexit.o)
 .data          0x00000b74        0x0 /MOS3/Development/gg/bin/../lib/gcc-lib/ppc-morphos/9.5.0/../../../../ppc-morphos/lib/libnix/libc.a(atoi.o)